<html>
<body>
<pre>
<h1>礦ision Build Log</h1>
<h2>Project:</h2>
G:\百为stm32开发板光盘\st官方demo程序\um0549\Demo\project\RVMDK\STM3210E-EVAL_Demo.uvproj
Project File Date:  05/04/2014

<h2>Output:</h2>
Load "G:\\百为stm32开发板光盘\\st官方demo程序\\um0549\\Demo\\project\\RVMDK\\Obj\\BOOT_FLASH.AXF" 
* JLink Info: Device "STM32F103ZE" selected (512 KB flash, 64 KB RAM).
Set JLink Project File to "G:\百为stm32开发板光盘\st官方demo程序\um0549\Demo\project\RVMDK\JLinkSettings.ini"
 
JLink info:
------------
DLL: V4.40c, compiled Jan 24 2012 09:30:33
Firmware: J-Link ARM V8 compiled Jan 31 2018 18:34:52
Hardware: V8.00
S/N : 20080643 
Feature(s) : RDI,FlashDL,FlashBP,JFlash,GDBFull 
 
* JLink Info: TotalIRLen = 9, IRPrint = 0x0011
* JLink Info: Found Cortex-M3 r1p1, Little endian.
* JLink Info: TPIU fitted.
* JLink Info: ETM fitted.
* JLink Info:   FPUnit: 6 code (BP) slots and 2 literal slots
ROMTableAddr = 0xE00FF003
* JLink Info: TotalIRLen = 9, IRPrint = 0x0011
* JLink Info: Found Cortex-M3 r1p1, Little endian.
* JLink Info: TPIU fitted.
* JLink Info: ETM fitted.
* JLink Info:   FPUnit: 6 code (BP) slots and 2 literal slots
* JLink Info: Found Cortex-M3 r1p1, Little endian.
* JLink Info: TPIU fitted.
* JLink Info: ETM fitted.
* JLink Info:   FPUnit: 6 code (BP) slots and 2 literal slots
 
Target info:
------------
Device: STM32F103ZE
VTarget = 3.287V
State of Pins: 
TCK: 1, TDI: 0, TDO: 1, TMS: 0, TRES: 1, TRST: 1
Hardware-Breakpoints: 6
Software-Breakpoints: 8192
Watchpoints:          4
JTAG speed: 2000 kHz
 
Erase Done.
Programming Done.
Verify OK.
Rebuild target 'STM3210E-EVAL_Demo'
compiling stm32f10x_it.c...
compiling main.c...
compiling menu.c...
compiling calendar.c...
compiling lcd.c...
compiling hw_config.c...
compiling usb_desc.c...
compiling usb_istr.c...
compiling usb_prop.c...
compiling usb_pwr.c...
compiling i2s_codec.c...
compiling waveplayer.c...
compiling fsmc_nor.c...
compiling lowpower.c...
compiling tsensor.c...
compiling mass_storage.c...
compiling fsmc_nand.c...
compiling mass_mal.c...
compiling memory.c...
compiling nand_if.c...
compiling scsi_data.c...
compiling sdcard.c...
compiling usb_bot.c...
compiling usb_endp.c...
compiling usb_scsi.c...
compiling smartcard.c...
compiling stm32f10x_usart.c...
compiling stm32f10x_tim.c...
compiling stm32f10x_bkp.c...
compiling stm32f10x_exti.c...
compiling stm32f10x_gpio.c...
compiling stm32f10x_i2c.c...
compiling stm32f10x_lib.c...
compiling stm32f10x_nvic.c...
compiling stm32f10x_pwr.c...
compiling stm32f10x_rcc.c...
compiling stm32f10x_rtc.c...
compiling stm32f10x_spi.c...
compiling stm32f10x_systick.c...
compiling stm32f10x_flash.c...
compiling stm32f10x_fsmc.c...
compiling stm32f10x_sdio.c...
compiling stm32f10x_dma.c...
compiling stm32f10x_adc.c...
compiling usb_regs.c...
compiling usb_core.c...
compiling usb_init.c...
compiling usb_int.c...
compiling usb_mem.c...
assembling cortexm3_macro.s...
assembling stm32f10x_vector.s...
linking...
Program Size: Code=46956 RO-data=6048 RW-data=2656 ZI-data=4128  
FromELF: creating hex file...
".\Obj\BOOT_FLASH.axf" - 0 Error(s), 0 Warning(s).
Rebuild target 'STM3210E-EVAL_Demo'
compiling stm32f10x_it.c...
compiling main.c...
compiling menu.c...
compiling calendar.c...
compiling lcd.c...
compiling hw_config.c...
compiling usb_desc.c...
compiling usb_istr.c...
compiling usb_prop.c...
compiling usb_pwr.c...
compiling i2s_codec.c...
compiling waveplayer.c...
compiling fsmc_nor.c...
compiling lowpower.c...
compiling tsensor.c...
compiling mass_storage.c...
compiling fsmc_nand.c...
compiling mass_mal.c...
compiling memory.c...
compiling nand_if.c...
compiling scsi_data.c...
compiling sdcard.c...
compiling usb_bot.c...
compiling usb_endp.c...
compiling usb_scsi.c...
compiling smartcard.c...
compiling stm32f10x_usart.c...
compiling stm32f10x_tim.c...
compiling stm32f10x_bkp.c...
compiling stm32f10x_exti.c...
compiling stm32f10x_gpio.c...
compiling stm32f10x_i2c.c...
compiling stm32f10x_lib.c...
compiling stm32f10x_nvic.c...
compiling stm32f10x_pwr.c...
compiling stm32f10x_rcc.c...
compiling stm32f10x_rtc.c...
compiling stm32f10x_spi.c...
compiling stm32f10x_systick.c...
compiling stm32f10x_flash.c...
compiling stm32f10x_fsmc.c...
compiling stm32f10x_sdio.c...
compiling stm32f10x_dma.c...
compiling stm32f10x_adc.c...
compiling usb_regs.c...
compiling usb_core.c...
compiling usb_init.c...
compiling usb_int.c...
compiling usb_mem.c...
assembling cortexm3_macro.s...
assembling stm32f10x_vector.s...
linking...
Program Size: Code=46100 RO-data=6048 RW-data=2656 ZI-data=4128  
FromELF: creating hex file...
".\Obj\BOOT_FLASH.axf" - 0 Error(s), 0 Warning(s).
Load "G:\\百为stm32开发板光盘\\st官方demo程序\\um0549\\Demo\\project\\RVMDK\\Obj\\BOOT_FLASH.AXF" 
* JLink Info: Device "STM32F103ZE" selected (512 KB flash, 64 KB RAM).
Set JLink Project File to "G:\百为stm32开发板光盘\st官方demo程序\um0549\Demo\project\RVMDK\JLinkSettings.ini"
 
JLink info:
------------
DLL: V4.40c, compiled Jan 24 2012 09:30:33
Firmware: J-Link ARM V8 compiled Jan 31 2018 18:34:52
Hardware: V8.00
S/N : 20080643 
Feature(s) : RDI,FlashDL,FlashBP,JFlash,GDBFull 
 
* JLink Info: TotalIRLen = 9, IRPrint = 0x0011
* JLink Info: Found Cortex-M3 r1p1, Little endian.
* JLink Info: TPIU fitted.
* JLink Info: ETM fitted.
* JLink Info:   FPUnit: 6 code (BP) slots and 2 literal slots
ROMTableAddr = 0xE00FF003
* JLink Info: TotalIRLen = 9, IRPrint = 0x0011
* JLink Info: Found Cortex-M3 r1p1, Little endian.
* JLink Info: TPIU fitted.
* JLink Info: ETM fitted.
* JLink Info:   FPUnit: 6 code (BP) slots and 2 literal slots
* JLink Info: Found Cortex-M3 r1p1, Little endian.
* JLink Info: TPIU fitted.
* JLink Info: ETM fitted.
* JLink Info:   FPUnit: 6 code (BP) slots and 2 literal slots
 
Target info:
------------
Device: STM32F103ZE
VTarget = 3.254V
State of Pins: 
TCK: 1, TDI: 0, TDO: 1, TMS: 0, TRES: 1, TRST: 1
Hardware-Breakpoints: 6
Software-Breakpoints: 8192
Watchpoints:          4
JTAG speed: 2000 kHz
 
Erase Done.
Programming Done.
Verify OK.
