<html>
<body>
<pre>
<h1>µVision Build Log</h1>
<h2>Tool Versions:</h2>
IDE-Version: ¦ÌVision V5.17.0.0
Copyright (C) 2015 ARM Ltd and ARM Germany GmbH. All rights reserved.
License Information: ffdd User, China, LIC=ZB4EV-P8MRR-X7MRZ-JND5I-56IJ3-4GQM7
 
Tool Versions:
Toolchain:       MDK-ARM Standard  Version: 5.17
Toolchain Path:  e:\Keil_v5\ARM\ARMCC\Bin
C Compiler:      Armcc.exe V5.06 update 1 (build 61)
Assembler:       Armasm.exe V5.06 update 1 (build 61)
Linker/Locator:  ArmLink.exe V5.06 update 1 (build 61)
Library Manager: ArmAr.exe V5.06 update 1 (build 61)
Hex Converter:   FromElf.exe V5.06 update 1 (build 61)
CPU DLL:         SARMCM3.DLL V5.17
Dialog DLL:      DARMSTM.DLL V1.65.0.0
Target DLL:      Segger\JL2CM3.dll V2.99.16.0
Dialog DLL:      TARMSTM.DLL V1.64.0.0
 
<h2>Project:</h2>
C:\Documents and Settings\Administrator\×ÀÃæ\um0549\Demo\project\RVMDK\STM3210E-EVAL_Demo.uvprojx
Project File Date:  04/20/2016

<h2>Output:</h2>
*** Using Compiler 'V5.06 update 1 (build 61)', folder: 'e:\Keil_v5\ARM\ARMCC\Bin'
Rebuild target 'STM3210E-EVAL_Demo'
compiling stm32f10x_it.c...
compiling main.c...
compiling menu.c...
compiling calendar.c...
compiling lcd.c...
compiling hw_config.c...
compiling usb_desc.c...
compiling usb_istr.c...
compiling usb_prop.c...
compiling usb_pwr.c...
compiling i2s_codec.c...
compiling waveplayer.c...
compiling fsmc_nor.c...
compiling lowpower.c...
compiling tsensor.c...
compiling mass_storage.c...
compiling fsmc_nand.c...
compiling mass_mal.c...
compiling memory.c...
compiling nand_if.c...
compiling scsi_data.c...
compiling sdcard.c...
compiling usb_bot.c...
compiling usb_endp.c...
compiling usb_scsi.c...
compiling smartcard.c...
compiling stm32f10x_usart.c...
compiling stm32f10x_tim.c...
compiling stm32f10x_bkp.c...
compiling stm32f10x_exti.c...
compiling stm32f10x_gpio.c...
compiling stm32f10x_i2c.c...
compiling stm32f10x_lib.c...
compiling stm32f10x_nvic.c...
compiling stm32f10x_pwr.c...
compiling stm32f10x_rcc.c...
compiling stm32f10x_rtc.c...
compiling stm32f10x_spi.c...
compiling stm32f10x_systick.c...
compiling stm32f10x_flash.c...
compiling stm32f10x_fsmc.c...
compiling stm32f10x_sdio.c...
compiling stm32f10x_dma.c...
compiling stm32f10x_adc.c...
compiling usb_regs.c...
compiling usb_core.c...
compiling usb_init.c...
compiling usb_int.c...
compiling usb_mem.c...
assembling cortexm3_macro.s...
assembling stm32f10x_vector.s...
linking...
Program Size: Code=46312 RO-data=6152 RW-data=2656 ZI-data=4128  
".\Obj\BOOT_FLASH.axf" - 0 Error(s), 0 Warning(s).

<h2>Software Packages used:</h2>

Package Vendor: ARM
                http://www.keil.com/pack/ARM.CMSIS.4.5.0.pack
                ARM::CMSIS:CORE:4.3.0
                CMSIS (Cortex Microcontroller Software Interface Standard)
   * Component: CORE Version: 4.3.0

<h2>Collection of Component include folders:</h2>
  C:\Documents and Settings\Administrator\×ÀÃæ\um0549\Demo\project\RVMDK\RTE
  e:\Keil_v5\ARM\PACK\ARM\CMSIS\4.5.0\CMSIS\Include
  e:\Keil_v5\ARM\PACK\Keil\STM32F1xx_DFP\2.0.0\Device\Include

<h2>Collection of Component Files used:</h2>

   * Component: ARM::CMSIS:CORE:4.3.0
Build Time Elapsed:  00:01:29
</pre>
</body>
</html>
