<!doctype html public "-//w3c//dtd html 4.0 transitional//en">
<html><head>
<title>Static Call Graph - [.\Obj\BOOT_FLASH.axf]</title></head>
<body><HR>
<H1>Static Call Graph for image .\Obj\BOOT_FLASH.axf</H1><HR>
<BR><P>#&#060CALLGRAPH&#062# ARM Linker, 5060061: Last Updated: Thu Apr 21 16:43:28 2016
<BR><P>
<H3>Maximum Stack Usage =        808 bytes + Unknown(Functions without stacksize, Cycles, Untraceable Function Pointers)</H3><H3>
Call chain for Maximum Stack Depth:</H3>
EP2_OUT_Callback &rArr; Mass_Storage_Out &rArr; CBW_Decode &rArr; SCSI_Write10_Cmd &rArr; Write_Memory &rArr; MAL_Write &rArr; NAND_Write &rArr; NAND_Write_Cleanup &rArr; NAND_Copy &rArr; FSMC_NAND_WriteSmallPage &rArr; FSMC_NAND_GetStatus
<P>
<H3>
Functions with no stack information
</H3><UL>
 <LI><a href="#[1a3]">__WFI</a>
 <LI><a href="#[1a4]">__WFE</a>
 <LI><a href="#[202]">__SEV</a>
 <LI><a href="#[203]">__ISB</a>
 <LI><a href="#[204]">__DSB</a>
 <LI><a href="#[205]">__DMB</a>
 <LI><a href="#[206]">__SVC</a>
 <LI><a href="#[207]">__MRS_CONTROL</a>
 <LI><a href="#[208]">__MSR_CONTROL</a>
 <LI><a href="#[209]">__MRS_PSP</a>
 <LI><a href="#[20a]">__MSR_PSP</a>
 <LI><a href="#[20b]">__MRS_MSP</a>
 <LI><a href="#[20c]">__MSR_MSP</a>
 <LI><a href="#[19a]">__RESETPRIMASK</a>
 <LI><a href="#[19c]">__SETPRIMASK</a>
 <LI><a href="#[20d]">__READ_PRIMASK</a>
 <LI><a href="#[20e]">__SETFAULTMASK</a>
 <LI><a href="#[20f]">__RESETFAULTMASK</a>
 <LI><a href="#[210]">__READ_FAULTMASK</a>
 <LI><a href="#[211]">__BASEPRICONFIG</a>
 <LI><a href="#[212]">__GetBASEPRI</a>
 <LI><a href="#[213]">__REV_HalfWord</a>
 <LI><a href="#[214]">__REV_Word</a>
</UL>
</UL>
<P>
<H3>
Mutually Recursive functions
</H3> <LI><a href="#[2a]">BusFaultException</a>&nbsp;&nbsp;&nbsp;&rArr;&nbsp;&nbsp;&nbsp;<a href="#[2a]">BusFaultException</a><BR>
 <LI><a href="#[bd]">Time_PreAdjust</a>&nbsp;&nbsp;&nbsp;&rArr;&nbsp;&nbsp;&nbsp;<a href="#[d8]">Date_PreAdjust</a><BR>
 <LI><a href="#[28]">HardFaultException</a>&nbsp;&nbsp;&nbsp;&rArr;&nbsp;&nbsp;&nbsp;<a href="#[28]">HardFaultException</a><BR>
 <LI><a href="#[29]">MemManageException</a>&nbsp;&nbsp;&nbsp;&rArr;&nbsp;&nbsp;&nbsp;<a href="#[29]">MemManageException</a><BR>
 <LI><a href="#[2b]">UsageFaultException</a>&nbsp;&nbsp;&nbsp;&rArr;&nbsp;&nbsp;&nbsp;<a href="#[2b]">UsageFaultException</a><BR>
</UL>
<P>
<H3>
Function Pointers
</H3><UL>
 <LI><a href="#[42]">ADC1_2_IRQHandler</a> from stm32f10x_it.o(i.ADC1_2_IRQHandler) referenced from stm32f10x_vector.o(RESET)
 <LI><a href="#[5f]">ADC3_IRQHandler</a> from stm32f10x_it.o(i.ADC3_IRQHandler) referenced from stm32f10x_vector.o(RESET)
 <LI><a href="#[c]">AboutFunc</a> from menu.o(i.AboutFunc) referenced 2 times from menu.o(.data)
 <LI><a href="#[a]">Alarm_Adjust</a> from calendar.o(i.Alarm_Adjust) referenced 2 times from menu.o(.data)
 <LI><a href="#[b]">Alarm_Show</a> from calendar.o(i.Alarm_Show) referenced 2 times from menu.o(.data)
 <LI><a href="#[2a]">BusFaultException</a> from stm32f10x_it.o(i.BusFaultException) referenced from stm32f10x_vector.o(RESET)
 <LI><a href="#[45]">CAN_RX1_IRQHandler</a> from stm32f10x_it.o(i.CAN_RX1_IRQHandler) referenced from stm32f10x_vector.o(RESET)
 <LI><a href="#[46]">CAN_SCE_IRQHandler</a> from stm32f10x_it.o(i.CAN_SCE_IRQHandler) referenced from stm32f10x_vector.o(RESET)
 <LI><a href="#[3b]">DMA1_Channel1_IRQHandler</a> from stm32f10x_it.o(i.DMA1_Channel1_IRQHandler) referenced from stm32f10x_vector.o(RESET)
 <LI><a href="#[3c]">DMA1_Channel2_IRQHandler</a> from stm32f10x_it.o(i.DMA1_Channel2_IRQHandler) referenced from stm32f10x_vector.o(RESET)
 <LI><a href="#[3d]">DMA1_Channel3_IRQHandler</a> from stm32f10x_it.o(i.DMA1_Channel3_IRQHandler) referenced from stm32f10x_vector.o(RESET)
 <LI><a href="#[3e]">DMA1_Channel4_IRQHandler</a> from stm32f10x_it.o(i.DMA1_Channel4_IRQHandler) referenced from stm32f10x_vector.o(RESET)
 <LI><a href="#[3f]">DMA1_Channel5_IRQHandler</a> from stm32f10x_it.o(i.DMA1_Channel5_IRQHandler) referenced from stm32f10x_vector.o(RESET)
 <LI><a href="#[40]">DMA1_Channel6_IRQHandler</a> from stm32f10x_it.o(i.DMA1_Channel6_IRQHandler) referenced from stm32f10x_vector.o(RESET)
 <LI><a href="#[41]">DMA1_Channel7_IRQHandler</a> from stm32f10x_it.o(i.DMA1_Channel7_IRQHandler) referenced from stm32f10x_vector.o(RESET)
 <LI><a href="#[68]">DMA2_Channel1_IRQHandler</a> from stm32f10x_it.o(i.DMA2_Channel1_IRQHandler) referenced from stm32f10x_vector.o(RESET)
 <LI><a href="#[69]">DMA2_Channel2_IRQHandler</a> from stm32f10x_it.o(i.DMA2_Channel2_IRQHandler) referenced from stm32f10x_vector.o(RESET)
 <LI><a href="#[6a]">DMA2_Channel3_IRQHandler</a> from stm32f10x_it.o(i.DMA2_Channel3_IRQHandler) referenced from stm32f10x_vector.o(RESET)
 <LI><a href="#[6b]">DMA2_Channel4_5_IRQHandler</a> from stm32f10x_it.o(i.DMA2_Channel4_5_IRQHandler) referenced from stm32f10x_vector.o(RESET)
 <LI><a href="#[8]">Date_Adjust</a> from calendar.o(i.Date_Adjust) referenced 2 times from menu.o(.data)
 <LI><a href="#[9]">Date_Show</a> from calendar.o(i.Date_Show) referenced 2 times from menu.o(.data)
 <LI><a href="#[2d]">DebugMonitor</a> from stm32f10x_it.o(i.DebugMonitor) referenced from stm32f10x_vector.o(RESET)
 <LI><a href="#[16]">EP1_IN_Callback</a> from usb_endp.o(i.EP1_IN_Callback) referenced 2 times from usb_istr.o(.data)
 <LI><a href="#[18]">EP2_OUT_Callback</a> from usb_endp.o(i.EP2_OUT_Callback) referenced 2 times from usb_istr.o(.data)
 <LI><a href="#[36]">EXTI0_IRQHandler</a> from stm32f10x_it.o(i.EXTI0_IRQHandler) referenced from stm32f10x_vector.o(RESET)
 <LI><a href="#[58]">EXTI15_10_IRQHandler</a> from stm32f10x_it.o(i.EXTI15_10_IRQHandler) referenced from stm32f10x_vector.o(RESET)
 <LI><a href="#[37]">EXTI1_IRQHandler</a> from stm32f10x_it.o(i.EXTI1_IRQHandler) referenced from stm32f10x_vector.o(RESET)
 <LI><a href="#[38]">EXTI2_IRQHandler</a> from stm32f10x_it.o(i.EXTI2_IRQHandler) referenced from stm32f10x_vector.o(RESET)
 <LI><a href="#[39]">EXTI3_IRQHandler</a> from stm32f10x_it.o(i.EXTI3_IRQHandler) referenced from stm32f10x_vector.o(RESET)
 <LI><a href="#[3a]">EXTI4_IRQHandler</a> from stm32f10x_it.o(i.EXTI4_IRQHandler) referenced from stm32f10x_vector.o(RESET)
 <LI><a href="#[47]">EXTI9_5_IRQHandler</a> from stm32f10x_it.o(i.EXTI9_5_IRQHandler) referenced from stm32f10x_vector.o(RESET)
 <LI><a href="#[5]">EnterSTANDBYMode_RTCAlarm</a> from lowpower.o(i.EnterSTANDBYMode_RTCAlarm) referenced 2 times from menu.o(.data)
 <LI><a href="#[4]">EnterSTANDBYMode_WAKEUP</a> from lowpower.o(i.EnterSTANDBYMode_WAKEUP) referenced 2 times from menu.o(.data)
 <LI><a href="#[1]">EnterSTOPMode_EXTI</a> from lowpower.o(i.EnterSTOPMode_EXTI) referenced 2 times from menu.o(.data)
 <LI><a href="#[2]">EnterSTOPMode_RTCAlarm</a> from lowpower.o(i.EnterSTOPMode_RTCAlarm) referenced 2 times from menu.o(.data)
 <LI><a href="#[34]">FLASH_IRQHandler</a> from stm32f10x_it.o(i.FLASH_IRQHandler) referenced from stm32f10x_vector.o(RESET)
 <LI><a href="#[60]">FSMC_IRQHandler</a> from stm32f10x_it.o(i.FSMC_IRQHandler) referenced from stm32f10x_vector.o(RESET)
 <LI><a href="#[71]">Get_Max_Lun</a> from usb_prop.o(i.Get_Max_Lun) referenced from usb_prop.o(i.MASS_Data_Setup)
 <LI><a href="#[28]">HardFaultException</a> from stm32f10x_it.o(i.HardFaultException) referenced from stm32f10x_vector.o(RESET)
 <LI><a href="#[d]">HelpFunc</a> from menu.o(i.HelpFunc) referenced 2 times from menu.o(.data)
 <LI><a href="#[50]">I2C1_ER_IRQHandler</a> from stm32f10x_it.o(i.I2C1_ER_IRQHandler) referenced from stm32f10x_vector.o(RESET)
 <LI><a href="#[4f]">I2C1_EV_IRQHandler</a> from stm32f10x_it.o(i.I2C1_EV_IRQHandler) referenced from stm32f10x_vector.o(RESET)
 <LI><a href="#[52]">I2C2_ER_IRQHandler</a> from stm32f10x_it.o(i.I2C2_ER_IRQHandler) referenced from stm32f10x_vector.o(RESET)
 <LI><a href="#[51]">I2C2_EV_IRQHandler</a> from stm32f10x_it.o(i.I2C2_EV_IRQHandler) referenced from stm32f10x_vector.o(RESET)
 <LI><a href="#[0]">IdleFunc</a> from menu.o(i.IdleFunc) referenced 130 times from menu.o(.data)
 <LI><a href="#[1d]">MASS_Data_Setup</a> from usb_prop.o(i.MASS_Data_Setup) referenced 2 times from usb_prop.o(.data)
 <LI><a href="#[21]">MASS_GetConfigDescriptor</a> from usb_prop.o(i.MASS_GetConfigDescriptor) referenced 2 times from usb_prop.o(.data)
 <LI><a href="#[20]">MASS_GetDeviceDescriptor</a> from usb_prop.o(i.MASS_GetDeviceDescriptor) referenced 2 times from usb_prop.o(.data)
 <LI><a href="#[22]">MASS_GetStringDescriptor</a> from usb_prop.o(i.MASS_GetStringDescriptor) referenced 2 times from usb_prop.o(.data)
 <LI><a href="#[1f]">MASS_Get_Interface_Setting</a> from usb_prop.o(i.MASS_Get_Interface_Setting) referenced 2 times from usb_prop.o(.data)
 <LI><a href="#[1e]">MASS_NoData_Setup</a> from usb_prop.o(i.MASS_NoData_Setup) referenced 2 times from usb_prop.o(.data)
 <LI><a href="#[1a]">MASS_Reset</a> from usb_prop.o(i.MASS_Reset) referenced 2 times from usb_prop.o(.data)
 <LI><a href="#[1b]">MASS_Status_In</a> from usb_prop.o(i.MASS_Status_In) referenced 2 times from usb_prop.o(.data)
 <LI><a href="#[1c]">MASS_Status_Out</a> from usb_prop.o(i.MASS_Status_Out) referenced 2 times from usb_prop.o(.data)
 <LI><a href="#[19]">MASS_init</a> from usb_prop.o(i.MASS_init) referenced 2 times from usb_prop.o(.data)
 <LI><a href="#[24]">Mass_Storage_ClearFeature</a> from usb_prop.o(i.Mass_Storage_ClearFeature) referenced 2 times from usb_prop.o(.data)
 <LI><a href="#[14]">Mass_Storage_Recovery</a> from mass_storage.o(i.Mass_Storage_Recovery) referenced 2 times from menu.o(.data)
 <LI><a href="#[23]">Mass_Storage_SetConfiguration</a> from usb_prop.o(i.Mass_Storage_SetConfiguration) referenced 2 times from usb_prop.o(.data)
 <LI><a href="#[25]">Mass_Storage_SetDeviceAddress</a> from usb_prop.o(i.Mass_Storage_SetDeviceAddress) referenced 2 times from usb_prop.o(.data)
 <LI><a href="#[13]">Mass_Storage_Start</a> from mass_storage.o(i.Mass_Storage_Start) referenced 2 times from menu.o(.data)
 <LI><a href="#[29]">MemManageException</a> from stm32f10x_it.o(i.MemManageException) referenced from stm32f10x_vector.o(RESET)
 <LI><a href="#[27]">NMIException</a> from stm32f10x_it.o(i.NMIException) referenced from stm32f10x_vector.o(RESET)
 <LI><a href="#[17]">NOP_Process</a> from usb_core.o(i.NOP_Process) referenced 36 times from usb_istr.o(.data)
 <LI><a href="#[31]">PVD_IRQHandler</a> from stm32f10x_it.o(i.PVD_IRQHandler) referenced from stm32f10x_vector.o(RESET)
 <LI><a href="#[2e]">PendSVC</a> from stm32f10x_it.o(i.PendSVC) referenced from stm32f10x_vector.o(RESET)
 <LI><a href="#[15]">ProductPres</a> from menu.o(i.ProductPres) referenced 2 times from menu.o(.data)
 <LI><a href="#[35]">RCC_IRQHandler</a> from stm32f10x_it.o(i.RCC_IRQHandler) referenced from stm32f10x_vector.o(RESET)
 <LI><a href="#[59]">RTCAlarm_IRQHandler</a> from stm32f10x_it.o(i.RTCAlarm_IRQHandler) referenced from stm32f10x_vector.o(RESET)
 <LI><a href="#[33]">RTC_IRQHandler</a> from stm32f10x_it.o(i.RTC_IRQHandler) referenced from stm32f10x_vector.o(RESET)
 <LI><a href="#[26]">Reset_Handler</a> from stm32f10x_vector.o(.text) referenced from stm32f10x_vector.o(RESET)
 <LI><a href="#[3]">ReturnFunc</a> from menu.o(i.ReturnFunc) referenced 30 times from menu.o(.data)
 <LI><a href="#[61]">SDIO_IRQHandler</a> from stm32f10x_it.o(i.SDIO_IRQHandler) referenced from stm32f10x_vector.o(RESET)
 <LI><a href="#[53]">SPI1_IRQHandler</a> from stm32f10x_it.o(i.SPI1_IRQHandler) referenced from stm32f10x_vector.o(RESET)
 <LI><a href="#[54]">SPI2_IRQHandler</a> from stm32f10x_it.o(i.SPI2_IRQHandler) referenced from stm32f10x_vector.o(RESET)
 <LI><a href="#[63]">SPI3_IRQHandler</a> from stm32f10x_it.o(i.SPI3_IRQHandler) referenced from stm32f10x_vector.o(RESET)
 <LI><a href="#[11]">STM32BannerFunc</a> from menu.o(i.STM32BannerFunc) referenced 2 times from menu.o(.data)
 <LI><a href="#[12]">STM32BannerSpeedFunc</a> from menu.o(i.STM32BannerSpeedFunc) referenced 2 times from menu.o(.data)
 <LI><a href="#[2c]">SVCHandler</a> from stm32f10x_it.o(i.SVCHandler) referenced from stm32f10x_vector.o(RESET)
 <LI><a href="#[f]">SmartCard_Start</a> from menu.o(i.SmartCard_Start) referenced 2 times from menu.o(.data)
 <LI><a href="#[6f]">Standard_GetConfiguration</a> from usb_core.o(i.Standard_GetConfiguration) referenced from usb_core.o(i.Data_Setup0)
 <LI><a href="#[70]">Standard_GetInterface</a> from usb_core.o(i.Standard_GetInterface) referenced from usb_core.o(i.Data_Setup0)
 <LI><a href="#[6e]">Standard_GetStatus</a> from usb_core.o(i.Standard_GetStatus) referenced from usb_core.o(i.Data_Setup0)
 <LI><a href="#[2f]">SysTickHandler</a> from stm32f10x_it.o(i.SysTickHandler) referenced from stm32f10x_vector.o(RESET)
 <LI><a href="#[32]">TAMPER_IRQHandler</a> from stm32f10x_it.o(i.TAMPER_IRQHandler) referenced from stm32f10x_vector.o(RESET)
 <LI><a href="#[48]">TIM1_BRK_IRQHandler</a> from stm32f10x_it.o(i.TIM1_BRK_IRQHandler) referenced from stm32f10x_vector.o(RESET)
 <LI><a href="#[4b]">TIM1_CC_IRQHandler</a> from stm32f10x_it.o(i.TIM1_CC_IRQHandler) referenced from stm32f10x_vector.o(RESET)
 <LI><a href="#[4a]">TIM1_TRG_COM_IRQHandler</a> from stm32f10x_it.o(i.TIM1_TRG_COM_IRQHandler) referenced from stm32f10x_vector.o(RESET)
 <LI><a href="#[49]">TIM1_UP_IRQHandler</a> from stm32f10x_it.o(i.TIM1_UP_IRQHandler) referenced from stm32f10x_vector.o(RESET)
 <LI><a href="#[4c]">TIM2_IRQHandler</a> from stm32f10x_it.o(i.TIM2_IRQHandler) referenced from stm32f10x_vector.o(RESET)
 <LI><a href="#[4d]">TIM3_IRQHandler</a> from stm32f10x_it.o(i.TIM3_IRQHandler) referenced from stm32f10x_vector.o(RESET)
 <LI><a href="#[4e]">TIM4_IRQHandler</a> from stm32f10x_it.o(i.TIM4_IRQHandler) referenced from stm32f10x_vector.o(RESET)
 <LI><a href="#[62]">TIM5_IRQHandler</a> from stm32f10x_it.o(i.TIM5_IRQHandler) referenced from stm32f10x_vector.o(RESET)
 <LI><a href="#[66]">TIM6_IRQHandler</a> from stm32f10x_it.o(i.TIM6_IRQHandler) referenced from stm32f10x_vector.o(RESET)
 <LI><a href="#[67]">TIM7_IRQHandler</a> from stm32f10x_it.o(i.TIM7_IRQHandler) referenced from stm32f10x_vector.o(RESET)
 <LI><a href="#[5b]">TIM8_BRK_IRQHandler</a> from stm32f10x_it.o(i.TIM8_BRK_IRQHandler) referenced from stm32f10x_vector.o(RESET)
 <LI><a href="#[5e]">TIM8_CC_IRQHandler</a> from stm32f10x_it.o(i.TIM8_CC_IRQHandler) referenced from stm32f10x_vector.o(RESET)
 <LI><a href="#[5d]">TIM8_TRG_COM_IRQHandler</a> from stm32f10x_it.o(i.TIM8_TRG_COM_IRQHandler) referenced from stm32f10x_vector.o(RESET)
 <LI><a href="#[5c]">TIM8_UP_IRQHandler</a> from stm32f10x_it.o(i.TIM8_UP_IRQHandler) referenced from stm32f10x_vector.o(RESET)
 <LI><a href="#[e]">Thermometer_Temperature</a> from tsensor.o(i.Thermometer_Temperature) referenced 2 times from menu.o(.data)
 <LI><a href="#[6]">Time_Adjust</a> from calendar.o(i.Time_Adjust) referenced 2 times from menu.o(.data)
 <LI><a href="#[7]">Time_Show</a> from calendar.o(i.Time_Show) referenced 2 times from menu.o(.data)
 <LI><a href="#[64]">UART4_IRQHandler</a> from stm32f10x_it.o(i.UART4_IRQHandler) referenced from stm32f10x_vector.o(RESET)
 <LI><a href="#[65]">UART5_IRQHandler</a> from stm32f10x_it.o(i.UART5_IRQHandler) referenced from stm32f10x_vector.o(RESET)
 <LI><a href="#[55]">USART1_IRQHandler</a> from stm32f10x_it.o(i.USART1_IRQHandler) referenced from stm32f10x_vector.o(RESET)
 <LI><a href="#[56]">USART2_IRQHandler</a> from stm32f10x_it.o(i.USART2_IRQHandler) referenced from stm32f10x_vector.o(RESET)
 <LI><a href="#[57]">USART3_IRQHandler</a> from stm32f10x_it.o(i.USART3_IRQHandler) referenced from stm32f10x_vector.o(RESET)
 <LI><a href="#[5a]">USBWakeUp_IRQHandler</a> from stm32f10x_it.o(i.USBWakeUp_IRQHandler) referenced from stm32f10x_vector.o(RESET)
 <LI><a href="#[43]">USB_HP_CAN_TX_IRQHandler</a> from stm32f10x_it.o(i.USB_HP_CAN_TX_IRQHandler) referenced from stm32f10x_vector.o(RESET)
 <LI><a href="#[44]">USB_LP_CAN_RX0_IRQHandler</a> from stm32f10x_it.o(i.USB_LP_CAN_RX0_IRQHandler) referenced from stm32f10x_vector.o(RESET)
 <LI><a href="#[2b]">UsageFaultException</a> from stm32f10x_it.o(i.UsageFaultException) referenced from stm32f10x_vector.o(RESET)
 <LI><a href="#[30]">WWDG_IRQHandler</a> from stm32f10x_it.o(i.WWDG_IRQHandler) referenced from stm32f10x_vector.o(RESET)
 <LI><a href="#[10]">WavePlayer_StartSpeaker</a> from waveplayer.o(i.WavePlayer_StartSpeaker) referenced 2 times from menu.o(.data)
 <LI><a href="#[6d]">__main</a> from entry.o(.ARM.Collect$$$$00000000) referenced from stm32f10x_vector.o(.text)
 <LI><a href="#[72]">_sputc</a> from printf5.o(i._sputc) referenced from printf5.o(i.__0sprintf$5)
 <LI><a href="#[6c]">main</a> from main.o(i.main) referenced from entry9a.o(.ARM.Collect$$$$0000000B)
</UL>
<P>
<H3>
Global Symbols
</H3>
<P><STRONG><a name="[6d]"></a>__main</STRONG> (Thumb, 0 bytes, Stack size unknown bytes, entry.o(.ARM.Collect$$$$00000000))
<BR>[Address Reference Count : 1]<UL><LI> stm32f10x_vector.o(.text)
</UL>
<P><STRONG><a name="[1fc]"></a>_main_stk</STRONG> (Thumb, 0 bytes, Stack size unknown bytes, entry2.o(.ARM.Collect$$$$00000001))

<P><STRONG><a name="[73]"></a>_main_scatterload</STRONG> (Thumb, 0 bytes, Stack size unknown bytes, entry5.o(.ARM.Collect$$$$00000004))
<BR><BR>[Calls]<UL><LI><a href="#[74]">&gt;&gt;</a>&nbsp;&nbsp;&nbsp;__scatterload
</UL>

<P><STRONG><a name="[78]"></a>__main_after_scatterload</STRONG> (Thumb, 0 bytes, Stack size unknown bytes, entry5.o(.ARM.Collect$$$$00000004))
<BR><BR>[Called By]<UL><LI><a href="#[74]">&gt;&gt;</a>&nbsp;&nbsp;&nbsp;__scatterload
</UL>

<P><STRONG><a name="[1fd]"></a>_main_clock</STRONG> (Thumb, 0 bytes, Stack size unknown bytes, entry7b.o(.ARM.Collect$$$$00000008))

<P><STRONG><a name="[1fe]"></a>_main_cpp_init</STRONG> (Thumb, 0 bytes, Stack size unknown bytes, entry8b.o(.ARM.Collect$$$$0000000A))

<P><STRONG><a name="[1ff]"></a>_main_init</STRONG> (Thumb, 0 bytes, Stack size unknown bytes, entry9a.o(.ARM.Collect$$$$0000000B))

<P><STRONG><a name="[200]"></a>__rt_final_cpp</STRONG> (Thumb, 0 bytes, Stack size unknown bytes, entry10a.o(.ARM.Collect$$$$0000000D))

<P><STRONG><a name="[201]"></a>__rt_final_exit</STRONG> (Thumb, 0 bytes, Stack size unknown bytes, entry11a.o(.ARM.Collect$$$$0000000F))

<P><STRONG><a name="[1a3]"></a>__WFI</STRONG> (Thumb, 0 bytes, Stack size unknown bytes, cortexm3_macro.o(.text))
<BR><BR>[Called By]<UL><LI><a href="#[10b]">&gt;&gt;</a>&nbsp;&nbsp;&nbsp;PWR_EnterSTANDBYMode
<LI><a href="#[110]">&gt;&gt;</a>&nbsp;&nbsp;&nbsp;PWR_EnterSTOPMode
</UL>

<P><STRONG><a name="[1a4]"></a>__WFE</STRONG> (Thumb, 0 bytes, Stack size unknown bytes, cortexm3_macro.o(.text))
<BR><BR>[Called By]<UL><LI><a href="#[110]">&gt;&gt;</a>&nbsp;&nbsp;&nbsp;PWR_EnterSTOPMode
</UL>

<P><STRONG><a name="[202]"></a>__SEV</STRONG> (Thumb, 0 bytes, Stack size unknown bytes, cortexm3_macro.o(.text), UNUSED)

<P><STRONG><a name="[203]"></a>__ISB</STRONG> (Thumb, 0 bytes, Stack size unknown bytes, cortexm3_macro.o(.text), UNUSED)

<P><STRONG><a name="[204]"></a>__DSB</STRONG> (Thumb, 0 bytes, Stack size unknown bytes, cortexm3_macro.o(.text), UNUSED)

<P><STRONG><a name="[205]"></a>__DMB</STRONG> (Thumb, 0 bytes, Stack size unknown bytes, cortexm3_macro.o(.text), UNUSED)

<P><STRONG><a name="[206]"></a>__SVC</STRONG> (Thumb, 0 bytes, Stack size unknown bytes, cortexm3_macro.o(.text), UNUSED)

<P><STRONG><a name="[207]"></a>__MRS_CONTROL</STRONG> (Thumb, 0 bytes, Stack size unknown bytes, cortexm3_macro.o(.text), UNUSED)

<P><STRONG><a name="[208]"></a>__MSR_CONTROL</STRONG> (Thumb, 0 bytes, Stack size unknown bytes, cortexm3_macro.o(.text), UNUSED)

<P><STRONG><a name="[209]"></a>__MRS_PSP</STRONG> (Thumb, 0 bytes, Stack size unknown bytes, cortexm3_macro.o(.text), UNUSED)

<P><STRONG><a name="[20a]"></a>__MSR_PSP</STRONG> (Thumb, 0 bytes, Stack size unknown bytes, cortexm3_macro.o(.text), UNUSED)

<P><STRONG><a name="[20b]"></a>__MRS_MSP</STRONG> (Thumb, 0 bytes, Stack size unknown bytes, cortexm3_macro.o(.text), UNUSED)

<P><STRONG><a name="[20c]"></a>__MSR_MSP</STRONG> (Thumb, 0 bytes, Stack size unknown bytes, cortexm3_macro.o(.text), UNUSED)

<P><STRONG><a name="[19a]"></a>__RESETPRIMASK</STRONG> (Thumb, 0 bytes, Stack size unknown bytes, cortexm3_macro.o(.text))
<BR><BR>[Called By]<UL><LI><a href="#[199]">&gt;&gt;</a>&nbsp;&nbsp;&nbsp;NVIC_RESETPRIMASK
</UL>

<P><STRONG><a name="[19c]"></a>__SETPRIMASK</STRONG> (Thumb, 0 bytes, Stack size unknown bytes, cortexm3_macro.o(.text))
<BR><BR>[Called By]<UL><LI><a href="#[19b]">&gt;&gt;</a>&nbsp;&nbsp;&nbsp;NVIC_SETPRIMASK
</UL>

<P><STRONG><a name="[20d]"></a>__READ_PRIMASK</STRONG> (Thumb, 0 bytes, Stack size unknown bytes, cortexm3_macro.o(.text), UNUSED)

<P><STRONG><a name="[20e]"></a>__SETFAULTMASK</STRONG> (Thumb, 0 bytes, Stack size unknown bytes, cortexm3_macro.o(.text), UNUSED)

<P><STRONG><a name="[20f]"></a>__RESETFAULTMASK</STRONG> (Thumb, 0 bytes, Stack size unknown bytes, cortexm3_macro.o(.text), UNUSED)

<P><STRONG><a name="[210]"></a>__READ_FAULTMASK</STRONG> (Thumb, 0 bytes, Stack size unknown bytes, cortexm3_macro.o(.text), UNUSED)

<P><STRONG><a name="[211]"></a>__BASEPRICONFIG</STRONG> (Thumb, 0 bytes, Stack size unknown bytes, cortexm3_macro.o(.text), UNUSED)

<P><STRONG><a name="[212]"></a>__GetBASEPRI</STRONG> (Thumb, 0 bytes, Stack size unknown bytes, cortexm3_macro.o(.text), UNUSED)

<P><STRONG><a name="[213]"></a>__REV_HalfWord</STRONG> (Thumb, 0 bytes, Stack size unknown bytes, cortexm3_macro.o(.text), UNUSED)

<P><STRONG><a name="[214]"></a>__REV_Word</STRONG> (Thumb, 0 bytes, Stack size unknown bytes, cortexm3_macro.o(.text), UNUSED)

<P><STRONG><a name="[26]"></a>Reset_Handler</STRONG> (Thumb, 4 bytes, Stack size 0 bytes, stm32f10x_vector.o(.text))
<BR>[Address Reference Count : 1]<UL><LI> stm32f10x_vector.o(RESET)
</UL>
<P><STRONG><a name="[215]"></a>__aeabi_memcpy</STRONG> (Thumb, 36 bytes, Stack size 0 bytes, memcpya.o(.text), UNUSED)

<P><STRONG><a name="[1e0]"></a>__aeabi_memcpy4</STRONG> (Thumb, 0 bytes, Stack size 0 bytes, memcpya.o(.text))
<BR><BR>[Called By]<UL><LI><a href="#[fe]">&gt;&gt;</a>&nbsp;&nbsp;&nbsp;ShowMenuIcons
</UL>

<P><STRONG><a name="[216]"></a>__aeabi_memcpy8</STRONG> (Thumb, 0 bytes, Stack size 0 bytes, memcpya.o(.text), UNUSED)

<P><STRONG><a name="[75]"></a>__aeabi_uldivmod</STRONG> (Thumb, 98 bytes, Stack size 40 bytes, uldiv.o(.text), UNUSED)
<BR><BR>[Calls]<UL><LI><a href="#[76]">&gt;&gt;</a>&nbsp;&nbsp;&nbsp;__aeabi_llsr
<LI><a href="#[77]">&gt;&gt;</a>&nbsp;&nbsp;&nbsp;__aeabi_llsl
</UL>
<BR>[Called By]<UL><LI><a href="#[1fb]">&gt;&gt;</a>&nbsp;&nbsp;&nbsp;_printf_core
</UL>

<P><STRONG><a name="[74]"></a>__scatterload</STRONG> (Thumb, 28 bytes, Stack size 0 bytes, init.o(.text))
<BR><BR>[Calls]<UL><LI><a href="#[78]">&gt;&gt;</a>&nbsp;&nbsp;&nbsp;__main_after_scatterload
</UL>
<BR>[Called By]<UL><LI><a href="#[73]">&gt;&gt;</a>&nbsp;&nbsp;&nbsp;_main_scatterload
</UL>

<P><STRONG><a name="[217]"></a>__scatterload_rt2</STRONG> (Thumb, 0 bytes, Stack size 0 bytes, init.o(.text), UNUSED)

<P><STRONG><a name="[77]"></a>__aeabi_llsl</STRONG> (Thumb, 30 bytes, Stack size 0 bytes, llshl.o(.text), UNUSED)
<BR><BR>[Called By]<UL><LI><a href="#[75]">&gt;&gt;</a>&nbsp;&nbsp;&nbsp;__aeabi_uldivmod
</UL>

<P><STRONG><a name="[218]"></a>_ll_shift_l</STRONG> (Thumb, 0 bytes, Stack size 0 bytes, llshl.o(.text), UNUSED)

<P><STRONG><a name="[76]"></a>__aeabi_llsr</STRONG> (Thumb, 32 bytes, Stack size 0 bytes, llushr.o(.text), UNUSED)
<BR><BR>[Called By]<UL><LI><a href="#[75]">&gt;&gt;</a>&nbsp;&nbsp;&nbsp;__aeabi_uldivmod
</UL>

<P><STRONG><a name="[219]"></a>_ll_ushift_r</STRONG> (Thumb, 0 bytes, Stack size 0 bytes, llushr.o(.text), UNUSED)

<P><STRONG><a name="[21a]"></a>__decompress</STRONG> (Thumb, 0 bytes, Stack size unknown bytes, __dczerorl2.o(.text), UNUSED)

<P><STRONG><a name="[21b]"></a>__decompress1</STRONG> (Thumb, 86 bytes, Stack size unknown bytes, __dczerorl2.o(.text), UNUSED)

<P><STRONG><a name="[42]"></a>ADC1_2_IRQHandler</STRONG> (Thumb, 2 bytes, Stack size 0 bytes, stm32f10x_it.o(i.ADC1_2_IRQHandler))
<BR>[Address Reference Count : 1]<UL><LI> stm32f10x_vector.o(RESET)
</UL>
<P><STRONG><a name="[5f]"></a>ADC3_IRQHandler</STRONG> (Thumb, 2 bytes, Stack size 0 bytes, stm32f10x_it.o(i.ADC3_IRQHandler))
<BR>[Address Reference Count : 1]<UL><LI> stm32f10x_vector.o(RESET)
</UL>
<P><STRONG><a name="[1da]"></a>ADC_Cmd</STRONG> (Thumb, 20 bytes, Stack size 0 bytes, stm32f10x_adc.o(i.ADC_Cmd))
<BR><BR>[Called By]<UL><LI><a href="#[12]">&gt;&gt;</a>&nbsp;&nbsp;&nbsp;STM32BannerSpeedFunc
</UL>

<P><STRONG><a name="[1dc]"></a>ADC_GetConversionValue</STRONG> (Thumb, 6 bytes, Stack size 0 bytes, stm32f10x_adc.o(i.ADC_GetConversionValue))
<BR><BR>[Called By]<UL><LI><a href="#[12]">&gt;&gt;</a>&nbsp;&nbsp;&nbsp;STM32BannerSpeedFunc
</UL>

<P><STRONG><a name="[1d8]"></a>ADC_Init</STRONG> (Thumb, 62 bytes, Stack size 8 bytes, stm32f10x_adc.o(i.ADC_Init))
<BR><BR>[Stack]<UL><LI>Max Depth = 8<LI>Call Chain = ADC_Init
</UL>
<BR>[Called By]<UL><LI><a href="#[12]">&gt;&gt;</a>&nbsp;&nbsp;&nbsp;STM32BannerSpeedFunc
</UL>

<P><STRONG><a name="[1d9]"></a>ADC_RegularChannelConfig</STRONG> (Thumb, 116 bytes, Stack size 16 bytes, stm32f10x_adc.o(i.ADC_RegularChannelConfig))
<BR><BR>[Stack]<UL><LI>Max Depth = 16<LI>Call Chain = ADC_RegularChannelConfig
</UL>
<BR>[Called By]<UL><LI><a href="#[12]">&gt;&gt;</a>&nbsp;&nbsp;&nbsp;STM32BannerSpeedFunc
</UL>

<P><STRONG><a name="[1db]"></a>ADC_SoftwareStartConvCmd</STRONG> (Thumb, 20 bytes, Stack size 0 bytes, stm32f10x_adc.o(i.ADC_SoftwareStartConvCmd))
<BR><BR>[Called By]<UL><LI><a href="#[12]">&gt;&gt;</a>&nbsp;&nbsp;&nbsp;STM32BannerSpeedFunc
</UL>

<P><STRONG><a name="[c]"></a>AboutFunc</STRONG> (Thumb, 144 bytes, Stack size 8 bytes, menu.o(i.AboutFunc))
<BR><BR>[Stack]<UL><LI>Max Depth = 92<LI>Call Chain = AboutFunc &rArr; DisplayMenu &rArr; LCD_DisplayStringLine &rArr; LCD_DisplayChar &rArr; LCD_DrawChar &rArr; LCD_SetCursor
</UL>
<BR>[Calls]<UL><LI><a href="#[80]">&gt;&gt;</a>&nbsp;&nbsp;&nbsp;DisplayMenu
<LI><a href="#[7b]">&gt;&gt;</a>&nbsp;&nbsp;&nbsp;ReadKey
<LI><a href="#[7a]">&gt;&gt;</a>&nbsp;&nbsp;&nbsp;IntExtOnOffConfig
<LI><a href="#[7d]">&gt;&gt;</a>&nbsp;&nbsp;&nbsp;LCD_SetTextColor
<LI><a href="#[7c]">&gt;&gt;</a>&nbsp;&nbsp;&nbsp;LCD_SetBackColor
<LI><a href="#[7f]">&gt;&gt;</a>&nbsp;&nbsp;&nbsp;LCD_DisplayStringLine
<LI><a href="#[7e]">&gt;&gt;</a>&nbsp;&nbsp;&nbsp;LCD_ClearLine
<LI><a href="#[79]">&gt;&gt;</a>&nbsp;&nbsp;&nbsp;LCD_Clear
</UL>
<BR>[Address Reference Count : 1]<UL><LI> menu.o(.data)
</UL>
<P><STRONG><a name="[a]"></a>Alarm_Adjust</STRONG> (Thumb, 90 bytes, Stack size 16 bytes, calendar.o(i.Alarm_Adjust))
<BR><BR>[Stack]<UL><LI>Max Depth = 188<LI>Call Chain = Alarm_Adjust &rArr; LCD_NORDisplay &rArr; FSMC_NOR_Init &rArr; GPIO_Init
</UL>
<BR>[Calls]<UL><LI><a href="#[85]">&gt;&gt;</a>&nbsp;&nbsp;&nbsp;Alarm_PreAdjust
<LI><a href="#[82]">&gt;&gt;</a>&nbsp;&nbsp;&nbsp;LCD_SetDisplayWindow
<LI><a href="#[83]">&gt;&gt;</a>&nbsp;&nbsp;&nbsp;LCD_NORDisplay
<LI><a href="#[80]">&gt;&gt;</a>&nbsp;&nbsp;&nbsp;DisplayMenu
<LI><a href="#[7b]">&gt;&gt;</a>&nbsp;&nbsp;&nbsp;ReadKey
<LI><a href="#[7a]">&gt;&gt;</a>&nbsp;&nbsp;&nbsp;IntExtOnOffConfig
<LI><a href="#[81]">&gt;&gt;</a>&nbsp;&nbsp;&nbsp;RCC_AHBPeriphClockCmd
<LI><a href="#[84]">&gt;&gt;</a>&nbsp;&nbsp;&nbsp;LCD_WindowModeDisable
<LI><a href="#[79]">&gt;&gt;</a>&nbsp;&nbsp;&nbsp;LCD_Clear
</UL>
<BR>[Address Reference Count : 1]<UL><LI> menu.o(.data)
</UL>
<P><STRONG><a name="[86]"></a>Alarm_Display</STRONG> (Thumb, 212 bytes, Stack size 24 bytes, calendar.o(i.Alarm_Display))
<BR><BR>[Stack]<UL><LI>Max Depth = 64<LI>Call Chain = Alarm_Display &rArr; LCD_DisplayChar &rArr; LCD_DrawChar &rArr; LCD_SetCursor
</UL>
<BR>[Calls]<UL><LI><a href="#[87]">&gt;&gt;</a>&nbsp;&nbsp;&nbsp;LCD_DisplayChar
</UL>
<BR>[Called By]<UL><LI><a href="#[85]">&gt;&gt;</a>&nbsp;&nbsp;&nbsp;Alarm_PreAdjust
<LI><a href="#[b]">&gt;&gt;</a>&nbsp;&nbsp;&nbsp;Alarm_Show
</UL>

<P><STRONG><a name="[85]"></a>Alarm_PreAdjust</STRONG> (Thumb, 148 bytes, Stack size 8 bytes, calendar.o(i.Alarm_PreAdjust))
<BR><BR>[Stack]<UL><LI>Max Depth = 104<LI>Call Chain = Alarm_PreAdjust &rArr; Alarm_Regulate &rArr; ReadDigit &rArr; LCD_DisplayChar &rArr; LCD_DrawChar &rArr; LCD_SetCursor
</UL>
<BR>[Calls]<UL><LI><a href="#[8b]">&gt;&gt;</a>&nbsp;&nbsp;&nbsp;RTC_SetAlarm
<LI><a href="#[8c]">&gt;&gt;</a>&nbsp;&nbsp;&nbsp;BKP_WriteBackupRegister
<LI><a href="#[88]">&gt;&gt;</a>&nbsp;&nbsp;&nbsp;BKP_ReadBackupRegister
<LI><a href="#[89]">&gt;&gt;</a>&nbsp;&nbsp;&nbsp;Alarm_Regulate
<LI><a href="#[86]">&gt;&gt;</a>&nbsp;&nbsp;&nbsp;Alarm_Display
<LI><a href="#[7b]">&gt;&gt;</a>&nbsp;&nbsp;&nbsp;ReadKey
<LI><a href="#[8a]">&gt;&gt;</a>&nbsp;&nbsp;&nbsp;RTC_WaitForLastTask
<LI><a href="#[7d]">&gt;&gt;</a>&nbsp;&nbsp;&nbsp;LCD_SetTextColor
<LI><a href="#[7c]">&gt;&gt;</a>&nbsp;&nbsp;&nbsp;LCD_SetBackColor
<LI><a href="#[7f]">&gt;&gt;</a>&nbsp;&nbsp;&nbsp;LCD_DisplayStringLine
<LI><a href="#[87]">&gt;&gt;</a>&nbsp;&nbsp;&nbsp;LCD_DisplayChar
<LI><a href="#[7e]">&gt;&gt;</a>&nbsp;&nbsp;&nbsp;LCD_ClearLine
</UL>
<BR>[Called By]<UL><LI><a href="#[2]">&gt;&gt;</a>&nbsp;&nbsp;&nbsp;EnterSTOPMode_RTCAlarm
<LI><a href="#[5]">&gt;&gt;</a>&nbsp;&nbsp;&nbsp;EnterSTANDBYMode_RTCAlarm
<LI><a href="#[a]">&gt;&gt;</a>&nbsp;&nbsp;&nbsp;Alarm_Adjust
</UL>

<P><STRONG><a name="[89]"></a>Alarm_Regulate</STRONG> (Thumb, 160 bytes, Stack size 24 bytes, calendar.o(i.Alarm_Regulate))
<BR><BR>[Stack]<UL><LI>Max Depth = 96<LI>Call Chain = Alarm_Regulate &rArr; ReadDigit &rArr; LCD_DisplayChar &rArr; LCD_DrawChar &rArr; LCD_SetCursor
</UL>
<BR>[Calls]<UL><LI><a href="#[8d]">&gt;&gt;</a>&nbsp;&nbsp;&nbsp;ReadDigit
</UL>
<BR>[Called By]<UL><LI><a href="#[85]">&gt;&gt;</a>&nbsp;&nbsp;&nbsp;Alarm_PreAdjust
</UL>

<P><STRONG><a name="[b]"></a>Alarm_Show</STRONG> (Thumb, 204 bytes, Stack size 16 bytes, calendar.o(i.Alarm_Show))
<BR><BR>[Stack]<UL><LI>Max Depth = 188<LI>Call Chain = Alarm_Show &rArr; LCD_NORDisplay &rArr; FSMC_NOR_Init &rArr; GPIO_Init
</UL>
<BR>[Calls]<UL><LI><a href="#[88]">&gt;&gt;</a>&nbsp;&nbsp;&nbsp;BKP_ReadBackupRegister
<LI><a href="#[86]">&gt;&gt;</a>&nbsp;&nbsp;&nbsp;Alarm_Display
<LI><a href="#[82]">&gt;&gt;</a>&nbsp;&nbsp;&nbsp;LCD_SetDisplayWindow
<LI><a href="#[83]">&gt;&gt;</a>&nbsp;&nbsp;&nbsp;LCD_NORDisplay
<LI><a href="#[80]">&gt;&gt;</a>&nbsp;&nbsp;&nbsp;DisplayMenu
<LI><a href="#[7b]">&gt;&gt;</a>&nbsp;&nbsp;&nbsp;ReadKey
<LI><a href="#[7a]">&gt;&gt;</a>&nbsp;&nbsp;&nbsp;IntExtOnOffConfig
<LI><a href="#[81]">&gt;&gt;</a>&nbsp;&nbsp;&nbsp;RCC_AHBPeriphClockCmd
<LI><a href="#[84]">&gt;&gt;</a>&nbsp;&nbsp;&nbsp;LCD_WindowModeDisable
<LI><a href="#[7d]">&gt;&gt;</a>&nbsp;&nbsp;&nbsp;LCD_SetTextColor
<LI><a href="#[7c]">&gt;&gt;</a>&nbsp;&nbsp;&nbsp;LCD_SetBackColor
<LI><a href="#[7f]">&gt;&gt;</a>&nbsp;&nbsp;&nbsp;LCD_DisplayStringLine
<LI><a href="#[87]">&gt;&gt;</a>&nbsp;&nbsp;&nbsp;LCD_DisplayChar
<LI><a href="#[7e]">&gt;&gt;</a>&nbsp;&nbsp;&nbsp;LCD_ClearLine
<LI><a href="#[79]">&gt;&gt;</a>&nbsp;&nbsp;&nbsp;LCD_Clear
</UL>
<BR>[Address Reference Count : 1]<UL><LI> menu.o(.data)
</UL>
<P><STRONG><a name="[8e]"></a>AudioFile_Init</STRONG> (Thumb, 54 bytes, Stack size 8 bytes, i2s_codec.o(i.AudioFile_Init))
<BR><BR>[Stack]<UL><LI>Max Depth = 156<LI>Call Chain = AudioFile_Init &rArr; Media_Init &rArr; FSMC_NOR_Init &rArr; GPIO_Init
</UL>
<BR>[Calls]<UL><LI><a href="#[90]">&gt;&gt;</a>&nbsp;&nbsp;&nbsp;Media_BufferRead
<LI><a href="#[8f]">&gt;&gt;</a>&nbsp;&nbsp;&nbsp;Media_Init
<LI><a href="#[91]">&gt;&gt;</a>&nbsp;&nbsp;&nbsp;I2S_CODEC_WaveParsing
</UL>
<BR>[Called By]<UL><LI><a href="#[15]">&gt;&gt;</a>&nbsp;&nbsp;&nbsp;ProductPres
<LI><a href="#[13c]">&gt;&gt;</a>&nbsp;&nbsp;&nbsp;I2S_CODEC_Init
</UL>

<P><STRONG><a name="[92]"></a>BKP_DeInit</STRONG> (Thumb, 18 bytes, Stack size 8 bytes, stm32f10x_bkp.o(i.BKP_DeInit))
<BR><BR>[Stack]<UL><LI>Max Depth = 8<LI>Call Chain = BKP_DeInit
</UL>
<BR>[Calls]<UL><LI><a href="#[93]">&gt;&gt;</a>&nbsp;&nbsp;&nbsp;RCC_BackupResetCmd
</UL>
<BR>[Called By]<UL><LI><a href="#[bd]">&gt;&gt;</a>&nbsp;&nbsp;&nbsp;Time_PreAdjust
</UL>

<P><STRONG><a name="[88]"></a>BKP_ReadBackupRegister</STRONG> (Thumb, 10 bytes, Stack size 0 bytes, stm32f10x_bkp.o(i.BKP_ReadBackupRegister))
<BR><BR>[Called By]<UL><LI><a href="#[85]">&gt;&gt;</a>&nbsp;&nbsp;&nbsp;Alarm_PreAdjust
<LI><a href="#[bd]">&gt;&gt;</a>&nbsp;&nbsp;&nbsp;Time_PreAdjust
<LI><a href="#[d8]">&gt;&gt;</a>&nbsp;&nbsp;&nbsp;Date_PreAdjust
<LI><a href="#[7]">&gt;&gt;</a>&nbsp;&nbsp;&nbsp;Time_Show
<LI><a href="#[2]">&gt;&gt;</a>&nbsp;&nbsp;&nbsp;EnterSTOPMode_RTCAlarm
<LI><a href="#[5]">&gt;&gt;</a>&nbsp;&nbsp;&nbsp;EnterSTANDBYMode_RTCAlarm
<LI><a href="#[9]">&gt;&gt;</a>&nbsp;&nbsp;&nbsp;Date_Show
<LI><a href="#[b]">&gt;&gt;</a>&nbsp;&nbsp;&nbsp;Alarm_Show
<LI><a href="#[bc]">&gt;&gt;</a>&nbsp;&nbsp;&nbsp;Calendar_Init
</UL>

<P><STRONG><a name="[8c]"></a>BKP_WriteBackupRegister</STRONG> (Thumb, 10 bytes, Stack size 0 bytes, stm32f10x_bkp.o(i.BKP_WriteBackupRegister))
<BR><BR>[Called By]<UL><LI><a href="#[85]">&gt;&gt;</a>&nbsp;&nbsp;&nbsp;Alarm_PreAdjust
<LI><a href="#[bd]">&gt;&gt;</a>&nbsp;&nbsp;&nbsp;Time_PreAdjust
<LI><a href="#[d8]">&gt;&gt;</a>&nbsp;&nbsp;&nbsp;Date_PreAdjust
<LI><a href="#[2]">&gt;&gt;</a>&nbsp;&nbsp;&nbsp;EnterSTOPMode_RTCAlarm
<LI><a href="#[5]">&gt;&gt;</a>&nbsp;&nbsp;&nbsp;EnterSTANDBYMode_RTCAlarm
<LI><a href="#[bc]">&gt;&gt;</a>&nbsp;&nbsp;&nbsp;Calendar_Init
<LI><a href="#[c2]">&gt;&gt;</a>&nbsp;&nbsp;&nbsp;Date_Update
</UL>

<P><STRONG><a name="[94]"></a>Bot_Abort</STRONG> (Thumb, 50 bytes, Stack size 8 bytes, usb_bot.o(i.Bot_Abort))
<BR><BR>[Stack]<UL><LI>Max Depth = 8<LI>Call Chain = Bot_Abort
</UL>
<BR>[Calls]<UL><LI><a href="#[95]">&gt;&gt;</a>&nbsp;&nbsp;&nbsp;SetEPTxStatus
<LI><a href="#[96]">&gt;&gt;</a>&nbsp;&nbsp;&nbsp;SetEPRxStatus
</UL>
<BR>[Called By]<UL><LI><a href="#[24]">&gt;&gt;</a>&nbsp;&nbsp;&nbsp;Mass_Storage_ClearFeature
<LI><a href="#[1ae]">&gt;&gt;</a>&nbsp;&nbsp;&nbsp;SCSI_Address_Management
<LI><a href="#[a3]">&gt;&gt;</a>&nbsp;&nbsp;&nbsp;SCSI_Write10_Cmd
<LI><a href="#[a4]">&gt;&gt;</a>&nbsp;&nbsp;&nbsp;SCSI_Verify10_Cmd
<LI><a href="#[a1]">&gt;&gt;</a>&nbsp;&nbsp;&nbsp;SCSI_TestUnitReady_Cmd
<LI><a href="#[9f]">&gt;&gt;</a>&nbsp;&nbsp;&nbsp;SCSI_ReadFormatCapacity_Cmd
<LI><a href="#[a0]">&gt;&gt;</a>&nbsp;&nbsp;&nbsp;SCSI_ReadCapacity10_Cmd
<LI><a href="#[a2]">&gt;&gt;</a>&nbsp;&nbsp;&nbsp;SCSI_Read10_Cmd
<LI><a href="#[a6]">&gt;&gt;</a>&nbsp;&nbsp;&nbsp;SCSI_Invalid_Cmd
<LI><a href="#[a5]">&gt;&gt;</a>&nbsp;&nbsp;&nbsp;SCSI_Format_Cmd
<LI><a href="#[102]">&gt;&gt;</a>&nbsp;&nbsp;&nbsp;Mass_Storage_Out
<LI><a href="#[97]">&gt;&gt;</a>&nbsp;&nbsp;&nbsp;CBW_Decode
</UL>

<P><STRONG><a name="[2a]"></a>BusFaultException</STRONG> (Thumb, 2 bytes, Stack size 0 bytes, stm32f10x_it.o(i.BusFaultException))
<BR><BR>[Calls]<UL><LI><a href="#[2a]">&gt;&gt;</a>&nbsp;&nbsp;&nbsp;BusFaultException
</UL>
<BR>[Called By]<UL><LI><a href="#[2a]">&gt;&gt;</a>&nbsp;&nbsp;&nbsp;BusFaultException
</UL>
<BR>[Address Reference Count : 1]<UL><LI> stm32f10x_vector.o(RESET)
</UL>
<P><STRONG><a name="[1df]"></a>ByteSwap</STRONG> (Thumb, 10 bytes, Stack size 0 bytes, usb_regs.o(i.ByteSwap))
<BR><BR>[Called By]<UL><LI><a href="#[ba]">&gt;&gt;</a>&nbsp;&nbsp;&nbsp;Setup0_Process
</UL>

<P><STRONG><a name="[45]"></a>CAN_RX1_IRQHandler</STRONG> (Thumb, 2 bytes, Stack size 0 bytes, stm32f10x_it.o(i.CAN_RX1_IRQHandler))
<BR>[Address Reference Count : 1]<UL><LI> stm32f10x_vector.o(RESET)
</UL>
<P><STRONG><a name="[46]"></a>CAN_SCE_IRQHandler</STRONG> (Thumb, 2 bytes, Stack size 0 bytes, stm32f10x_it.o(i.CAN_SCE_IRQHandler))
<BR>[Address Reference Count : 1]<UL><LI> stm32f10x_vector.o(RESET)
</UL>
<P><STRONG><a name="[97]"></a>CBW_Decode</STRONG> (Thumb, 392 bytes, Stack size 16 bytes, usb_bot.o(i.CBW_Decode))
<BR><BR>[Stack]<UL><LI>Max Depth = 792<LI>Call Chain = CBW_Decode &rArr; SCSI_Write10_Cmd &rArr; Write_Memory &rArr; MAL_Write &rArr; NAND_Write &rArr; NAND_Write_Cleanup &rArr; NAND_Copy &rArr; FSMC_NAND_WriteSmallPage &rArr; FSMC_NAND_GetStatus
</UL>
<BR>[Calls]<UL><LI><a href="#[94]">&gt;&gt;</a>&nbsp;&nbsp;&nbsp;Bot_Abort
<LI><a href="#[99]">&gt;&gt;</a>&nbsp;&nbsp;&nbsp;Set_CSW
<LI><a href="#[98]">&gt;&gt;</a>&nbsp;&nbsp;&nbsp;Set_Scsi_Sense_Data
<LI><a href="#[a3]">&gt;&gt;</a>&nbsp;&nbsp;&nbsp;SCSI_Write10_Cmd
<LI><a href="#[a4]">&gt;&gt;</a>&nbsp;&nbsp;&nbsp;SCSI_Verify10_Cmd
<LI><a href="#[a1]">&gt;&gt;</a>&nbsp;&nbsp;&nbsp;SCSI_TestUnitReady_Cmd
<LI><a href="#[9c]">&gt;&gt;</a>&nbsp;&nbsp;&nbsp;SCSI_Start_Stop_Unit_Cmd
<LI><a href="#[9a]">&gt;&gt;</a>&nbsp;&nbsp;&nbsp;SCSI_RequestSense_Cmd
<LI><a href="#[9f]">&gt;&gt;</a>&nbsp;&nbsp;&nbsp;SCSI_ReadFormatCapacity_Cmd
<LI><a href="#[a0]">&gt;&gt;</a>&nbsp;&nbsp;&nbsp;SCSI_ReadCapacity10_Cmd
<LI><a href="#[a2]">&gt;&gt;</a>&nbsp;&nbsp;&nbsp;SCSI_Read10_Cmd
<LI><a href="#[9d]">&gt;&gt;</a>&nbsp;&nbsp;&nbsp;SCSI_ModeSense6_Cmd
<LI><a href="#[9e]">&gt;&gt;</a>&nbsp;&nbsp;&nbsp;SCSI_ModeSense10_Cmd
<LI><a href="#[a6]">&gt;&gt;</a>&nbsp;&nbsp;&nbsp;SCSI_Invalid_Cmd
<LI><a href="#[9b]">&gt;&gt;</a>&nbsp;&nbsp;&nbsp;SCSI_Inquiry_Cmd
<LI><a href="#[a5]">&gt;&gt;</a>&nbsp;&nbsp;&nbsp;SCSI_Format_Cmd
</UL>
<BR>[Called By]<UL><LI><a href="#[102]">&gt;&gt;</a>&nbsp;&nbsp;&nbsp;Mass_Storage_Out
</UL>

<P><STRONG><a name="[1f3]"></a>CTR_HP</STRONG> (Thumb, 104 bytes, Stack size 24 bytes, usb_int.o(i.CTR_HP))
<BR><BR>[Stack]<UL><LI>Max Depth = 24<LI>Call Chain = CTR_HP
</UL>
<BR>[Called By]<UL><LI><a href="#[43]">&gt;&gt;</a>&nbsp;&nbsp;&nbsp;USB_HP_CAN_TX_IRQHandler
</UL>

<P><STRONG><a name="[b8]"></a>CTR_LP</STRONG> (Thumb, 316 bytes, Stack size 40 bytes, usb_int.o(i.CTR_LP))
<BR><BR>[Stack]<UL><LI>Max Depth = 120<LI>Call Chain = CTR_LP &rArr; Setup0_Process &rArr; Data_Setup0 &rArr; DataStageIn &rArr; UserToPMABufferCopy
</UL>
<BR>[Calls]<UL><LI><a href="#[ba]">&gt;&gt;</a>&nbsp;&nbsp;&nbsp;Setup0_Process
<LI><a href="#[bb]">&gt;&gt;</a>&nbsp;&nbsp;&nbsp;Out0_Process
<LI><a href="#[b9]">&gt;&gt;</a>&nbsp;&nbsp;&nbsp;In0_Process
</UL>
<BR>[Called By]<UL><LI><a href="#[1f4]">&gt;&gt;</a>&nbsp;&nbsp;&nbsp;USB_Istr
</UL>

<P><STRONG><a name="[bc]"></a>Calendar_Init</STRONG> (Thumb, 396 bytes, Stack size 24 bytes, calendar.o(i.Calendar_Init))
<BR><BR>[Stack]<UL><LI>Max Depth = 212<LI>Call Chain = Calendar_Init &rArr; Time_PreAdjust &rArr;  Date_PreAdjust (Cycle)
</UL>
<BR>[Calls]<UL><LI><a href="#[c0]">&gt;&gt;</a>&nbsp;&nbsp;&nbsp;RTC_ITConfig
<LI><a href="#[bf]">&gt;&gt;</a>&nbsp;&nbsp;&nbsp;PWR_BackupAccessCmd
<LI><a href="#[8c]">&gt;&gt;</a>&nbsp;&nbsp;&nbsp;BKP_WriteBackupRegister
<LI><a href="#[88]">&gt;&gt;</a>&nbsp;&nbsp;&nbsp;BKP_ReadBackupRegister
<LI><a href="#[c4]">&gt;&gt;</a>&nbsp;&nbsp;&nbsp;Date_Display
<LI><a href="#[bd]">&gt;&gt;</a>&nbsp;&nbsp;&nbsp;Time_PreAdjust
<LI><a href="#[be]">&gt;&gt;</a>&nbsp;&nbsp;&nbsp;RCC_APB1PeriphClockCmd
<LI><a href="#[7b]">&gt;&gt;</a>&nbsp;&nbsp;&nbsp;ReadKey
<LI><a href="#[8a]">&gt;&gt;</a>&nbsp;&nbsp;&nbsp;RTC_WaitForLastTask
<LI><a href="#[c3]">&gt;&gt;</a>&nbsp;&nbsp;&nbsp;RTC_SetCounter
<LI><a href="#[c1]">&gt;&gt;</a>&nbsp;&nbsp;&nbsp;RTC_GetCounter
<LI><a href="#[7d]">&gt;&gt;</a>&nbsp;&nbsp;&nbsp;LCD_SetTextColor
<LI><a href="#[7c]">&gt;&gt;</a>&nbsp;&nbsp;&nbsp;LCD_SetBackColor
<LI><a href="#[7f]">&gt;&gt;</a>&nbsp;&nbsp;&nbsp;LCD_DisplayStringLine
<LI><a href="#[87]">&gt;&gt;</a>&nbsp;&nbsp;&nbsp;LCD_DisplayChar
<LI><a href="#[7e]">&gt;&gt;</a>&nbsp;&nbsp;&nbsp;LCD_ClearLine
<LI><a href="#[c2]">&gt;&gt;</a>&nbsp;&nbsp;&nbsp;Date_Update
</UL>
<BR>[Called By]<UL><LI><a href="#[e5]">&gt;&gt;</a>&nbsp;&nbsp;&nbsp;Demo_Init
</UL>

<P><STRONG><a name="[17e]"></a>ClearDTOG_RX</STRONG> (Thumb, 34 bytes, Stack size 0 bytes, usb_regs.o(i.ClearDTOG_RX))
<BR><BR>[Called By]<UL><LI><a href="#[23]">&gt;&gt;</a>&nbsp;&nbsp;&nbsp;Mass_Storage_SetConfiguration
<LI><a href="#[1e]">&gt;&gt;</a>&nbsp;&nbsp;&nbsp;MASS_NoData_Setup
<LI><a href="#[1a1]">&gt;&gt;</a>&nbsp;&nbsp;&nbsp;Standard_ClearFeature
</UL>

<P><STRONG><a name="[17d]"></a>ClearDTOG_TX</STRONG> (Thumb, 34 bytes, Stack size 0 bytes, usb_regs.o(i.ClearDTOG_TX))
<BR><BR>[Called By]<UL><LI><a href="#[23]">&gt;&gt;</a>&nbsp;&nbsp;&nbsp;Mass_Storage_SetConfiguration
<LI><a href="#[1e]">&gt;&gt;</a>&nbsp;&nbsp;&nbsp;MASS_NoData_Setup
<LI><a href="#[1a1]">&gt;&gt;</a>&nbsp;&nbsp;&nbsp;Standard_ClearFeature
</UL>

<P><STRONG><a name="[184]"></a>Clear_Status_Out</STRONG> (Thumb, 22 bytes, Stack size 0 bytes, usb_regs.o(i.Clear_Status_Out))
<BR><BR>[Called By]<UL><LI><a href="#[1a]">&gt;&gt;</a>&nbsp;&nbsp;&nbsp;MASS_Reset
</UL>

<P><STRONG><a name="[3b]"></a>DMA1_Channel1_IRQHandler</STRONG> (Thumb, 2 bytes, Stack size 0 bytes, stm32f10x_it.o(i.DMA1_Channel1_IRQHandler))
<BR>[Address Reference Count : 1]<UL><LI> stm32f10x_vector.o(RESET)
</UL>
<P><STRONG><a name="[3c]"></a>DMA1_Channel2_IRQHandler</STRONG> (Thumb, 2 bytes, Stack size 0 bytes, stm32f10x_it.o(i.DMA1_Channel2_IRQHandler))
<BR>[Address Reference Count : 1]<UL><LI> stm32f10x_vector.o(RESET)
</UL>
<P><STRONG><a name="[3d]"></a>DMA1_Channel3_IRQHandler</STRONG> (Thumb, 2 bytes, Stack size 0 bytes, stm32f10x_it.o(i.DMA1_Channel3_IRQHandler))
<BR>[Address Reference Count : 1]<UL><LI> stm32f10x_vector.o(RESET)
</UL>
<P><STRONG><a name="[3e]"></a>DMA1_Channel4_IRQHandler</STRONG> (Thumb, 2 bytes, Stack size 0 bytes, stm32f10x_it.o(i.DMA1_Channel4_IRQHandler))
<BR>[Address Reference Count : 1]<UL><LI> stm32f10x_vector.o(RESET)
</UL>
<P><STRONG><a name="[3f]"></a>DMA1_Channel5_IRQHandler</STRONG> (Thumb, 2 bytes, Stack size 0 bytes, stm32f10x_it.o(i.DMA1_Channel5_IRQHandler))
<BR>[Address Reference Count : 1]<UL><LI> stm32f10x_vector.o(RESET)
</UL>
<P><STRONG><a name="[40]"></a>DMA1_Channel6_IRQHandler</STRONG> (Thumb, 2 bytes, Stack size 0 bytes, stm32f10x_it.o(i.DMA1_Channel6_IRQHandler))
<BR>[Address Reference Count : 1]<UL><LI> stm32f10x_vector.o(RESET)
</UL>
<P><STRONG><a name="[41]"></a>DMA1_Channel7_IRQHandler</STRONG> (Thumb, 2 bytes, Stack size 0 bytes, stm32f10x_it.o(i.DMA1_Channel7_IRQHandler))
<BR>[Address Reference Count : 1]<UL><LI> stm32f10x_vector.o(RESET)
</UL>
<P><STRONG><a name="[68]"></a>DMA2_Channel1_IRQHandler</STRONG> (Thumb, 2 bytes, Stack size 0 bytes, stm32f10x_it.o(i.DMA2_Channel1_IRQHandler))
<BR>[Address Reference Count : 1]<UL><LI> stm32f10x_vector.o(RESET)
</UL>
<P><STRONG><a name="[69]"></a>DMA2_Channel2_IRQHandler</STRONG> (Thumb, 2 bytes, Stack size 0 bytes, stm32f10x_it.o(i.DMA2_Channel2_IRQHandler))
<BR>[Address Reference Count : 1]<UL><LI> stm32f10x_vector.o(RESET)
</UL>
<P><STRONG><a name="[6a]"></a>DMA2_Channel3_IRQHandler</STRONG> (Thumb, 2 bytes, Stack size 0 bytes, stm32f10x_it.o(i.DMA2_Channel3_IRQHandler))
<BR>[Address Reference Count : 1]<UL><LI> stm32f10x_vector.o(RESET)
</UL>
<P><STRONG><a name="[6b]"></a>DMA2_Channel4_5_IRQHandler</STRONG> (Thumb, 2 bytes, Stack size 0 bytes, stm32f10x_it.o(i.DMA2_Channel4_5_IRQHandler))
<BR>[Address Reference Count : 1]<UL><LI> stm32f10x_vector.o(RESET)
</UL>
<P><STRONG><a name="[cc]"></a>DMA_ClearFlag</STRONG> (Thumb, 16 bytes, Stack size 0 bytes, stm32f10x_dma.o(i.DMA_ClearFlag))
<BR><BR>[Called By]<UL><LI><a href="#[cf]">&gt;&gt;</a>&nbsp;&nbsp;&nbsp;DMA_TxConfiguration
<LI><a href="#[cb]">&gt;&gt;</a>&nbsp;&nbsp;&nbsp;DMA_RxConfiguration
</UL>

<P><STRONG><a name="[cd]"></a>DMA_Cmd</STRONG> (Thumb, 20 bytes, Stack size 0 bytes, stm32f10x_dma.o(i.DMA_Cmd))
<BR><BR>[Called By]<UL><LI><a href="#[cf]">&gt;&gt;</a>&nbsp;&nbsp;&nbsp;DMA_TxConfiguration
<LI><a href="#[cb]">&gt;&gt;</a>&nbsp;&nbsp;&nbsp;DMA_RxConfiguration
</UL>

<P><STRONG><a name="[1d6]"></a>DMA_GetFlagStatus</STRONG> (Thumb, 24 bytes, Stack size 0 bytes, stm32f10x_dma.o(i.DMA_GetFlagStatus))
<BR><BR>[Called By]<UL><LI><a href="#[17a]">&gt;&gt;</a>&nbsp;&nbsp;&nbsp;SD_WriteBlock
<LI><a href="#[177]">&gt;&gt;</a>&nbsp;&nbsp;&nbsp;SD_ReadBlock
</UL>

<P><STRONG><a name="[ce]"></a>DMA_Init</STRONG> (Thumb, 58 bytes, Stack size 12 bytes, stm32f10x_dma.o(i.DMA_Init))
<BR><BR>[Stack]<UL><LI>Max Depth = 12<LI>Call Chain = DMA_Init
</UL>
<BR>[Called By]<UL><LI><a href="#[cf]">&gt;&gt;</a>&nbsp;&nbsp;&nbsp;DMA_TxConfiguration
<LI><a href="#[cb]">&gt;&gt;</a>&nbsp;&nbsp;&nbsp;DMA_RxConfiguration
</UL>

<P><STRONG><a name="[8]"></a>Date_Adjust</STRONG> (Thumb, 42 bytes, Stack size 8 bytes, calendar.o(i.Date_Adjust))
<BR><BR>[Stack]<UL><LI>Max Depth = 204<LI>Call Chain = Date_Adjust &rArr; Date_PreAdjust &rArr; Time_PreAdjust &rArr;  Date_PreAdjust (Cycle)
</UL>
<BR>[Calls]<UL><LI><a href="#[d8]">&gt;&gt;</a>&nbsp;&nbsp;&nbsp;Date_PreAdjust
<LI><a href="#[80]">&gt;&gt;</a>&nbsp;&nbsp;&nbsp;DisplayMenu
<LI><a href="#[7b]">&gt;&gt;</a>&nbsp;&nbsp;&nbsp;ReadKey
<LI><a href="#[7a]">&gt;&gt;</a>&nbsp;&nbsp;&nbsp;IntExtOnOffConfig
<LI><a href="#[79]">&gt;&gt;</a>&nbsp;&nbsp;&nbsp;LCD_Clear
</UL>
<BR>[Address Reference Count : 1]<UL><LI> menu.o(.data)
</UL>
<P><STRONG><a name="[c4]"></a>Date_Display</STRONG> (Thumb, 592 bytes, Stack size 48 bytes, calendar.o(i.Date_Display))
<BR><BR>[Stack]<UL><LI>Max Depth = 108<LI>Call Chain = Date_Display &rArr; LCD_DisplayStringLine &rArr; LCD_DisplayChar &rArr; LCD_DrawChar &rArr; LCD_SetCursor
</UL>
<BR>[Calls]<UL><LI><a href="#[d9]">&gt;&gt;</a>&nbsp;&nbsp;&nbsp;WeekDayNum
<LI><a href="#[da]">&gt;&gt;</a>&nbsp;&nbsp;&nbsp;IsLeapYear
<LI><a href="#[7d]">&gt;&gt;</a>&nbsp;&nbsp;&nbsp;LCD_SetTextColor
<LI><a href="#[7c]">&gt;&gt;</a>&nbsp;&nbsp;&nbsp;LCD_SetBackColor
<LI><a href="#[db]">&gt;&gt;</a>&nbsp;&nbsp;&nbsp;LCD_DrawRect
<LI><a href="#[7f]">&gt;&gt;</a>&nbsp;&nbsp;&nbsp;LCD_DisplayStringLine
<LI><a href="#[87]">&gt;&gt;</a>&nbsp;&nbsp;&nbsp;LCD_DisplayChar
</UL>
<BR>[Called By]<UL><LI><a href="#[dd]">&gt;&gt;</a>&nbsp;&nbsp;&nbsp;RegulateYear
<LI><a href="#[de]">&gt;&gt;</a>&nbsp;&nbsp;&nbsp;RegulateMonth
<LI><a href="#[d8]">&gt;&gt;</a>&nbsp;&nbsp;&nbsp;Date_PreAdjust
<LI><a href="#[9]">&gt;&gt;</a>&nbsp;&nbsp;&nbsp;Date_Show
<LI><a href="#[bc]">&gt;&gt;</a>&nbsp;&nbsp;&nbsp;Calendar_Init
</UL>

<P><STRONG><a name="[dc]"></a>Date_Regulate</STRONG> (Thumb, 42 bytes, Stack size 8 bytes, calendar.o(i.Date_Regulate))
<BR><BR>[Stack]<UL><LI>Max Depth = 132<LI>Call Chain = Date_Regulate &rArr; RegulateYear &rArr; Date_Display &rArr; LCD_DisplayStringLine &rArr; LCD_DisplayChar &rArr; LCD_DrawChar &rArr; LCD_SetCursor
</UL>
<BR>[Calls]<UL><LI><a href="#[dd]">&gt;&gt;</a>&nbsp;&nbsp;&nbsp;RegulateYear
<LI><a href="#[de]">&gt;&gt;</a>&nbsp;&nbsp;&nbsp;RegulateMonth
<LI><a href="#[df]">&gt;&gt;</a>&nbsp;&nbsp;&nbsp;RegulateDay
<LI><a href="#[7f]">&gt;&gt;</a>&nbsp;&nbsp;&nbsp;LCD_DisplayStringLine
</UL>
<BR>[Called By]<UL><LI><a href="#[d8]">&gt;&gt;</a>&nbsp;&nbsp;&nbsp;Date_PreAdjust
</UL>

<P><STRONG><a name="[9]"></a>Date_Show</STRONG> (Thumb, 1240 bytes, Stack size 40 bytes, calendar.o(i.Date_Show))
<BR><BR>[Stack]<UL><LI>Max Depth = 228<LI>Call Chain = Date_Show &rArr; Time_PreAdjust &rArr;  Date_PreAdjust (Cycle)
</UL>
<BR>[Calls]<UL><LI><a href="#[88]">&gt;&gt;</a>&nbsp;&nbsp;&nbsp;BKP_ReadBackupRegister
<LI><a href="#[c4]">&gt;&gt;</a>&nbsp;&nbsp;&nbsp;Date_Display
<LI><a href="#[d9]">&gt;&gt;</a>&nbsp;&nbsp;&nbsp;WeekDayNum
<LI><a href="#[bd]">&gt;&gt;</a>&nbsp;&nbsp;&nbsp;Time_PreAdjust
<LI><a href="#[da]">&gt;&gt;</a>&nbsp;&nbsp;&nbsp;IsLeapYear
<LI><a href="#[80]">&gt;&gt;</a>&nbsp;&nbsp;&nbsp;DisplayMenu
<LI><a href="#[7b]">&gt;&gt;</a>&nbsp;&nbsp;&nbsp;ReadKey
<LI><a href="#[7a]">&gt;&gt;</a>&nbsp;&nbsp;&nbsp;IntExtOnOffConfig
<LI><a href="#[7d]">&gt;&gt;</a>&nbsp;&nbsp;&nbsp;LCD_SetTextColor
<LI><a href="#[7c]">&gt;&gt;</a>&nbsp;&nbsp;&nbsp;LCD_SetBackColor
<LI><a href="#[db]">&gt;&gt;</a>&nbsp;&nbsp;&nbsp;LCD_DrawRect
<LI><a href="#[7f]">&gt;&gt;</a>&nbsp;&nbsp;&nbsp;LCD_DisplayStringLine
<LI><a href="#[87]">&gt;&gt;</a>&nbsp;&nbsp;&nbsp;LCD_DisplayChar
<LI><a href="#[79]">&gt;&gt;</a>&nbsp;&nbsp;&nbsp;LCD_Clear
</UL>
<BR>[Address Reference Count : 1]<UL><LI> menu.o(.data)
</UL>
<P><STRONG><a name="[c2]"></a>Date_Update</STRONG> (Thumb, 170 bytes, Stack size 24 bytes, calendar.o(i.Date_Update))
<BR><BR>[Stack]<UL><LI>Max Depth = 24<LI>Call Chain = Date_Update
</UL>
<BR>[Calls]<UL><LI><a href="#[8c]">&gt;&gt;</a>&nbsp;&nbsp;&nbsp;BKP_WriteBackupRegister
<LI><a href="#[da]">&gt;&gt;</a>&nbsp;&nbsp;&nbsp;IsLeapYear
</UL>
<BR>[Called By]<UL><LI><a href="#[bc]">&gt;&gt;</a>&nbsp;&nbsp;&nbsp;Calendar_Init
<LI><a href="#[33]">&gt;&gt;</a>&nbsp;&nbsp;&nbsp;RTC_IRQHandler
</UL>

<P><STRONG><a name="[2d]"></a>DebugMonitor</STRONG> (Thumb, 2 bytes, Stack size 0 bytes, stm32f10x_it.o(i.DebugMonitor))
<BR>[Address Reference Count : 1]<UL><LI> stm32f10x_vector.o(RESET)
</UL>
<P><STRONG><a name="[e0]"></a>DecrementVar_AudioDataIndex</STRONG> (Thumb, 20 bytes, Stack size 0 bytes, i2s_codec.o(i.DecrementVar_AudioDataIndex))
<BR><BR>[Calls]<UL><LI><a href="#[e1]">&gt;&gt;</a>&nbsp;&nbsp;&nbsp;ResetVar_AudioDataIndex
</UL>
<BR>[Called By]<UL><LI><a href="#[146]">&gt;&gt;</a>&nbsp;&nbsp;&nbsp;I2S_CODEC_RewindPlay
</UL>

<P><STRONG><a name="[14d]"></a>Decrement_AudioReplay</STRONG> (Thumb, 26 bytes, Stack size 0 bytes, i2s_codec.o(i.Decrement_AudioReplay))
<BR><BR>[Called By]<UL><LI><a href="#[137]">&gt;&gt;</a>&nbsp;&nbsp;&nbsp;IncrementVar_AudioDataIndex
</UL>

<P><STRONG><a name="[1e5]"></a>Decrement_TimingDelay</STRONG> (Thumb, 16 bytes, Stack size 0 bytes, main.o(i.Decrement_TimingDelay))
<BR><BR>[Called By]<UL><LI><a href="#[2f]">&gt;&gt;</a>&nbsp;&nbsp;&nbsp;SysTickHandler
</UL>

<P><STRONG><a name="[e2]"></a>Delay</STRONG> (Thumb, 34 bytes, Stack size 8 bytes, main.o(i.Delay))
<BR><BR>[Stack]<UL><LI>Max Depth = 8<LI>Call Chain = Delay
</UL>
<BR>[Calls]<UL><LI><a href="#[e3]">&gt;&gt;</a>&nbsp;&nbsp;&nbsp;SysTick_CounterCmd
</UL>
<BR>[Called By]<UL><LI><a href="#[12]">&gt;&gt;</a>&nbsp;&nbsp;&nbsp;STM32BannerSpeedFunc
<LI><a href="#[11]">&gt;&gt;</a>&nbsp;&nbsp;&nbsp;STM32BannerFunc
<LI><a href="#[fb]">&gt;&gt;</a>&nbsp;&nbsp;&nbsp;STM32Intro
<LI><a href="#[f9]">&gt;&gt;</a>&nbsp;&nbsp;&nbsp;STM3210E_LCD_Init
</UL>

<P><STRONG><a name="[e4]"></a>DelayJoyStick</STRONG> (Thumb, 48 bytes, Stack size 16 bytes, main.o(i.DelayJoyStick))
<BR><BR>[Stack]<UL><LI>Max Depth = 32<LI>Call Chain = DelayJoyStick &rArr; ReadKey
</UL>
<BR>[Calls]<UL><LI><a href="#[e3]">&gt;&gt;</a>&nbsp;&nbsp;&nbsp;SysTick_CounterCmd
<LI><a href="#[7b]">&gt;&gt;</a>&nbsp;&nbsp;&nbsp;ReadKey
</UL>
<BR>[Called By]<UL><LI><a href="#[15]">&gt;&gt;</a>&nbsp;&nbsp;&nbsp;ProductPres
</UL>

<P><STRONG><a name="[e5]"></a>Demo_Init</STRONG> (Thumb, 210 bytes, Stack size 16 bytes, main.o(i.Demo_Init))
<BR><BR>[Stack]<UL><LI>Max Depth = 316<LI>Call Chain = Demo_Init &rArr; ShowMenuIcons &rArr; DisplayIcons &rArr; LCD_NORDisplay &rArr; FSMC_NOR_Init &rArr; GPIO_Init
</UL>
<BR>[Calls]<UL><LI><a href="#[fe]">&gt;&gt;</a>&nbsp;&nbsp;&nbsp;ShowMenuIcons
<LI><a href="#[fb]">&gt;&gt;</a>&nbsp;&nbsp;&nbsp;STM32Intro
<LI><a href="#[f9]">&gt;&gt;</a>&nbsp;&nbsp;&nbsp;STM3210E_LCD_Init
<LI><a href="#[e8]">&gt;&gt;</a>&nbsp;&nbsp;&nbsp;RCC_WaitForHSEStartUp
<LI><a href="#[f1]">&gt;&gt;</a>&nbsp;&nbsp;&nbsp;RCC_SYSCLKConfig
<LI><a href="#[ee]">&gt;&gt;</a>&nbsp;&nbsp;&nbsp;RCC_PLLConfig
<LI><a href="#[ef]">&gt;&gt;</a>&nbsp;&nbsp;&nbsp;RCC_PLLCmd
<LI><a href="#[ec]">&gt;&gt;</a>&nbsp;&nbsp;&nbsp;RCC_PCLK2Config
<LI><a href="#[ed]">&gt;&gt;</a>&nbsp;&nbsp;&nbsp;RCC_PCLK1Config
<LI><a href="#[eb]">&gt;&gt;</a>&nbsp;&nbsp;&nbsp;RCC_HCLKConfig
<LI><a href="#[f2]">&gt;&gt;</a>&nbsp;&nbsp;&nbsp;RCC_GetSYSCLKSource
<LI><a href="#[e6]">&gt;&gt;</a>&nbsp;&nbsp;&nbsp;RCC_DeInit
<LI><a href="#[f3]">&gt;&gt;</a>&nbsp;&nbsp;&nbsp;RCC_APB2PeriphClockCmd
<LI><a href="#[fa]">&gt;&gt;</a>&nbsp;&nbsp;&nbsp;NVIC_SetSystemHandlerPendingBit
<LI><a href="#[fd]">&gt;&gt;</a>&nbsp;&nbsp;&nbsp;Menu_Init
<LI><a href="#[f8]">&gt;&gt;</a>&nbsp;&nbsp;&nbsp;LowPower_Init
<LI><a href="#[ea]">&gt;&gt;</a>&nbsp;&nbsp;&nbsp;FLASH_SetLatency
<LI><a href="#[e9]">&gt;&gt;</a>&nbsp;&nbsp;&nbsp;FLASH_PrefetchBufferCmd
<LI><a href="#[bc]">&gt;&gt;</a>&nbsp;&nbsp;&nbsp;Calendar_Init
<LI><a href="#[f6]">&gt;&gt;</a>&nbsp;&nbsp;&nbsp;SysTick_Config
<LI><a href="#[f7]">&gt;&gt;</a>&nbsp;&nbsp;&nbsp;LedShow_Init
<LI><a href="#[fc]">&gt;&gt;</a>&nbsp;&nbsp;&nbsp;LedShow
<LI><a href="#[f5]">&gt;&gt;</a>&nbsp;&nbsp;&nbsp;InterruptConfig
<LI><a href="#[f4]">&gt;&gt;</a>&nbsp;&nbsp;&nbsp;GPIO_Config
<LI><a href="#[e7]">&gt;&gt;</a>&nbsp;&nbsp;&nbsp;RCC_HSEConfig
<LI><a href="#[f0]">&gt;&gt;</a>&nbsp;&nbsp;&nbsp;RCC_GetFlagStatus
<LI><a href="#[7d]">&gt;&gt;</a>&nbsp;&nbsp;&nbsp;LCD_SetTextColor
<LI><a href="#[7c]">&gt;&gt;</a>&nbsp;&nbsp;&nbsp;LCD_SetBackColor
<LI><a href="#[79]">&gt;&gt;</a>&nbsp;&nbsp;&nbsp;LCD_Clear
</UL>
<BR>[Called By]<UL><LI><a href="#[6c]">&gt;&gt;</a>&nbsp;&nbsp;&nbsp;main
</UL>

<P><STRONG><a name="[ff]"></a>DisplayIcons</STRONG> (Thumb, 96 bytes, Stack size 40 bytes, menu.o(i.DisplayIcons))
<BR><BR>[Stack]<UL><LI>Max Depth = 212<LI>Call Chain = DisplayIcons &rArr; LCD_NORDisplay &rArr; FSMC_NOR_Init &rArr; GPIO_Init
</UL>
<BR>[Calls]<UL><LI><a href="#[82]">&gt;&gt;</a>&nbsp;&nbsp;&nbsp;LCD_SetDisplayWindow
<LI><a href="#[83]">&gt;&gt;</a>&nbsp;&nbsp;&nbsp;LCD_NORDisplay
<LI><a href="#[81]">&gt;&gt;</a>&nbsp;&nbsp;&nbsp;RCC_AHBPeriphClockCmd
</UL>
<BR>[Called By]<UL><LI><a href="#[fe]">&gt;&gt;</a>&nbsp;&nbsp;&nbsp;ShowMenuIcons
</UL>

<P><STRONG><a name="[80]"></a>DisplayMenu</STRONG> (Thumb, 128 bytes, Stack size 24 bytes, menu.o(i.DisplayMenu))
<BR><BR>[Stack]<UL><LI>Max Depth = 84<LI>Call Chain = DisplayMenu &rArr; LCD_DisplayStringLine &rArr; LCD_DisplayChar &rArr; LCD_DrawChar &rArr; LCD_SetCursor
</UL>
<BR>[Calls]<UL><LI><a href="#[7d]">&gt;&gt;</a>&nbsp;&nbsp;&nbsp;LCD_SetTextColor
<LI><a href="#[7c]">&gt;&gt;</a>&nbsp;&nbsp;&nbsp;LCD_SetBackColor
<LI><a href="#[7f]">&gt;&gt;</a>&nbsp;&nbsp;&nbsp;LCD_DisplayStringLine
<LI><a href="#[79]">&gt;&gt;</a>&nbsp;&nbsp;&nbsp;LCD_Clear
</UL>
<BR>[Called By]<UL><LI><a href="#[10]">&gt;&gt;</a>&nbsp;&nbsp;&nbsp;WavePlayer_StartSpeaker
<LI><a href="#[7]">&gt;&gt;</a>&nbsp;&nbsp;&nbsp;Time_Show
<LI><a href="#[6]">&gt;&gt;</a>&nbsp;&nbsp;&nbsp;Time_Adjust
<LI><a href="#[e]">&gt;&gt;</a>&nbsp;&nbsp;&nbsp;Thermometer_Temperature
<LI><a href="#[13]">&gt;&gt;</a>&nbsp;&nbsp;&nbsp;Mass_Storage_Start
<LI><a href="#[14]">&gt;&gt;</a>&nbsp;&nbsp;&nbsp;Mass_Storage_Recovery
<LI><a href="#[2]">&gt;&gt;</a>&nbsp;&nbsp;&nbsp;EnterSTOPMode_RTCAlarm
<LI><a href="#[1]">&gt;&gt;</a>&nbsp;&nbsp;&nbsp;EnterSTOPMode_EXTI
<LI><a href="#[5]">&gt;&gt;</a>&nbsp;&nbsp;&nbsp;EnterSTANDBYMode_RTCAlarm
<LI><a href="#[9]">&gt;&gt;</a>&nbsp;&nbsp;&nbsp;Date_Show
<LI><a href="#[8]">&gt;&gt;</a>&nbsp;&nbsp;&nbsp;Date_Adjust
<LI><a href="#[b]">&gt;&gt;</a>&nbsp;&nbsp;&nbsp;Alarm_Show
<LI><a href="#[a]">&gt;&gt;</a>&nbsp;&nbsp;&nbsp;Alarm_Adjust
<LI><a href="#[f]">&gt;&gt;</a>&nbsp;&nbsp;&nbsp;SmartCard_Start
<LI><a href="#[12]">&gt;&gt;</a>&nbsp;&nbsp;&nbsp;STM32BannerSpeedFunc
<LI><a href="#[11]">&gt;&gt;</a>&nbsp;&nbsp;&nbsp;STM32BannerFunc
<LI><a href="#[3]">&gt;&gt;</a>&nbsp;&nbsp;&nbsp;ReturnFunc
<LI><a href="#[15]">&gt;&gt;</a>&nbsp;&nbsp;&nbsp;ProductPres
<LI><a href="#[d]">&gt;&gt;</a>&nbsp;&nbsp;&nbsp;HelpFunc
<LI><a href="#[c]">&gt;&gt;</a>&nbsp;&nbsp;&nbsp;AboutFunc
<LI><a href="#[1dd]">&gt;&gt;</a>&nbsp;&nbsp;&nbsp;SelFunc
</UL>

<P><STRONG><a name="[100]"></a>DownFunc</STRONG> (Thumb, 124 bytes, Stack size 16 bytes, menu.o(i.DownFunc))
<BR><BR>[Stack]<UL><LI>Max Depth = 76<LI>Call Chain = DownFunc &rArr; LCD_DisplayStringLine &rArr; LCD_DisplayChar &rArr; LCD_DrawChar &rArr; LCD_SetCursor
</UL>
<BR>[Calls]<UL><LI><a href="#[7d]">&gt;&gt;</a>&nbsp;&nbsp;&nbsp;LCD_SetTextColor
<LI><a href="#[7c]">&gt;&gt;</a>&nbsp;&nbsp;&nbsp;LCD_SetBackColor
<LI><a href="#[7f]">&gt;&gt;</a>&nbsp;&nbsp;&nbsp;LCD_DisplayStringLine
</UL>
<BR>[Called By]<UL><LI><a href="#[39]">&gt;&gt;</a>&nbsp;&nbsp;&nbsp;EXTI3_IRQHandler
</UL>

<P><STRONG><a name="[16]"></a>EP1_IN_Callback</STRONG> (Thumb, 4 bytes, Stack size 0 bytes, usb_endp.o(i.EP1_IN_Callback))
<BR><BR>[Stack]<UL><LI>Max Depth = 208<LI>Call Chain = EP1_IN_Callback &rArr; Mass_Storage_In &rArr; SCSI_Read10_Cmd &rArr; Read_Memory &rArr; MAL_Read &rArr; NAND_Read &rArr; NAND_BuildLUT &rArr; ReadSpareArea &rArr; FSMC_NAND_ReadSpareArea &rArr; FSMC_NAND_GetStatus
</UL>
<BR>[Calls]<UL><LI><a href="#[101]">&gt;&gt;</a>&nbsp;&nbsp;&nbsp;Mass_Storage_In
</UL>
<BR>[Address Reference Count : 1]<UL><LI> usb_istr.o(.data)
</UL>
<P><STRONG><a name="[18]"></a>EP2_OUT_Callback</STRONG> (Thumb, 4 bytes, Stack size 0 bytes, usb_endp.o(i.EP2_OUT_Callback))
<BR><BR>[Stack]<UL><LI>Max Depth = 808<LI>Call Chain = EP2_OUT_Callback &rArr; Mass_Storage_Out &rArr; CBW_Decode &rArr; SCSI_Write10_Cmd &rArr; Write_Memory &rArr; MAL_Write &rArr; NAND_Write &rArr; NAND_Write_Cleanup &rArr; NAND_Copy &rArr; FSMC_NAND_WriteSmallPage &rArr; FSMC_NAND_GetStatus
</UL>
<BR>[Calls]<UL><LI><a href="#[102]">&gt;&gt;</a>&nbsp;&nbsp;&nbsp;Mass_Storage_Out
</UL>
<BR>[Address Reference Count : 1]<UL><LI> usb_istr.o(.data)
</UL>
<P><STRONG><a name="[36]"></a>EXTI0_IRQHandler</STRONG> (Thumb, 2 bytes, Stack size 0 bytes, stm32f10x_it.o(i.EXTI0_IRQHandler))
<BR>[Address Reference Count : 1]<UL><LI> stm32f10x_vector.o(RESET)
</UL>
<P><STRONG><a name="[58]"></a>EXTI15_10_IRQHandler</STRONG> (Thumb, 32 bytes, Stack size 8 bytes, stm32f10x_it.o(i.EXTI15_10_IRQHandler))
<BR><BR>[Stack]<UL><LI>Max Depth = 84<LI>Call Chain = EXTI15_10_IRQHandler &rArr; UpFunc &rArr; LCD_DisplayStringLine &rArr; LCD_DisplayChar &rArr; LCD_DrawChar &rArr; LCD_SetCursor
</UL>
<BR>[Calls]<UL><LI><a href="#[104]">&gt;&gt;</a>&nbsp;&nbsp;&nbsp;UpFunc
<LI><a href="#[103]">&gt;&gt;</a>&nbsp;&nbsp;&nbsp;EXTI_GetITStatus
<LI><a href="#[105]">&gt;&gt;</a>&nbsp;&nbsp;&nbsp;EXTI_ClearITPendingBit
</UL>
<BR>[Address Reference Count : 1]<UL><LI> stm32f10x_vector.o(RESET)
</UL>
<P><STRONG><a name="[37]"></a>EXTI1_IRQHandler</STRONG> (Thumb, 2 bytes, Stack size 0 bytes, stm32f10x_it.o(i.EXTI1_IRQHandler))
<BR>[Address Reference Count : 1]<UL><LI> stm32f10x_vector.o(RESET)
</UL>
<P><STRONG><a name="[38]"></a>EXTI2_IRQHandler</STRONG> (Thumb, 2 bytes, Stack size 0 bytes, stm32f10x_it.o(i.EXTI2_IRQHandler))
<BR>[Address Reference Count : 1]<UL><LI> stm32f10x_vector.o(RESET)
</UL>
<P><STRONG><a name="[39]"></a>EXTI3_IRQHandler</STRONG> (Thumb, 28 bytes, Stack size 8 bytes, stm32f10x_it.o(i.EXTI3_IRQHandler))
<BR><BR>[Stack]<UL><LI>Max Depth = 84<LI>Call Chain = EXTI3_IRQHandler &rArr; DownFunc &rArr; LCD_DisplayStringLine &rArr; LCD_DisplayChar &rArr; LCD_DrawChar &rArr; LCD_SetCursor
</UL>
<BR>[Calls]<UL><LI><a href="#[103]">&gt;&gt;</a>&nbsp;&nbsp;&nbsp;EXTI_GetITStatus
<LI><a href="#[105]">&gt;&gt;</a>&nbsp;&nbsp;&nbsp;EXTI_ClearITPendingBit
<LI><a href="#[100]">&gt;&gt;</a>&nbsp;&nbsp;&nbsp;DownFunc
</UL>
<BR>[Address Reference Count : 1]<UL><LI> stm32f10x_vector.o(RESET)
</UL>
<P><STRONG><a name="[3a]"></a>EXTI4_IRQHandler</STRONG> (Thumb, 2 bytes, Stack size 0 bytes, stm32f10x_it.o(i.EXTI4_IRQHandler))
<BR>[Address Reference Count : 1]<UL><LI> stm32f10x_vector.o(RESET)
</UL>
<P><STRONG><a name="[47]"></a>EXTI9_5_IRQHandler</STRONG> (Thumb, 108 bytes, Stack size 8 bytes, stm32f10x_it.o(i.EXTI9_5_IRQHandler))
<BR><BR>[Stack]<UL><LI>Max Depth = 8<LI>Call Chain = EXTI9_5_IRQHandler
</UL>
<BR>[Calls]<UL><LI><a href="#[107]">&gt;&gt;</a>&nbsp;&nbsp;&nbsp;Set_SELStatus
<LI><a href="#[108]">&gt;&gt;</a>&nbsp;&nbsp;&nbsp;Set_CardInserted
<LI><a href="#[10a]">&gt;&gt;</a>&nbsp;&nbsp;&nbsp;SC_Reset
<LI><a href="#[109]">&gt;&gt;</a>&nbsp;&nbsp;&nbsp;SC_PowerCmd
<LI><a href="#[106]">&gt;&gt;</a>&nbsp;&nbsp;&nbsp;Get_SmartCardStatus
<LI><a href="#[103]">&gt;&gt;</a>&nbsp;&nbsp;&nbsp;EXTI_GetITStatus
<LI><a href="#[105]">&gt;&gt;</a>&nbsp;&nbsp;&nbsp;EXTI_ClearITPendingBit
</UL>
<BR>[Address Reference Count : 1]<UL><LI> stm32f10x_vector.o(RESET)
</UL>
<P><STRONG><a name="[105]"></a>EXTI_ClearITPendingBit</STRONG> (Thumb, 6 bytes, Stack size 0 bytes, stm32f10x_exti.o(i.EXTI_ClearITPendingBit))
<BR><BR>[Called By]<UL><LI><a href="#[f]">&gt;&gt;</a>&nbsp;&nbsp;&nbsp;SmartCard_Start
<LI><a href="#[7a]">&gt;&gt;</a>&nbsp;&nbsp;&nbsp;IntExtOnOffConfig
<LI><a href="#[59]">&gt;&gt;</a>&nbsp;&nbsp;&nbsp;RTCAlarm_IRQHandler
<LI><a href="#[47]">&gt;&gt;</a>&nbsp;&nbsp;&nbsp;EXTI9_5_IRQHandler
<LI><a href="#[39]">&gt;&gt;</a>&nbsp;&nbsp;&nbsp;EXTI3_IRQHandler
<LI><a href="#[58]">&gt;&gt;</a>&nbsp;&nbsp;&nbsp;EXTI15_10_IRQHandler
</UL>

<P><STRONG><a name="[103]"></a>EXTI_GetITStatus</STRONG> (Thumb, 28 bytes, Stack size 0 bytes, stm32f10x_exti.o(i.EXTI_GetITStatus))
<BR><BR>[Called By]<UL><LI><a href="#[47]">&gt;&gt;</a>&nbsp;&nbsp;&nbsp;EXTI9_5_IRQHandler
<LI><a href="#[39]">&gt;&gt;</a>&nbsp;&nbsp;&nbsp;EXTI3_IRQHandler
<LI><a href="#[58]">&gt;&gt;</a>&nbsp;&nbsp;&nbsp;EXTI15_10_IRQHandler
</UL>

<P><STRONG><a name="[10c]"></a>EXTI_Init</STRONG> (Thumb, 124 bytes, Stack size 12 bytes, stm32f10x_exti.o(i.EXTI_Init))
<BR><BR>[Stack]<UL><LI>Max Depth = 12<LI>Call Chain = EXTI_Init
</UL>
<BR>[Called By]<UL><LI><a href="#[1]">&gt;&gt;</a>&nbsp;&nbsp;&nbsp;EnterSTOPMode_EXTI
<LI><a href="#[f]">&gt;&gt;</a>&nbsp;&nbsp;&nbsp;SmartCard_Start
<LI><a href="#[f5]">&gt;&gt;</a>&nbsp;&nbsp;&nbsp;InterruptConfig
<LI><a href="#[7a]">&gt;&gt;</a>&nbsp;&nbsp;&nbsp;IntExtOnOffConfig
</UL>

<P><STRONG><a name="[14e]"></a>EXTI_StructInit</STRONG> (Thumb, 14 bytes, Stack size 0 bytes, stm32f10x_exti.o(i.EXTI_StructInit))
<BR><BR>[Called By]<UL><LI><a href="#[7a]">&gt;&gt;</a>&nbsp;&nbsp;&nbsp;IntExtOnOffConfig
</UL>

<P><STRONG><a name="[5]"></a>EnterSTANDBYMode_RTCAlarm</STRONG> (Thumb, 278 bytes, Stack size 8 bytes, lowpower.o(i.EnterSTANDBYMode_RTCAlarm))
<BR><BR>[Stack]<UL><LI>Max Depth = 112 + Unknown Stack Size
<LI>Call Chain = EnterSTANDBYMode_RTCAlarm &rArr; Alarm_PreAdjust &rArr; Alarm_Regulate &rArr; ReadDigit &rArr; LCD_DisplayChar &rArr; LCD_DrawChar &rArr; LCD_SetCursor
</UL>
<BR>[Calls]<UL><LI><a href="#[8c]">&gt;&gt;</a>&nbsp;&nbsp;&nbsp;BKP_WriteBackupRegister
<LI><a href="#[88]">&gt;&gt;</a>&nbsp;&nbsp;&nbsp;BKP_ReadBackupRegister
<LI><a href="#[85]">&gt;&gt;</a>&nbsp;&nbsp;&nbsp;Alarm_PreAdjust
<LI><a href="#[80]">&gt;&gt;</a>&nbsp;&nbsp;&nbsp;DisplayMenu
<LI><a href="#[7b]">&gt;&gt;</a>&nbsp;&nbsp;&nbsp;ReadKey
<LI><a href="#[7a]">&gt;&gt;</a>&nbsp;&nbsp;&nbsp;IntExtOnOffConfig
<LI><a href="#[c1]">&gt;&gt;</a>&nbsp;&nbsp;&nbsp;RTC_GetCounter
<LI><a href="#[10b]">&gt;&gt;</a>&nbsp;&nbsp;&nbsp;PWR_EnterSTANDBYMode
<LI><a href="#[7d]">&gt;&gt;</a>&nbsp;&nbsp;&nbsp;LCD_SetTextColor
<LI><a href="#[7c]">&gt;&gt;</a>&nbsp;&nbsp;&nbsp;LCD_SetBackColor
<LI><a href="#[7f]">&gt;&gt;</a>&nbsp;&nbsp;&nbsp;LCD_DisplayStringLine
<LI><a href="#[7e]">&gt;&gt;</a>&nbsp;&nbsp;&nbsp;LCD_ClearLine
<LI><a href="#[79]">&gt;&gt;</a>&nbsp;&nbsp;&nbsp;LCD_Clear
</UL>
<BR>[Address Reference Count : 1]<UL><LI> menu.o(.data)
</UL>
<P><STRONG><a name="[4]"></a>EnterSTANDBYMode_WAKEUP</STRONG> (Thumb, 144 bytes, Stack size 8 bytes, lowpower.o(i.EnterSTANDBYMode_WAKEUP))
<BR><BR>[Stack]<UL><LI>Max Depth = 68 + Unknown Stack Size
<LI>Call Chain = EnterSTANDBYMode_WAKEUP &rArr; LCD_DisplayStringLine &rArr; LCD_DisplayChar &rArr; LCD_DrawChar &rArr; LCD_SetCursor
</UL>
<BR>[Calls]<UL><LI><a href="#[7b]">&gt;&gt;</a>&nbsp;&nbsp;&nbsp;ReadKey
<LI><a href="#[7a]">&gt;&gt;</a>&nbsp;&nbsp;&nbsp;IntExtOnOffConfig
<LI><a href="#[10b]">&gt;&gt;</a>&nbsp;&nbsp;&nbsp;PWR_EnterSTANDBYMode
<LI><a href="#[7d]">&gt;&gt;</a>&nbsp;&nbsp;&nbsp;LCD_SetTextColor
<LI><a href="#[7c]">&gt;&gt;</a>&nbsp;&nbsp;&nbsp;LCD_SetBackColor
<LI><a href="#[7f]">&gt;&gt;</a>&nbsp;&nbsp;&nbsp;LCD_DisplayStringLine
<LI><a href="#[7e]">&gt;&gt;</a>&nbsp;&nbsp;&nbsp;LCD_ClearLine
<LI><a href="#[79]">&gt;&gt;</a>&nbsp;&nbsp;&nbsp;LCD_Clear
</UL>
<BR>[Address Reference Count : 1]<UL><LI> menu.o(.data)
</UL>
<P><STRONG><a name="[1]"></a>EnterSTOPMode_EXTI</STRONG> (Thumb, 364 bytes, Stack size 48 bytes, lowpower.o(i.EnterSTOPMode_EXTI))
<BR><BR>[Stack]<UL><LI>Max Depth = 132 + Unknown Stack Size
<LI>Call Chain = EnterSTOPMode_EXTI &rArr; DisplayMenu &rArr; LCD_DisplayStringLine &rArr; LCD_DisplayChar &rArr; LCD_DrawChar &rArr; LCD_SetCursor
</UL>
<BR>[Calls]<UL><LI><a href="#[80]">&gt;&gt;</a>&nbsp;&nbsp;&nbsp;DisplayMenu
<LI><a href="#[7b]">&gt;&gt;</a>&nbsp;&nbsp;&nbsp;ReadKey
<LI><a href="#[10d]">&gt;&gt;</a>&nbsp;&nbsp;&nbsp;NVIC_Init
<LI><a href="#[10c]">&gt;&gt;</a>&nbsp;&nbsp;&nbsp;EXTI_Init
<LI><a href="#[7a]">&gt;&gt;</a>&nbsp;&nbsp;&nbsp;IntExtOnOffConfig
<LI><a href="#[7d]">&gt;&gt;</a>&nbsp;&nbsp;&nbsp;LCD_SetTextColor
<LI><a href="#[7c]">&gt;&gt;</a>&nbsp;&nbsp;&nbsp;LCD_SetBackColor
<LI><a href="#[7f]">&gt;&gt;</a>&nbsp;&nbsp;&nbsp;LCD_DisplayStringLine
<LI><a href="#[7e]">&gt;&gt;</a>&nbsp;&nbsp;&nbsp;LCD_ClearLine
<LI><a href="#[79]">&gt;&gt;</a>&nbsp;&nbsp;&nbsp;LCD_Clear
<LI><a href="#[10e]">&gt;&gt;</a>&nbsp;&nbsp;&nbsp;RTC_ClearFlag
<LI><a href="#[110]">&gt;&gt;</a>&nbsp;&nbsp;&nbsp;PWR_EnterSTOPMode
<LI><a href="#[112]">&gt;&gt;</a>&nbsp;&nbsp;&nbsp;SYSCLKConfig_STOP
<LI><a href="#[10f]">&gt;&gt;</a>&nbsp;&nbsp;&nbsp;GPIO_SaveConfig
<LI><a href="#[111]">&gt;&gt;</a>&nbsp;&nbsp;&nbsp;GPIO_RestoreConfig
</UL>
<BR>[Address Reference Count : 1]<UL><LI> menu.o(.data)
</UL>
<P><STRONG><a name="[2]"></a>EnterSTOPMode_RTCAlarm</STRONG> (Thumb, 324 bytes, Stack size 16 bytes, lowpower.o(i.EnterSTOPMode_RTCAlarm))
<BR><BR>[Stack]<UL><LI>Max Depth = 120 + Unknown Stack Size
<LI>Call Chain = EnterSTOPMode_RTCAlarm &rArr; Alarm_PreAdjust &rArr; Alarm_Regulate &rArr; ReadDigit &rArr; LCD_DisplayChar &rArr; LCD_DrawChar &rArr; LCD_SetCursor
</UL>
<BR>[Calls]<UL><LI><a href="#[8c]">&gt;&gt;</a>&nbsp;&nbsp;&nbsp;BKP_WriteBackupRegister
<LI><a href="#[88]">&gt;&gt;</a>&nbsp;&nbsp;&nbsp;BKP_ReadBackupRegister
<LI><a href="#[85]">&gt;&gt;</a>&nbsp;&nbsp;&nbsp;Alarm_PreAdjust
<LI><a href="#[80]">&gt;&gt;</a>&nbsp;&nbsp;&nbsp;DisplayMenu
<LI><a href="#[7b]">&gt;&gt;</a>&nbsp;&nbsp;&nbsp;ReadKey
<LI><a href="#[7a]">&gt;&gt;</a>&nbsp;&nbsp;&nbsp;IntExtOnOffConfig
<LI><a href="#[c1]">&gt;&gt;</a>&nbsp;&nbsp;&nbsp;RTC_GetCounter
<LI><a href="#[7d]">&gt;&gt;</a>&nbsp;&nbsp;&nbsp;LCD_SetTextColor
<LI><a href="#[7c]">&gt;&gt;</a>&nbsp;&nbsp;&nbsp;LCD_SetBackColor
<LI><a href="#[7f]">&gt;&gt;</a>&nbsp;&nbsp;&nbsp;LCD_DisplayStringLine
<LI><a href="#[7e]">&gt;&gt;</a>&nbsp;&nbsp;&nbsp;LCD_ClearLine
<LI><a href="#[79]">&gt;&gt;</a>&nbsp;&nbsp;&nbsp;LCD_Clear
<LI><a href="#[110]">&gt;&gt;</a>&nbsp;&nbsp;&nbsp;PWR_EnterSTOPMode
<LI><a href="#[112]">&gt;&gt;</a>&nbsp;&nbsp;&nbsp;SYSCLKConfig_STOP
<LI><a href="#[10f]">&gt;&gt;</a>&nbsp;&nbsp;&nbsp;GPIO_SaveConfig
<LI><a href="#[111]">&gt;&gt;</a>&nbsp;&nbsp;&nbsp;GPIO_RestoreConfig
</UL>
<BR>[Address Reference Count : 1]<UL><LI> menu.o(.data)
</UL>
<P><STRONG><a name="[34]"></a>FLASH_IRQHandler</STRONG> (Thumb, 2 bytes, Stack size 0 bytes, stm32f10x_it.o(i.FLASH_IRQHandler))
<BR>[Address Reference Count : 1]<UL><LI> stm32f10x_vector.o(RESET)
</UL>
<P><STRONG><a name="[e9]"></a>FLASH_PrefetchBufferCmd</STRONG> (Thumb, 18 bytes, Stack size 0 bytes, stm32f10x_flash.o(i.FLASH_PrefetchBufferCmd))
<BR><BR>[Called By]<UL><LI><a href="#[e5]">&gt;&gt;</a>&nbsp;&nbsp;&nbsp;Demo_Init
</UL>

<P><STRONG><a name="[ea]"></a>FLASH_SetLatency</STRONG> (Thumb, 18 bytes, Stack size 0 bytes, stm32f10x_flash.o(i.FLASH_SetLatency))
<BR><BR>[Called By]<UL><LI><a href="#[e5]">&gt;&gt;</a>&nbsp;&nbsp;&nbsp;Demo_Init
</UL>

<P><STRONG><a name="[60]"></a>FSMC_IRQHandler</STRONG> (Thumb, 2 bytes, Stack size 0 bytes, stm32f10x_it.o(i.FSMC_IRQHandler))
<BR>[Address Reference Count : 1]<UL><LI> stm32f10x_vector.o(RESET)
</UL>
<P><STRONG><a name="[119]"></a>FSMC_NANDCmd</STRONG> (Thumb, 52 bytes, Stack size 0 bytes, stm32f10x_fsmc.o(i.FSMC_NANDCmd))
<BR><BR>[Called By]<UL><LI><a href="#[116]">&gt;&gt;</a>&nbsp;&nbsp;&nbsp;FSMC_NAND_Init
</UL>

<P><STRONG><a name="[118]"></a>FSMC_NANDInit</STRONG> (Thumb, 108 bytes, Stack size 12 bytes, stm32f10x_fsmc.o(i.FSMC_NANDInit))
<BR><BR>[Stack]<UL><LI>Max Depth = 12<LI>Call Chain = FSMC_NANDInit
</UL>
<BR>[Called By]<UL><LI><a href="#[116]">&gt;&gt;</a>&nbsp;&nbsp;&nbsp;FSMC_NAND_Init
</UL>

<P><STRONG><a name="[11b]"></a>FSMC_NAND_AddressIncrement</STRONG> (Thumb, 54 bytes, Stack size 0 bytes, fsmc_nand.o(i.FSMC_NAND_AddressIncrement))
<BR><BR>[Called By]<UL><LI><a href="#[194]">&gt;&gt;</a>&nbsp;&nbsp;&nbsp;NAND_Write_Cleanup
<LI><a href="#[191]">&gt;&gt;</a>&nbsp;&nbsp;&nbsp;NAND_Copy
<LI><a href="#[11e]">&gt;&gt;</a>&nbsp;&nbsp;&nbsp;FSMC_NAND_WriteSpareArea
<LI><a href="#[11d]">&gt;&gt;</a>&nbsp;&nbsp;&nbsp;FSMC_NAND_WriteSmallPage
<LI><a href="#[11c]">&gt;&gt;</a>&nbsp;&nbsp;&nbsp;FSMC_NAND_ReadSpareArea
<LI><a href="#[11a]">&gt;&gt;</a>&nbsp;&nbsp;&nbsp;FSMC_NAND_ReadSmallPage
</UL>

<P><STRONG><a name="[113]"></a>FSMC_NAND_EraseBlock</STRONG> (Thumb, 38 bytes, Stack size 0 bytes, fsmc_nand.o(i.FSMC_NAND_EraseBlock))
<BR><BR>[Stack]<UL><LI>Max Depth = 4<LI>Call Chain = FSMC_NAND_EraseBlock &rArr; FSMC_NAND_GetStatus
</UL>
<BR>[Calls]<UL><LI><a href="#[114]">&gt;&gt;</a>&nbsp;&nbsp;&nbsp;FSMC_NAND_GetStatus
</UL>
<BR>[Called By]<UL><LI><a href="#[194]">&gt;&gt;</a>&nbsp;&nbsp;&nbsp;NAND_Write_Cleanup
<LI><a href="#[18a]">&gt;&gt;</a>&nbsp;&nbsp;&nbsp;NAND_Format
</UL>

<P><STRONG><a name="[114]"></a>FSMC_NAND_GetStatus</STRONG> (Thumb, 38 bytes, Stack size 4 bytes, fsmc_nand.o(i.FSMC_NAND_GetStatus))
<BR><BR>[Stack]<UL><LI>Max Depth = 4<LI>Call Chain = FSMC_NAND_GetStatus
</UL>
<BR>[Calls]<UL><LI><a href="#[115]">&gt;&gt;</a>&nbsp;&nbsp;&nbsp;FSMC_NAND_ReadStatus
</UL>
<BR>[Called By]<UL><LI><a href="#[11e]">&gt;&gt;</a>&nbsp;&nbsp;&nbsp;FSMC_NAND_WriteSpareArea
<LI><a href="#[11d]">&gt;&gt;</a>&nbsp;&nbsp;&nbsp;FSMC_NAND_WriteSmallPage
<LI><a href="#[11c]">&gt;&gt;</a>&nbsp;&nbsp;&nbsp;FSMC_NAND_ReadSpareArea
<LI><a href="#[11a]">&gt;&gt;</a>&nbsp;&nbsp;&nbsp;FSMC_NAND_ReadSmallPage
<LI><a href="#[113]">&gt;&gt;</a>&nbsp;&nbsp;&nbsp;FSMC_NAND_EraseBlock
</UL>

<P><STRONG><a name="[116]"></a>FSMC_NAND_Init</STRONG> (Thumb, 154 bytes, Stack size 80 bytes, fsmc_nand.o(i.FSMC_NAND_Init))
<BR><BR>[Stack]<UL><LI>Max Depth = 100<LI>Call Chain = FSMC_NAND_Init &rArr; GPIO_Init
</UL>
<BR>[Calls]<UL><LI><a href="#[f3]">&gt;&gt;</a>&nbsp;&nbsp;&nbsp;RCC_APB2PeriphClockCmd
<LI><a href="#[117]">&gt;&gt;</a>&nbsp;&nbsp;&nbsp;GPIO_Init
<LI><a href="#[118]">&gt;&gt;</a>&nbsp;&nbsp;&nbsp;FSMC_NANDInit
<LI><a href="#[119]">&gt;&gt;</a>&nbsp;&nbsp;&nbsp;FSMC_NANDCmd
</UL>
<BR>[Called By]<UL><LI><a href="#[14]">&gt;&gt;</a>&nbsp;&nbsp;&nbsp;Mass_Storage_Recovery
<LI><a href="#[175]">&gt;&gt;</a>&nbsp;&nbsp;&nbsp;NAND_Init
</UL>

<P><STRONG><a name="[16f]"></a>FSMC_NAND_ReadID</STRONG> (Thumb, 34 bytes, Stack size 0 bytes, fsmc_nand.o(i.FSMC_NAND_ReadID))
<BR><BR>[Called By]<UL><LI><a href="#[16e]">&gt;&gt;</a>&nbsp;&nbsp;&nbsp;MAL_GetStatus
</UL>

<P><STRONG><a name="[11a]"></a>FSMC_NAND_ReadSmallPage</STRONG> (Thumb, 116 bytes, Stack size 44 bytes, fsmc_nand.o(i.FSMC_NAND_ReadSmallPage))
<BR><BR>[Stack]<UL><LI>Max Depth = 48<LI>Call Chain = FSMC_NAND_ReadSmallPage &rArr; FSMC_NAND_GetStatus
</UL>
<BR>[Calls]<UL><LI><a href="#[114]">&gt;&gt;</a>&nbsp;&nbsp;&nbsp;FSMC_NAND_GetStatus
<LI><a href="#[11b]">&gt;&gt;</a>&nbsp;&nbsp;&nbsp;FSMC_NAND_AddressIncrement
</UL>
<BR>[Called By]<UL><LI><a href="#[191]">&gt;&gt;</a>&nbsp;&nbsp;&nbsp;NAND_Copy
<LI><a href="#[178]">&gt;&gt;</a>&nbsp;&nbsp;&nbsp;NAND_Read
</UL>

<P><STRONG><a name="[11c]"></a>FSMC_NAND_ReadSpareArea</STRONG> (Thumb, 116 bytes, Stack size 44 bytes, fsmc_nand.o(i.FSMC_NAND_ReadSpareArea))
<BR><BR>[Stack]<UL><LI>Max Depth = 48<LI>Call Chain = FSMC_NAND_ReadSpareArea &rArr; FSMC_NAND_GetStatus
</UL>
<BR>[Calls]<UL><LI><a href="#[114]">&gt;&gt;</a>&nbsp;&nbsp;&nbsp;FSMC_NAND_GetStatus
<LI><a href="#[11b]">&gt;&gt;</a>&nbsp;&nbsp;&nbsp;FSMC_NAND_AddressIncrement
</UL>
<BR>[Called By]<UL><LI><a href="#[190]">&gt;&gt;</a>&nbsp;&nbsp;&nbsp;ReadSpareArea
</UL>

<P><STRONG><a name="[115]"></a>FSMC_NAND_ReadStatus</STRONG> (Thumb, 28 bytes, Stack size 0 bytes, fsmc_nand.o(i.FSMC_NAND_ReadStatus))
<BR><BR>[Called By]<UL><LI><a href="#[114]">&gt;&gt;</a>&nbsp;&nbsp;&nbsp;FSMC_NAND_GetStatus
</UL>

<P><STRONG><a name="[11d]"></a>FSMC_NAND_WriteSmallPage</STRONG> (Thumb, 148 bytes, Stack size 52 bytes, fsmc_nand.o(i.FSMC_NAND_WriteSmallPage))
<BR><BR>[Stack]<UL><LI>Max Depth = 56<LI>Call Chain = FSMC_NAND_WriteSmallPage &rArr; FSMC_NAND_GetStatus
</UL>
<BR>[Calls]<UL><LI><a href="#[114]">&gt;&gt;</a>&nbsp;&nbsp;&nbsp;FSMC_NAND_GetStatus
<LI><a href="#[11b]">&gt;&gt;</a>&nbsp;&nbsp;&nbsp;FSMC_NAND_AddressIncrement
</UL>
<BR>[Called By]<UL><LI><a href="#[191]">&gt;&gt;</a>&nbsp;&nbsp;&nbsp;NAND_Copy
<LI><a href="#[17b]">&gt;&gt;</a>&nbsp;&nbsp;&nbsp;NAND_Write
</UL>

<P><STRONG><a name="[11e]"></a>FSMC_NAND_WriteSpareArea</STRONG> (Thumb, 146 bytes, Stack size 52 bytes, fsmc_nand.o(i.FSMC_NAND_WriteSpareArea))
<BR><BR>[Stack]<UL><LI>Max Depth = 56<LI>Call Chain = FSMC_NAND_WriteSpareArea &rArr; FSMC_NAND_GetStatus
</UL>
<BR>[Calls]<UL><LI><a href="#[114]">&gt;&gt;</a>&nbsp;&nbsp;&nbsp;FSMC_NAND_GetStatus
<LI><a href="#[11b]">&gt;&gt;</a>&nbsp;&nbsp;&nbsp;FSMC_NAND_AddressIncrement
</UL>
<BR>[Called By]<UL><LI><a href="#[194]">&gt;&gt;</a>&nbsp;&nbsp;&nbsp;NAND_Write_Cleanup
</UL>

<P><STRONG><a name="[121]"></a>FSMC_NORSRAMCmd</STRONG> (Thumb, 26 bytes, Stack size 0 bytes, stm32f10x_fsmc.o(i.FSMC_NORSRAMCmd))
<BR><BR>[Called By]<UL><LI><a href="#[159]">&gt;&gt;</a>&nbsp;&nbsp;&nbsp;LCD_FSMCConfig
<LI><a href="#[90]">&gt;&gt;</a>&nbsp;&nbsp;&nbsp;Media_BufferRead
<LI><a href="#[11f]">&gt;&gt;</a>&nbsp;&nbsp;&nbsp;FSMC_NOR_Init
<LI><a href="#[135]">&gt;&gt;</a>&nbsp;&nbsp;&nbsp;Media_ReadHalfWord
<LI><a href="#[8f]">&gt;&gt;</a>&nbsp;&nbsp;&nbsp;Media_Init
</UL>

<P><STRONG><a name="[120]"></a>FSMC_NORSRAMInit</STRONG> (Thumb, 196 bytes, Stack size 8 bytes, stm32f10x_fsmc.o(i.FSMC_NORSRAMInit))
<BR><BR>[Stack]<UL><LI>Max Depth = 8<LI>Call Chain = FSMC_NORSRAMInit
</UL>
<BR>[Called By]<UL><LI><a href="#[159]">&gt;&gt;</a>&nbsp;&nbsp;&nbsp;LCD_FSMCConfig
<LI><a href="#[11f]">&gt;&gt;</a>&nbsp;&nbsp;&nbsp;FSMC_NOR_Init
</UL>

<P><STRONG><a name="[11f]"></a>FSMC_NOR_Init</STRONG> (Thumb, 232 bytes, Stack size 104 bytes, fsmc_nor.o(i.FSMC_NOR_Init))
<BR><BR>[Stack]<UL><LI>Max Depth = 124<LI>Call Chain = FSMC_NOR_Init &rArr; GPIO_Init
</UL>
<BR>[Calls]<UL><LI><a href="#[120]">&gt;&gt;</a>&nbsp;&nbsp;&nbsp;FSMC_NORSRAMInit
<LI><a href="#[121]">&gt;&gt;</a>&nbsp;&nbsp;&nbsp;FSMC_NORSRAMCmd
<LI><a href="#[f3]">&gt;&gt;</a>&nbsp;&nbsp;&nbsp;RCC_APB2PeriphClockCmd
<LI><a href="#[117]">&gt;&gt;</a>&nbsp;&nbsp;&nbsp;GPIO_Init
</UL>
<BR>[Called By]<UL><LI><a href="#[83]">&gt;&gt;</a>&nbsp;&nbsp;&nbsp;LCD_NORDisplay
<LI><a href="#[8f]">&gt;&gt;</a>&nbsp;&nbsp;&nbsp;Media_Init
</UL>

<P><STRONG><a name="[15a]"></a>FSMC_NOR_ReadID</STRONG> (Thumb, 38 bytes, Stack size 0 bytes, fsmc_nor.o(i.FSMC_NOR_ReadID))
<BR><BR>[Called By]<UL><LI><a href="#[83]">&gt;&gt;</a>&nbsp;&nbsp;&nbsp;LCD_NORDisplay
</UL>

<P><STRONG><a name="[15b]"></a>FSMC_NOR_ReturnToReadMode</STRONG> (Thumb, 12 bytes, Stack size 0 bytes, fsmc_nor.o(i.FSMC_NOR_ReturnToReadMode))
<BR><BR>[Called By]<UL><LI><a href="#[83]">&gt;&gt;</a>&nbsp;&nbsp;&nbsp;LCD_NORDisplay
<LI><a href="#[8f]">&gt;&gt;</a>&nbsp;&nbsp;&nbsp;Media_Init
</UL>

<P><STRONG><a name="[f4]"></a>GPIO_Config</STRONG> (Thumb, 92 bytes, Stack size 16 bytes, main.o(i.GPIO_Config))
<BR><BR>[Stack]<UL><LI>Max Depth = 36<LI>Call Chain = GPIO_Config &rArr; GPIO_Init
</UL>
<BR>[Calls]<UL><LI><a href="#[117]">&gt;&gt;</a>&nbsp;&nbsp;&nbsp;GPIO_Init
<LI><a href="#[127]">&gt;&gt;</a>&nbsp;&nbsp;&nbsp;GPIO_EXTILineConfig
</UL>
<BR>[Called By]<UL><LI><a href="#[e5]">&gt;&gt;</a>&nbsp;&nbsp;&nbsp;Demo_Init
</UL>

<P><STRONG><a name="[128]"></a>GPIO_DeInit</STRONG> (Thumb, 152 bytes, Stack size 8 bytes, stm32f10x_gpio.o(i.GPIO_DeInit))
<BR><BR>[Stack]<UL><LI>Max Depth = 8<LI>Call Chain = GPIO_DeInit
</UL>
<BR>[Calls]<UL><LI><a href="#[129]">&gt;&gt;</a>&nbsp;&nbsp;&nbsp;RCC_APB2PeriphResetCmd
</UL>
<BR>[Called By]<UL><LI><a href="#[1b3]">&gt;&gt;</a>&nbsp;&nbsp;&nbsp;SC_Handler
</UL>

<P><STRONG><a name="[127]"></a>GPIO_EXTILineConfig</STRONG> (Thumb, 34 bytes, Stack size 8 bytes, stm32f10x_gpio.o(i.GPIO_EXTILineConfig))
<BR><BR>[Stack]<UL><LI>Max Depth = 8<LI>Call Chain = GPIO_EXTILineConfig
</UL>
<BR>[Called By]<UL><LI><a href="#[f]">&gt;&gt;</a>&nbsp;&nbsp;&nbsp;SmartCard_Start
<LI><a href="#[f4]">&gt;&gt;</a>&nbsp;&nbsp;&nbsp;GPIO_Config
</UL>

<P><STRONG><a name="[117]"></a>GPIO_Init</STRONG> (Thumb, 162 bytes, Stack size 20 bytes, stm32f10x_gpio.o(i.GPIO_Init))
<BR><BR>[Stack]<UL><LI>Max Depth = 20<LI>Call Chain = GPIO_Init
</UL>
<BR>[Called By]<UL><LI><a href="#[18b]">&gt;&gt;</a>&nbsp;&nbsp;&nbsp;USB_Disconnect_Config
<LI><a href="#[155]">&gt;&gt;</a>&nbsp;&nbsp;&nbsp;LCD_CtrlLinesConfig
<LI><a href="#[90]">&gt;&gt;</a>&nbsp;&nbsp;&nbsp;Media_BufferRead
<LI><a href="#[11f]">&gt;&gt;</a>&nbsp;&nbsp;&nbsp;FSMC_NOR_Init
<LI><a href="#[f]">&gt;&gt;</a>&nbsp;&nbsp;&nbsp;SmartCard_Start
<LI><a href="#[12]">&gt;&gt;</a>&nbsp;&nbsp;&nbsp;STM32BannerSpeedFunc
<LI><a href="#[f7]">&gt;&gt;</a>&nbsp;&nbsp;&nbsp;LedShow_Init
<LI><a href="#[f4]">&gt;&gt;</a>&nbsp;&nbsp;&nbsp;GPIO_Config
<LI><a href="#[170]">&gt;&gt;</a>&nbsp;&nbsp;&nbsp;SD_Init
<LI><a href="#[116]">&gt;&gt;</a>&nbsp;&nbsp;&nbsp;FSMC_NAND_Init
<LI><a href="#[12e]">&gt;&gt;</a>&nbsp;&nbsp;&nbsp;I2C_LM75_Init
<LI><a href="#[10f]">&gt;&gt;</a>&nbsp;&nbsp;&nbsp;GPIO_SaveConfig
<LI><a href="#[135]">&gt;&gt;</a>&nbsp;&nbsp;&nbsp;Media_ReadHalfWord
<LI><a href="#[8f]">&gt;&gt;</a>&nbsp;&nbsp;&nbsp;Media_Init
<LI><a href="#[13d]">&gt;&gt;</a>&nbsp;&nbsp;&nbsp;I2S_GPIO_Config
<LI><a href="#[1b4]">&gt;&gt;</a>&nbsp;&nbsp;&nbsp;SC_Init
</UL>

<P><STRONG><a name="[1ac]"></a>GPIO_ReadInputDataBit</STRONG> (Thumb, 14 bytes, Stack size 0 bytes, stm32f10x_gpio.o(i.GPIO_ReadInputDataBit))
<BR><BR>[Called By]<UL><LI><a href="#[1b3]">&gt;&gt;</a>&nbsp;&nbsp;&nbsp;SC_Handler
<LI><a href="#[fe]">&gt;&gt;</a>&nbsp;&nbsp;&nbsp;ShowMenuIcons
<LI><a href="#[7b]">&gt;&gt;</a>&nbsp;&nbsp;&nbsp;ReadKey
</UL>

<P><STRONG><a name="[144]"></a>GPIO_ResetBits</STRONG> (Thumb, 4 bytes, Stack size 0 bytes, stm32f10x_gpio.o(i.GPIO_ResetBits))
<BR><BR>[Called By]<UL><LI><a href="#[186]">&gt;&gt;</a>&nbsp;&nbsp;&nbsp;USB_NotConfigured_LED
<LI><a href="#[1a5]">&gt;&gt;</a>&nbsp;&nbsp;&nbsp;USB_Cable_Config
<LI><a href="#[168]">&gt;&gt;</a>&nbsp;&nbsp;&nbsp;Led_RW_OFF
<LI><a href="#[109]">&gt;&gt;</a>&nbsp;&nbsp;&nbsp;SC_PowerCmd
<LI><a href="#[49]">&gt;&gt;</a>&nbsp;&nbsp;&nbsp;TIM1_UP_IRQHandler
<LI><a href="#[16e]">&gt;&gt;</a>&nbsp;&nbsp;&nbsp;MAL_GetStatus
<LI><a href="#[a9]">&gt;&gt;</a>&nbsp;&nbsp;&nbsp;I2S_CODEC_Reset
<LI><a href="#[143]">&gt;&gt;</a>&nbsp;&nbsp;&nbsp;I2S_CODEC_PowerDown
<LI><a href="#[13d]">&gt;&gt;</a>&nbsp;&nbsp;&nbsp;I2S_GPIO_Config
</UL>

<P><STRONG><a name="[13e]"></a>GPIO_SetBits</STRONG> (Thumb, 4 bytes, Stack size 0 bytes, stm32f10x_gpio.o(i.GPIO_SetBits))
<BR><BR>[Called By]<UL><LI><a href="#[1a5]">&gt;&gt;</a>&nbsp;&nbsp;&nbsp;USB_Cable_Config
<LI><a href="#[169]">&gt;&gt;</a>&nbsp;&nbsp;&nbsp;Led_RW_ON
<LI><a href="#[90]">&gt;&gt;</a>&nbsp;&nbsp;&nbsp;Media_BufferRead
<LI><a href="#[f]">&gt;&gt;</a>&nbsp;&nbsp;&nbsp;SmartCard_Start
<LI><a href="#[109]">&gt;&gt;</a>&nbsp;&nbsp;&nbsp;SC_PowerCmd
<LI><a href="#[49]">&gt;&gt;</a>&nbsp;&nbsp;&nbsp;TIM1_UP_IRQHandler
<LI><a href="#[27]">&gt;&gt;</a>&nbsp;&nbsp;&nbsp;NMIException
<LI><a href="#[16e]">&gt;&gt;</a>&nbsp;&nbsp;&nbsp;MAL_GetStatus
<LI><a href="#[135]">&gt;&gt;</a>&nbsp;&nbsp;&nbsp;Media_ReadHalfWord
<LI><a href="#[8f]">&gt;&gt;</a>&nbsp;&nbsp;&nbsp;Media_Init
<LI><a href="#[a9]">&gt;&gt;</a>&nbsp;&nbsp;&nbsp;I2S_CODEC_Reset
<LI><a href="#[13c]">&gt;&gt;</a>&nbsp;&nbsp;&nbsp;I2S_CODEC_Init
<LI><a href="#[1b4]">&gt;&gt;</a>&nbsp;&nbsp;&nbsp;SC_Init
</UL>

<P><STRONG><a name="[1c3]"></a>GPIO_WriteBit</STRONG> (Thumb, 10 bytes, Stack size 0 bytes, stm32f10x_gpio.o(i.GPIO_WriteBit))
<BR><BR>[Called By]<UL><LI><a href="#[10a]">&gt;&gt;</a>&nbsp;&nbsp;&nbsp;SC_Reset
</UL>

<P><STRONG><a name="[d5]"></a>GetEPRxAddr</STRONG> (Thumb, 22 bytes, Stack size 0 bytes, usb_regs.o(i.GetEPRxAddr))
[...]
<LI><a href="#[84]">&gt;&gt;</a>&nbsp;&nbsp;&nbsp;LCD_WindowModeDisable
<LI><a href="#[7f]">&gt;&gt;</a>&nbsp;&nbsp;&nbsp;LCD_DisplayStringLine
<LI><a href="#[87]">&gt;&gt;</a>&nbsp;&nbsp;&nbsp;LCD_DisplayChar
<LI><a href="#[7e]">&gt;&gt;</a>&nbsp;&nbsp;&nbsp;LCD_ClearLine
<LI><a href="#[79]">&gt;&gt;</a>&nbsp;&nbsp;&nbsp;LCD_Clear
</UL>
<BR>[Called By]<UL><LI><a href="#[d8]">&gt;&gt;</a>&nbsp;&nbsp;&nbsp;Date_PreAdjust
<LI><a href="#[7]">&gt;&gt;</a>&nbsp;&nbsp;&nbsp;Time_Show
<LI><a href="#[6]">&gt;&gt;</a>&nbsp;&nbsp;&nbsp;Time_Adjust
<LI><a href="#[9]">&gt;&gt;</a>&nbsp;&nbsp;&nbsp;Date_Show
<LI><a href="#[bc]">&gt;&gt;</a>&nbsp;&nbsp;&nbsp;Calendar_Init
</UL>

<P><STRONG><a name="[d9]"></a>WeekDayNum</STRONG> (Thumb, 180 bytes, Stack size 20 bytes, calendar.o(i.WeekDayNum))
<BR><BR>[Stack]<UL><LI>Max Depth = 20<LI>Call Chain = WeekDayNum
</UL>
<BR>[Called By]<UL><LI><a href="#[c4]">&gt;&gt;</a>&nbsp;&nbsp;&nbsp;Date_Display
<LI><a href="#[9]">&gt;&gt;</a>&nbsp;&nbsp;&nbsp;Date_Show
</UL>

<P><STRONG><a name="[a7]"></a>CODEC_Config</STRONG> (Thumb, 540 bytes, Stack size 32 bytes, i2s_codec.o(i.CODEC_Config))
<BR><BR>[Stack]<UL><LI>Max Depth = 132<LI>Call Chain = CODEC_Config &rArr; CODEC_WriteRegister &rArr; I2C_Config &rArr; I2C_Init &rArr; RCC_GetClocksFreq
</UL>
<BR>[Calls]<UL><LI><a href="#[ac]">&gt;&gt;</a>&nbsp;&nbsp;&nbsp;SPI_I2S_ITConfig
<LI><a href="#[ab]">&gt;&gt;</a>&nbsp;&nbsp;&nbsp;SetVar_SendDummyData
<LI><a href="#[a8]">&gt;&gt;</a>&nbsp;&nbsp;&nbsp;ResetVar_SendDummyData
<LI><a href="#[a9]">&gt;&gt;</a>&nbsp;&nbsp;&nbsp;I2S_CODEC_Reset
<LI><a href="#[aa]">&gt;&gt;</a>&nbsp;&nbsp;&nbsp;CODEC_WriteRegister
</UL>
<BR>[Called By]<UL><LI><a href="#[13c]">&gt;&gt;</a>&nbsp;&nbsp;&nbsp;I2S_CODEC_Init
</UL>

<P><STRONG><a name="[ad]"></a>CODEC_ReadRegister</STRONG> (Thumb, 206 bytes, Stack size 24 bytes, i2s_codec.o(i.CODEC_ReadRegister))
<BR><BR>[Stack]<UL><LI>Max Depth = 100<LI>Call Chain = CODEC_ReadRegister &rArr; I2C_Config &rArr; I2C_Init &rArr; RCC_GetClocksFreq
</UL>
<BR>[Calls]<UL><LI><a href="#[af]">&gt;&gt;</a>&nbsp;&nbsp;&nbsp;I2C_SoftwareResetCmd
<LI><a href="#[b5]">&gt;&gt;</a>&nbsp;&nbsp;&nbsp;I2C_SendData
<LI><a href="#[b4]">&gt;&gt;</a>&nbsp;&nbsp;&nbsp;I2C_Send7bitAddress
<LI><a href="#[b7]">&gt;&gt;</a>&nbsp;&nbsp;&nbsp;I2C_ReceiveData
<LI><a href="#[b6]">&gt;&gt;</a>&nbsp;&nbsp;&nbsp;I2C_GenerateSTOP
<LI><a href="#[b1]">&gt;&gt;</a>&nbsp;&nbsp;&nbsp;I2C_GenerateSTART
<LI><a href="#[ae]">&gt;&gt;</a>&nbsp;&nbsp;&nbsp;I2C_Cmd
<LI><a href="#[b2]">&gt;&gt;</a>&nbsp;&nbsp;&nbsp;I2C_CheckEvent
<LI><a href="#[b3]">&gt;&gt;</a>&nbsp;&nbsp;&nbsp;I2C_AcknowledgeConfig
<LI><a href="#[b0]">&gt;&gt;</a>&nbsp;&nbsp;&nbsp;I2C_Config
</UL>
<BR>[Called By]<UL><LI><a href="#[133]">&gt;&gt;</a>&nbsp;&nbsp;&nbsp;I2S_CODEC_ControlVolume
</UL>

<P><STRONG><a name="[aa]"></a>CODEC_WriteRegister</STRONG> (Thumb, 148 bytes, Stack size 24 bytes, i2s_codec.o(i.CODEC_WriteRegister))
<BR><BR>[Stack]<UL><LI>Max Depth = 100<LI>Call Chain = CODEC_WriteRegister &rArr; I2C_Config &rArr; I2C_Init &rArr; RCC_GetClocksFreq
</UL>
<BR>[Calls]<UL><LI><a href="#[af]">&gt;&gt;</a>&nbsp;&nbsp;&nbsp;I2C_SoftwareResetCmd
<LI><a href="#[b5]">&gt;&gt;</a>&nbsp;&nbsp;&nbsp;I2C_SendData
<LI><a href="#[b4]">&gt;&gt;</a>&nbsp;&nbsp;&nbsp;I2C_Send7bitAddress
<LI><a href="#[b6]">&gt;&gt;</a>&nbsp;&nbsp;&nbsp;I2C_GenerateSTOP
<LI><a href="#[b1]">&gt;&gt;</a>&nbsp;&nbsp;&nbsp;I2C_GenerateSTART
<LI><a href="#[ae]">&gt;&gt;</a>&nbsp;&nbsp;&nbsp;I2C_Cmd
<LI><a href="#[b2]">&gt;&gt;</a>&nbsp;&nbsp;&nbsp;I2C_CheckEvent
<LI><a href="#[b0]">&gt;&gt;</a>&nbsp;&nbsp;&nbsp;I2C_Config
</UL>
<BR>[Called By]<UL><LI><a href="#[143]">&gt;&gt;</a>&nbsp;&nbsp;&nbsp;I2S_CODEC_PowerDown
<LI><a href="#[133]">&gt;&gt;</a>&nbsp;&nbsp;&nbsp;I2S_CODEC_ControlVolume
<LI><a href="#[a7]">&gt;&gt;</a>&nbsp;&nbsp;&nbsp;CODEC_Config
</UL>

<P><STRONG><a name="[b0]"></a>I2C_Config</STRONG> (Thumb, 50 bytes, Stack size 24 bytes, i2s_codec.o(i.I2C_Config))
<BR><BR>[Stack]<UL><LI>Max Depth = 76<LI>Call Chain = I2C_Config &rArr; I2C_Init &rArr; RCC_GetClocksFreq
</UL>
<BR>[Calls]<UL><LI><a href="#[12a]">&gt;&gt;</a>&nbsp;&nbsp;&nbsp;I2C_Init
</UL>
<BR>[Called By]<UL><LI><a href="#[aa]">&gt;&gt;</a>&nbsp;&nbsp;&nbsp;CODEC_WriteRegister
<LI><a href="#[ad]">&gt;&gt;</a>&nbsp;&nbsp;&nbsp;CODEC_ReadRegister
</UL>

<P><STRONG><a name="[13d]"></a>I2S_GPIO_Config</STRONG> (Thumb, 164 bytes, Stack size 32 bytes, i2s_codec.o(i.I2S_GPIO_Config))
<BR><BR>[Stack]<UL><LI>Max Depth = 52<LI>Call Chain = I2S_GPIO_Config &rArr; GPIO_Init
</UL>
<BR>[Calls]<UL><LI><a href="#[be]">&gt;&gt;</a>&nbsp;&nbsp;&nbsp;RCC_APB1PeriphClockCmd
<LI><a href="#[f3]">&gt;&gt;</a>&nbsp;&nbsp;&nbsp;RCC_APB2PeriphClockCmd
<LI><a href="#[117]">&gt;&gt;</a>&nbsp;&nbsp;&nbsp;GPIO_Init
<LI><a href="#[144]">&gt;&gt;</a>&nbsp;&nbsp;&nbsp;GPIO_ResetBits
</UL>
<BR>[Called By]<UL><LI><a href="#[13c]">&gt;&gt;</a>&nbsp;&nbsp;&nbsp;I2S_CODEC_Init
</UL>

<P><STRONG><a name="[14a]"></a>ReadUnit</STRONG> (Thumb, 60 bytes, Stack size 20 bytes, i2s_codec.o(i.ReadUnit))
<BR><BR>[Stack]<UL><LI>Max Depth = 20<LI>Call Chain = ReadUnit
</UL>
<BR>[Called By]<UL><LI><a href="#[91]">&gt;&gt;</a>&nbsp;&nbsp;&nbsp;I2S_CODEC_WaveParsing
</UL>

<P><STRONG><a name="[111]"></a>GPIO_RestoreConfig</STRONG> (Thumb, 84 bytes, Stack size 0 bytes, lowpower.o(i.GPIO_RestoreConfig))
<BR><BR>[Called By]<UL><LI><a href="#[2]">&gt;&gt;</a>&nbsp;&nbsp;&nbsp;EnterSTOPMode_RTCAlarm
<LI><a href="#[1]">&gt;&gt;</a>&nbsp;&nbsp;&nbsp;EnterSTOPMode_EXTI
</UL>

<P><STRONG><a name="[10f]"></a>GPIO_SaveConfig</STRONG> (Thumb, 172 bytes, Stack size 32 bytes, lowpower.o(i.GPIO_SaveConfig))
<BR><BR>[Stack]<UL><LI>Max Depth = 52<LI>Call Chain = GPIO_SaveConfig &rArr; GPIO_Init
</UL>
<BR>[Calls]<UL><LI><a href="#[117]">&gt;&gt;</a>&nbsp;&nbsp;&nbsp;GPIO_Init
</UL>
<BR>[Called By]<UL><LI><a href="#[2]">&gt;&gt;</a>&nbsp;&nbsp;&nbsp;EnterSTOPMode_RTCAlarm
<LI><a href="#[1]">&gt;&gt;</a>&nbsp;&nbsp;&nbsp;EnterSTOPMode_EXTI
</UL>

<P><STRONG><a name="[18f]"></a>NAND_BuildLUT</STRONG> (Thumb, 210 bytes, Stack size 32 bytes, nand_if.o(i.NAND_BuildLUT))
<BR><BR>[Stack]<UL><LI>Max Depth = 112<LI>Call Chain = NAND_BuildLUT &rArr; ReadSpareArea &rArr; FSMC_NAND_ReadSpareArea &rArr; FSMC_NAND_GetStatus
</UL>
<BR>[Calls]<UL><LI><a href="#[190]">&gt;&gt;</a>&nbsp;&nbsp;&nbsp;ReadSpareArea
</UL>
<BR>[Called By]<UL><LI><a href="#[194]">&gt;&gt;</a>&nbsp;&nbsp;&nbsp;NAND_Write_Cleanup
<LI><a href="#[17b]">&gt;&gt;</a>&nbsp;&nbsp;&nbsp;NAND_Write
<LI><a href="#[178]">&gt;&gt;</a>&nbsp;&nbsp;&nbsp;NAND_Read
<LI><a href="#[175]">&gt;&gt;</a>&nbsp;&nbsp;&nbsp;NAND_Init
<LI><a href="#[18a]">&gt;&gt;</a>&nbsp;&nbsp;&nbsp;NAND_Format
</UL>

<P><STRONG><a name="[192]"></a>NAND_ConvertPhyAddress</STRONG> (Thumb, 66 bytes, Stack size 12 bytes, nand_if.o(i.NAND_ConvertPhyAddress))
<BR><BR>[Stack]<UL><LI>Max Depth = 12<LI>Call Chain = NAND_ConvertPhyAddress
</UL>
<BR>[Called By]<UL><LI><a href="#[190]">&gt;&gt;</a>&nbsp;&nbsp;&nbsp;ReadSpareArea
<LI><a href="#[18a]">&gt;&gt;</a>&nbsp;&nbsp;&nbsp;NAND_Format
</UL>

<P><STRONG><a name="[191]"></a>NAND_Copy</STRONG> (Thumb, 62 bytes, Stack size 536 bytes, nand_if.o(i.NAND_Copy))
<BR><BR>[Stack]<UL><LI>Max Depth = 592<LI>Call Chain = NAND_Copy &rArr; FSMC_NAND_WriteSmallPage &rArr; FSMC_NAND_GetStatus
</UL>
<BR>[Calls]<UL><LI><a href="#[11d]">&gt;&gt;</a>&nbsp;&nbsp;&nbsp;FSMC_NAND_WriteSmallPage
<LI><a href="#[11a]">&gt;&gt;</a>&nbsp;&nbsp;&nbsp;FSMC_NAND_ReadSmallPage
<LI><a href="#[11b]">&gt;&gt;</a>&nbsp;&nbsp;&nbsp;FSMC_NAND_AddressIncrement
</UL>
<BR>[Called By]<UL><LI><a href="#[194]">&gt;&gt;</a>&nbsp;&nbsp;&nbsp;NAND_Write_Cleanup
</UL>

<P><STRONG><a name="[193]"></a>NAND_GetAddress</STRONG> (Thumb, 66 bytes, Stack size 12 bytes, nand_if.o(i.NAND_GetAddress))
<BR><BR>[Stack]<UL><LI>Max Depth = 12<LI>Call Chain = NAND_GetAddress
</UL>
<BR>[Called By]<UL><LI><a href="#[17b]">&gt;&gt;</a>&nbsp;&nbsp;&nbsp;NAND_Write
<LI><a href="#[178]">&gt;&gt;</a>&nbsp;&nbsp;&nbsp;NAND_Read
</UL>

<P><STRONG><a name="[194]"></a>NAND_Write_Cleanup</STRONG> (Thumb, 244 bytes, Stack size 80 bytes, nand_if.o(i.NAND_Write_Cleanup))
<BR><BR>[Stack]<UL><LI>Max Depth = 672<LI>Call Chain = NAND_Write_Cleanup &rArr; NAND_Copy &rArr; FSMC_NAND_WriteSmallPage &rArr; FSMC_NAND_GetStatus
</UL>
<BR>[Calls]<UL><LI><a href="#[191]">&gt;&gt;</a>&nbsp;&nbsp;&nbsp;NAND_Copy
<LI><a href="#[18f]">&gt;&gt;</a>&nbsp;&nbsp;&nbsp;NAND_BuildLUT
<LI><a href="#[11e]">&gt;&gt;</a>&nbsp;&nbsp;&nbsp;FSMC_NAND_WriteSpareArea
<LI><a href="#[113]">&gt;&gt;</a>&nbsp;&nbsp;&nbsp;FSMC_NAND_EraseBlock
<LI><a href="#[11b]">&gt;&gt;</a>&nbsp;&nbsp;&nbsp;FSMC_NAND_AddressIncrement
</UL>
<BR>[Called By]<UL><LI><a href="#[17b]">&gt;&gt;</a>&nbsp;&nbsp;&nbsp;NAND_Write
</UL>

<P><STRONG><a name="[c5]"></a>CmdResp1Error</STRONG> (Thumb, 224 bytes, Stack size 16 bytes, sdcard.o(i.CmdResp1Error))
<BR><BR>[Stack]<UL><LI>Max Depth = 16<LI>Call Chain = CmdResp1Error
</UL>
<BR>[Calls]<UL><LI><a href="#[c8]">&gt;&gt;</a>&nbsp;&nbsp;&nbsp;SDIO_GetResponse
<LI><a href="#[c7]">&gt;&gt;</a>&nbsp;&nbsp;&nbsp;SDIO_GetCommandResponse
<LI><a href="#[c6]">&gt;&gt;</a>&nbsp;&nbsp;&nbsp;SDIO_ClearFlag
</UL>
<BR>[Called By]<UL><LI><a href="#[17a]">&gt;&gt;</a>&nbsp;&nbsp;&nbsp;SD_WriteBlock
<LI><a href="#[172]">&gt;&gt;</a>&nbsp;&nbsp;&nbsp;SD_SelectDeselect
<LI><a href="#[177]">&gt;&gt;</a>&nbsp;&nbsp;&nbsp;SD_ReadBlock
<LI><a href="#[1d3]">&gt;&gt;</a>&nbsp;&nbsp;&nbsp;SD_StopTransfer
<LI><a href="#[1ca]">&gt;&gt;</a>&nbsp;&nbsp;&nbsp;SD_PowerON
<LI><a href="#[1c6]">&gt;&gt;</a>&nbsp;&nbsp;&nbsp;SDEnWideBus
<LI><a href="#[122]">&gt;&gt;</a>&nbsp;&nbsp;&nbsp;FindSCR
</UL>

<P><STRONG><a name="[c9]"></a>CmdResp2Error</STRONG> (Thumb, 46 bytes, Stack size 8 bytes, sdcard.o(i.CmdResp2Error))
<BR><BR>[Stack]<UL><LI>Max Depth = 8<LI>Call Chain = CmdResp2Error
</UL>
<BR>[Calls]<UL><LI><a href="#[c6]">&gt;&gt;</a>&nbsp;&nbsp;&nbsp;SDIO_ClearFlag
</UL>
<BR>[Called By]<UL><LI><a href="#[1cb]">&gt;&gt;</a>&nbsp;&nbsp;&nbsp;SD_InitializeCards
</UL>

<P><STRONG><a name="[ca]"></a>CmdResp6Error</STRONG> (Thumb, 106 bytes, Stack size 16 bytes, sdcard.o(i.CmdResp6Error))
<BR><BR>[Stack]<UL><LI>Max Depth = 16<LI>Call Chain = CmdResp6Error
</UL>
<BR>[Calls]<UL><LI><a href="#[c8]">&gt;&gt;</a>&nbsp;&nbsp;&nbsp;SDIO_GetResponse
<LI><a href="#[c7]">&gt;&gt;</a>&nbsp;&nbsp;&nbsp;SDIO_GetCommandResponse
<LI><a href="#[c6]">&gt;&gt;</a>&nbsp;&nbsp;&nbsp;SDIO_ClearFlag
</UL>
<BR>[Called By]<UL><LI><a href="#[1cb]">&gt;&gt;</a>&nbsp;&nbsp;&nbsp;SD_InitializeCards
</UL>

<P><STRONG><a name="[cb]"></a>DMA_RxConfiguration</STRONG> (Thumb, 80 bytes, Stack size 64 bytes, sdcard.o(i.DMA_RxConfiguration))
<BR><BR>[Stack]<UL><LI>Max Depth = 76<LI>Call Chain = DMA_RxConfiguration &rArr; DMA_Init
</UL>
<BR>[Calls]<UL><LI><a href="#[ce]">&gt;&gt;</a>&nbsp;&nbsp;&nbsp;DMA_Init
<LI><a href="#[cd]">&gt;&gt;</a>&nbsp;&nbsp;&nbsp;DMA_Cmd
<LI><a href="#[cc]">&gt;&gt;</a>&nbsp;&nbsp;&nbsp;DMA_ClearFlag
</UL>
<BR>[Called By]<UL><LI><a href="#[177]">&gt;&gt;</a>&nbsp;&nbsp;&nbsp;SD_ReadBlock
</UL>

<P><STRONG><a name="[cf]"></a>DMA_TxConfiguration</STRONG> (Thumb, 82 bytes, Stack size 64 bytes, sdcard.o(i.DMA_TxConfiguration))
<BR><BR>[Stack]<UL><LI>Max Depth = 76<LI>Call Chain = DMA_TxConfiguration &rArr; DMA_Init
</UL>
<BR>[Calls]<UL><LI><a href="#[ce]">&gt;&gt;</a>&nbsp;&nbsp;&nbsp;DMA_Init
<LI><a href="#[cd]">&gt;&gt;</a>&nbsp;&nbsp;&nbsp;DMA_Cmd
<LI><a href="#[cc]">&gt;&gt;</a>&nbsp;&nbsp;&nbsp;DMA_ClearFlag
</UL>
<BR>[Called By]<UL><LI><a href="#[17a]">&gt;&gt;</a>&nbsp;&nbsp;&nbsp;SD_WriteBlock
</UL>

<P><STRONG><a name="[122]"></a>FindSCR</STRONG> (Thumb, 298 bytes, Stack size 48 bytes, sdcard.o(i.FindSCR))
<BR><BR>[Stack]<UL><LI>Max Depth = 64<LI>Call Chain = FindSCR &rArr; CmdResp1Error
</UL>
<BR>[Calls]<UL><LI><a href="#[123]">&gt;&gt;</a>&nbsp;&nbsp;&nbsp;SDIO_SendCommand
<LI><a href="#[126]">&gt;&gt;</a>&nbsp;&nbsp;&nbsp;SDIO_ReadData
<LI><a href="#[125]">&gt;&gt;</a>&nbsp;&nbsp;&nbsp;SDIO_GetFlagStatus
<LI><a href="#[124]">&gt;&gt;</a>&nbsp;&nbsp;&nbsp;SDIO_DataConfig
<LI><a href="#[c6]">&gt;&gt;</a>&nbsp;&nbsp;&nbsp;SDIO_ClearFlag
<LI><a href="#[c5]">&gt;&gt;</a>&nbsp;&nbsp;&nbsp;CmdResp1Error
</UL>
<BR>[Called By]<UL><LI><a href="#[1c6]">&gt;&gt;</a>&nbsp;&nbsp;&nbsp;SDEnWideBus
</UL>

<P><STRONG><a name="[153]"></a>IsCardProgramming</STRONG> (Thumb, 316 bytes, Stack size 24 bytes, sdcard.o(i.IsCardProgramming))
<BR><BR>[Stack]<UL><LI>Max Depth = 32<LI>Call Chain = IsCardProgramming &rArr; SDIO_SendCommand
</UL>
<BR>[Calls]<UL><LI><a href="#[123]">&gt;&gt;</a>&nbsp;&nbsp;&nbsp;SDIO_SendCommand
<LI><a href="#[c8]">&gt;&gt;</a>&nbsp;&nbsp;&nbsp;SDIO_GetResponse
<LI><a href="#[c7]">&gt;&gt;</a>&nbsp;&nbsp;&nbsp;SDIO_GetCommandResponse
<LI><a href="#[c6]">&gt;&gt;</a>&nbsp;&nbsp;&nbsp;SDIO_ClearFlag
</UL>
<BR>[Called By]<UL><LI><a href="#[17a]">&gt;&gt;</a>&nbsp;&nbsp;&nbsp;SD_WriteBlock
</UL>

<P><STRONG><a name="[1c6]"></a>SDEnWideBus</STRONG> (Thumb, 182 bytes, Stack size 40 bytes, sdcard.o(i.SDEnWideBus))
<BR><BR>[Stack]<UL><LI>Max Depth = 104<LI>Call Chain = SDEnWideBus &rArr; FindSCR &rArr; CmdResp1Error
</UL>
<BR>[Calls]<UL><LI><a href="#[123]">&gt;&gt;</a>&nbsp;&nbsp;&nbsp;SDIO_SendCommand
<LI><a href="#[c8]">&gt;&gt;</a>&nbsp;&nbsp;&nbsp;SDIO_GetResponse
<LI><a href="#[122]">&gt;&gt;</a>&nbsp;&nbsp;&nbsp;FindSCR
<LI><a href="#[c5]">&gt;&gt;</a>&nbsp;&nbsp;&nbsp;CmdResp1Error
</UL>
<BR>[Called By]<UL><LI><a href="#[173]">&gt;&gt;</a>&nbsp;&nbsp;&nbsp;SD_EnableWideBusOperation
</UL>

<P><STRONG><a name="[1d5]"></a>convert_from_bytes_to_power_of_two</STRONG> (Thumb, 18 bytes, Stack size 0 bytes, sdcard.o(i.convert_from_bytes_to_power_of_two))
<BR><BR>[Called By]<UL><LI><a href="#[17a]">&gt;&gt;</a>&nbsp;&nbsp;&nbsp;SD_WriteBlock
<LI><a href="#[177]">&gt;&gt;</a>&nbsp;&nbsp;&nbsp;SD_ReadBlock
</UL>

<P><STRONG><a name="[1b1]"></a>SC_AnswerReq</STRONG> (Thumb, 160 bytes, Stack size 32 bytes, smartcard.o(i.SC_AnswerReq))
<BR><BR>[Stack]<UL><LI>Max Depth = 56<LI>Call Chain = SC_AnswerReq &rArr; USART_ByteReceive
</UL>
<BR>[Calls]<UL><LI><a href="#[10a]">&gt;&gt;</a>&nbsp;&nbsp;&nbsp;SC_Reset
<LI><a href="#[109]">&gt;&gt;</a>&nbsp;&nbsp;&nbsp;SC_PowerCmd
<LI><a href="#[1b2]">&gt;&gt;</a>&nbsp;&nbsp;&nbsp;USART_ByteReceive
</UL>
<BR>[Called By]<UL><LI><a href="#[1b3]">&gt;&gt;</a>&nbsp;&nbsp;&nbsp;SC_Handler
</UL>

<P><STRONG><a name="[1b4]"></a>SC_Init</STRONG> (Thumb, 278 bytes, Stack size 56 bytes, smartcard.o(i.SC_Init))
<BR><BR>[Stack]<UL><LI>Max Depth = 100<LI>Call Chain = SC_Init &rArr; USART_Init &rArr; RCC_GetClocksFreq
</UL>
<BR>[Calls]<UL><LI><a href="#[be]">&gt;&gt;</a>&nbsp;&nbsp;&nbsp;RCC_APB1PeriphClockCmd
<LI><a href="#[f3]">&gt;&gt;</a>&nbsp;&nbsp;&nbsp;RCC_APB2PeriphClockCmd
<LI><a href="#[117]">&gt;&gt;</a>&nbsp;&nbsp;&nbsp;GPIO_Init
<LI><a href="#[10a]">&gt;&gt;</a>&nbsp;&nbsp;&nbsp;SC_Reset
<LI><a href="#[109]">&gt;&gt;</a>&nbsp;&nbsp;&nbsp;SC_PowerCmd
<LI><a href="#[13e]">&gt;&gt;</a>&nbsp;&nbsp;&nbsp;GPIO_SetBits
<LI><a href="#[1be]">&gt;&gt;</a>&nbsp;&nbsp;&nbsp;USART_SmartCardNACKCmd
<LI><a href="#[1bf]">&gt;&gt;</a>&nbsp;&nbsp;&nbsp;USART_SmartCardCmd
<LI><a href="#[1b8]">&gt;&gt;</a>&nbsp;&nbsp;&nbsp;USART_SetPrescaler
<LI><a href="#[1b9]">&gt;&gt;</a>&nbsp;&nbsp;&nbsp;USART_SetGuardTime
<LI><a href="#[1bb]">&gt;&gt;</a>&nbsp;&nbsp;&nbsp;USART_Init
<LI><a href="#[1bc]">&gt;&gt;</a>&nbsp;&nbsp;&nbsp;USART_ITConfig
<LI><a href="#[1bd]">&gt;&gt;</a>&nbsp;&nbsp;&nbsp;USART_Cmd
<LI><a href="#[1ba]">&gt;&gt;</a>&nbsp;&nbsp;&nbsp;USART_ClockInit
</UL>
<BR>[Called By]<UL><LI><a href="#[1b3]">&gt;&gt;</a>&nbsp;&nbsp;&nbsp;SC_Handler
</UL>

<P><STRONG><a name="[1b6]"></a>SC_SendData</STRONG> (Thumb, 458 bytes, Stack size 40 bytes, smartcard.o(i.SC_SendData))
<BR><BR>[Stack]<UL><LI>Max Depth = 64<LI>Call Chain = SC_SendData &rArr; USART_ByteReceive
</UL>
<BR>[Calls]<UL><LI><a href="#[1c5]">&gt;&gt;</a>&nbsp;&nbsp;&nbsp;USART_ReceiveData
<LI><a href="#[1c2]">&gt;&gt;</a>&nbsp;&nbsp;&nbsp;USART_GetFlagStatus
<LI><a href="#[1c1]">&gt;&gt;</a>&nbsp;&nbsp;&nbsp;USART_SendData
<LI><a href="#[1c4]">&gt;&gt;</a>&nbsp;&nbsp;&nbsp;USART_DMACmd
<LI><a href="#[1b2]">&gt;&gt;</a>&nbsp;&nbsp;&nbsp;USART_ByteReceive
</UL>
<BR>[Called By]<UL><LI><a href="#[1b3]">&gt;&gt;</a>&nbsp;&nbsp;&nbsp;SC_Handler
</UL>

<P><STRONG><a name="[1b5]"></a>SC_decode_Answer2reset</STRONG> (Thumb, 234 bytes, Stack size 28 bytes, smartcard.o(i.SC_decode_Answer2reset))
<BR><BR>[Stack]<UL><LI>Max Depth = 28<LI>Call Chain = SC_decode_Answer2reset
</UL>
<BR>[Called By]<UL><LI><a href="#[1b3]">&gt;&gt;</a>&nbsp;&nbsp;&nbsp;SC_Handler
</UL>

<P><STRONG><a name="[1b2]"></a>USART_ByteReceive</STRONG> (Thumb, 52 bytes, Stack size 24 bytes, smartcard.o(i.USART_ByteReceive))
<BR><BR>[Stack]<UL><LI>Max Depth = 24<LI>Call Chain = USART_ByteReceive
</UL>
<BR>[Calls]<UL><LI><a href="#[1c5]">&gt;&gt;</a>&nbsp;&nbsp;&nbsp;USART_ReceiveData
<LI><a href="#[1c2]">&gt;&gt;</a>&nbsp;&nbsp;&nbsp;USART_GetFlagStatus
</UL>
<BR>[Called By]<UL><LI><a href="#[1b6]">&gt;&gt;</a>&nbsp;&nbsp;&nbsp;SC_SendData
<LI><a href="#[1b1]">&gt;&gt;</a>&nbsp;&nbsp;&nbsp;SC_AnswerReq
</UL>

<P><STRONG><a name="[d0]"></a>DataStageIn</STRONG> (Thumb, 156 bytes, Stack size 32 bytes, usb_core.o(i.DataStageIn))
<BR><BR>[Stack]<UL><LI>Max Depth = 40<LI>Call Chain = DataStageIn &rArr; UserToPMABufferCopy
</UL>
<BR>[Calls]<UL><LI><a href="#[d2]">&gt;&gt;</a>&nbsp;&nbsp;&nbsp;UserToPMABufferCopy
<LI><a href="#[d3]">&gt;&gt;</a>&nbsp;&nbsp;&nbsp;SetEPTxCount
<LI><a href="#[d1]">&gt;&gt;</a>&nbsp;&nbsp;&nbsp;GetEPTxAddr
</UL>
<BR>[Called By]<UL><LI><a href="#[b9]">&gt;&gt;</a>&nbsp;&nbsp;&nbsp;In0_Process
<LI><a href="#[d7]">&gt;&gt;</a>&nbsp;&nbsp;&nbsp;Data_Setup0
</UL>

<P><STRONG><a name="[d4]"></a>DataStageOut</STRONG> (Thumb, 142 bytes, Stack size 32 bytes, usb_core.o(i.DataStageOut))
<BR><BR>[Stack]<UL><LI>Max Depth = 32<LI>Call Chain = DataStageOut
</UL>
<BR>[Calls]<UL><LI><a href="#[d3]">&gt;&gt;</a>&nbsp;&nbsp;&nbsp;SetEPTxCount
<LI><a href="#[d6]">&gt;&gt;</a>&nbsp;&nbsp;&nbsp;PMAToUserBufferCopy
<LI><a href="#[d5]">&gt;&gt;</a>&nbsp;&nbsp;&nbsp;GetEPRxAddr
</UL>
<BR>[Called By]<UL><LI><a href="#[bb]">&gt;&gt;</a>&nbsp;&nbsp;&nbsp;Out0_Process
</UL>

<P><STRONG><a name="[d7]"></a>Data_Setup0</STRONG> (Thumb, 376 bytes, Stack size 24 bytes, usb_core.o(i.Data_Setup0))
<BR><BR>[Stack]<UL><LI>Max Depth = 64<LI>Call Chain = Data_Setup0 &rArr; DataStageIn &rArr; UserToPMABufferCopy
</UL>
<BR>[Calls]<UL><LI><a href="#[d0]">&gt;&gt;</a>&nbsp;&nbsp;&nbsp;DataStageIn
</UL>
<BR>[Called By]<UL><LI><a href="#[ba]">&gt;&gt;</a>&nbsp;&nbsp;&nbsp;Setup0_Process
</UL>

<P><STRONG><a name="[19d]"></a>NoData_Setup0</STRONG> (Thumb, 196 bytes, Stack size 16 bytes, usb_core.o(i.NoData_Setup0))
<BR><BR>[Stack]<UL><LI>Max Depth = 40<LI>Call Chain = NoData_Setup0 &rArr; Standard_ClearFeature
</UL>
<BR>[Calls]<UL><LI><a href="#[1a0]">&gt;&gt;</a>&nbsp;&nbsp;&nbsp;Standard_SetInterface
<LI><a href="#[1a2]">&gt;&gt;</a>&nbsp;&nbsp;&nbsp;Standard_SetEndPointFeature
<LI><a href="#[19f]">&gt;&gt;</a>&nbsp;&nbsp;&nbsp;Standard_SetDeviceFeature
<LI><a href="#[19e]">&gt;&gt;</a>&nbsp;&nbsp;&nbsp;Standard_SetConfiguration
<LI><a href="#[1a1]">&gt;&gt;</a>&nbsp;&nbsp;&nbsp;Standard_ClearFeature
</UL>
<BR>[Called By]<UL><LI><a href="#[ba]">&gt;&gt;</a>&nbsp;&nbsp;&nbsp;Setup0_Process
</UL>

<P><STRONG><a name="[1fb]"></a>_printf_core</STRONG> (Thumb, 658 bytes, Stack size 104 bytes, printf5.o(i._printf_core), UNUSED)
<BR><BR>[Calls]<UL><LI><a href="#[75]">&gt;&gt;</a>&nbsp;&nbsp;&nbsp;__aeabi_uldivmod
</UL>
<BR>[Called By]<UL><LI><a href="#[1fa]">&gt;&gt;</a>&nbsp;&nbsp;&nbsp;__0sprintf$5
</UL>

<P><STRONG><a name="[72]"></a>_sputc</STRONG> (Thumb, 10 bytes, Stack size 0 bytes, printf5.o(i._sputc))
<BR><BR>[Called By]<UL><LI><a href="#[1fa]">&gt;&gt;</a>&nbsp;&nbsp;&nbsp;__0sprintf$5
</UL>
<BR>[Address Reference Count : 1]<UL><LI> printf5.o(i.__0sprintf$5)
</UL><P>
<H3>
Undefined Global Symbols
</H3><HR></body></html>
