Component: ARM Compiler 5.06 update 1 (build 61) Tool: armlink [4d35a8]

==============================================================================

Section Cross References

    stm32f10x_it.o(i.EXTI15_10_IRQHandler) refers to stm32f10x_exti.o(i.EXTI_GetITStatus) for EXTI_GetITStatus
    stm32f10x_it.o(i.EXTI15_10_IRQHandler) refers to menu.o(i.UpFunc) for UpFunc
    stm32f10x_it.o(i.EXTI15_10_IRQHandler) refers to stm32f10x_exti.o(i.EXTI_ClearITPendingBit) for EXTI_ClearITPendingBit
    stm32f10x_it.o(i.EXTI3_IRQHandler) refers to stm32f10x_exti.o(i.EXTI_GetITStatus) for EXTI_GetITStatus
    stm32f10x_it.o(i.EXTI3_IRQHandler) refers to menu.o(i.DownFunc) for DownFunc
    stm32f10x_it.o(i.EXTI3_IRQHandler) refers to stm32f10x_exti.o(i.EXTI_ClearITPendingBit) for EXTI_ClearITPendingBit
    stm32f10x_it.o(i.EXTI9_5_IRQHandler) refers to menu.o(i.Get_SmartCardStatus) for Get_SmartCardStatus
    stm32f10x_it.o(i.EXTI9_5_IRQHandler) refers to stm32f10x_exti.o(i.EXTI_GetITStatus) for EXTI_GetITStatus
    stm32f10x_it.o(i.EXTI9_5_IRQHandler) refers to stm32f10x_exti.o(i.EXTI_ClearITPendingBit) for EXTI_ClearITPendingBit
    stm32f10x_it.o(i.EXTI9_5_IRQHandler) refers to main.o(i.Set_SELStatus) for Set_SELStatus
    stm32f10x_it.o(i.EXTI9_5_IRQHandler) refers to menu.o(i.Set_CardInserted) for Set_CardInserted
    stm32f10x_it.o(i.EXTI9_5_IRQHandler) refers to smartcard.o(i.SC_PowerCmd) for SC_PowerCmd
    stm32f10x_it.o(i.EXTI9_5_IRQHandler) refers to smartcard.o(i.SC_Reset) for SC_Reset
    stm32f10x_it.o(i.NMIException) refers to stm32f10x_rcc.o(i.RCC_AHBPeriphClockCmd) for RCC_AHBPeriphClockCmd
    stm32f10x_it.o(i.NMIException) refers to lcd.o(i.LCD_WindowModeDisable) for LCD_WindowModeDisable
    stm32f10x_it.o(i.NMIException) refers to main.o(i.Get_HSEStartUpStatus) for Get_HSEStartUpStatus
    stm32f10x_it.o(i.NMIException) refers to stm32f10x_rcc.o(i.RCC_GetITStatus) for RCC_GetITStatus
    stm32f10x_it.o(i.NMIException) refers to lcd.o(i.LCD_Clear) for LCD_Clear
    stm32f10x_it.o(i.NMIException) refers to lcd.o(i.LCD_SetBackColor) for LCD_SetBackColor
    stm32f10x_it.o(i.NMIException) refers to lcd.o(i.LCD_SetTextColor) for LCD_SetTextColor
    stm32f10x_it.o(i.NMIException) refers to lcd.o(i.LCD_DisplayStringLine) for LCD_DisplayStringLine
    stm32f10x_it.o(i.NMIException) refers to lcd.o(i.LCD_ClearLine) for LCD_ClearLine
    stm32f10x_it.o(i.NMIException) refers to stm32f10x_rcc.o(i.RCC_ClearITPendingBit) for RCC_ClearITPendingBit
    stm32f10x_it.o(i.NMIException) refers to stm32f10x_gpio.o(i.GPIO_SetBits) for GPIO_SetBits
    stm32f10x_it.o(i.NMIException) refers to stm32f10x_rcc.o(i.RCC_HSEConfig) for RCC_HSEConfig
    stm32f10x_it.o(i.NMIException) refers to lcd.o(i.LCD_DrawRect) for LCD_DrawRect
    stm32f10x_it.o(i.NMIException) refers to lcd.o(i.LCD_DisplayChar) for LCD_DisplayChar
    stm32f10x_it.o(i.NMIException) refers to stm32f10x_pwr.o(i.PWR_EnterSTANDBYMode) for PWR_EnterSTANDBYMode
    stm32f10x_it.o(i.NMIException) refers to stm32f10x_rcc.o(i.RCC_GetFlagStatus) for RCC_GetFlagStatus
    stm32f10x_it.o(i.NMIException) refers to stm32f10x_nvic.o(i.NVIC_GenerateSystemReset) for NVIC_GenerateSystemReset
    stm32f10x_it.o(i.RTCAlarm_IRQHandler) refers to stm32f10x_rtc.o(i.RTC_ClearITPendingBit) for RTC_ClearITPendingBit
    stm32f10x_it.o(i.RTCAlarm_IRQHandler) refers to lowpower.o(i.Set_STOPModeStatus) for Set_STOPModeStatus
    stm32f10x_it.o(i.RTCAlarm_IRQHandler) refers to stm32f10x_exti.o(i.EXTI_ClearITPendingBit) for EXTI_ClearITPendingBit
    stm32f10x_it.o(i.RTCAlarm_IRQHandler) refers to stm32f10x_it.o(.data) for .data
    stm32f10x_it.o(i.RTC_IRQHandler) refers to stm32f10x_rtc.o(i.RTC_GetCounter) for RTC_GetCounter
    stm32f10x_it.o(i.RTC_IRQHandler) refers to stm32f10x_rtc.o(i.RTC_WaitForLastTask) for RTC_WaitForLastTask
    stm32f10x_it.o(i.RTC_IRQHandler) refers to stm32f10x_rtc.o(i.RTC_SetCounter) for RTC_SetCounter
    stm32f10x_it.o(i.RTC_IRQHandler) refers to calendar.o(i.Date_Update) for Date_Update
    stm32f10x_it.o(i.RTC_IRQHandler) refers to stm32f10x_rtc.o(i.RTC_ClearITPendingBit) for RTC_ClearITPendingBit
    stm32f10x_it.o(i.SDIO_IRQHandler) refers to sdcard.o(i.SD_ProcessIRQSrc) for SD_ProcessIRQSrc
    stm32f10x_it.o(i.SPI2_IRQHandler) refers to stm32f10x_spi.o(i.SPI_I2S_GetITStatus) for SPI_I2S_GetITStatus
    stm32f10x_it.o(i.SPI2_IRQHandler) refers to i2s_codec.o(i.I2S_CODEC_DataTransfer) for I2S_CODEC_DataTransfer
    stm32f10x_it.o(i.SysTickHandler) refers to main.o(i.Decrement_TimingDelay) for Decrement_TimingDelay
    stm32f10x_it.o(i.TIM1_UP_IRQHandler) refers to stm32f10x_tim.o(i.TIM_ClearITPendingBit) for TIM_ClearITPendingBit
    stm32f10x_it.o(i.TIM1_UP_IRQHandler) refers to main.o(i.Get_LedShowStatus) for Get_LedShowStatus
    stm32f10x_it.o(i.TIM1_UP_IRQHandler) refers to stm32f10x_gpio.o(i.GPIO_ResetBits) for GPIO_ResetBits
    stm32f10x_it.o(i.TIM1_UP_IRQHandler) refers to stm32f10x_gpio.o(i.GPIO_SetBits) for GPIO_SetBits
[...]
    SDIO_SetPowerState                       0x08007e4d   Thumb Code    18  stm32f10x_sdio.o(i.SDIO_SetPowerState)
    SDIO_WriteData                           0x08007e65   Thumb Code     8  stm32f10x_sdio.o(i.SDIO_WriteData)
    SD_EnableWideBusOperation                0x08007e71   Thumb Code   112  sdcard.o(i.SD_EnableWideBusOperation)
    SD_GetCardInfo                           0x08007ee9   Thumb Code   574  sdcard.o(i.SD_GetCardInfo)
    SD_Init                                  0x08008131   Thumb Code   118  sdcard.o(i.SD_Init)
    SD_InitializeCards                       0x080081b5   Thumb Code   254  sdcard.o(i.SD_InitializeCards)
    SD_PowerON                               0x080082bd   Thumb Code   402  sdcard.o(i.SD_PowerON)
    SD_ProcessIRQSrc                         0x08008461   Thumb Code   406  sdcard.o(i.SD_ProcessIRQSrc)
    SD_ReadBlock                             0x080085fd   Thumb Code   498  sdcard.o(i.SD_ReadBlock)
    SD_SelectDeselect                        0x08008805   Thumb Code    40  sdcard.o(i.SD_SelectDeselect)
    SD_SetDeviceMode                         0x08008831   Thumb Code    24  sdcard.o(i.SD_SetDeviceMode)
    SD_StopTransfer                          0x0800884d   Thumb Code    36  sdcard.o(i.SD_StopTransfer)
    SD_WriteBlock                            0x08008875   Thumb Code   700  sdcard.o(i.SD_WriteBlock)
    SPI1_IRQHandler                          0x08008b45   Thumb Code     2  stm32f10x_it.o(i.SPI1_IRQHandler)
    SPI2_IRQHandler                          0x08008b49   Thumb Code    24  stm32f10x_it.o(i.SPI2_IRQHandler)
    SPI3_IRQHandler                          0x08008b65   Thumb Code     2  stm32f10x_it.o(i.SPI3_IRQHandler)
    SPI_I2S_DeInit                           0x08008b69   Thumb Code    72  stm32f10x_spi.o(i.SPI_I2S_DeInit)
    SPI_I2S_GetFlagStatus                    0x08008bb5   Thumb Code    14  stm32f10x_spi.o(i.SPI_I2S_GetFlagStatus)
    SPI_I2S_GetITStatus                      0x08008bc3   Thumb Code    42  stm32f10x_spi.o(i.SPI_I2S_GetITStatus)
    SPI_I2S_ITConfig                         0x08008bed   Thumb Code    24  stm32f10x_spi.o(i.SPI_I2S_ITConfig)
    SPI_I2S_SendData                         0x08008c05   Thumb Code     4  stm32f10x_spi.o(i.SPI_I2S_SendData)
    STM3210E_LCD_Init                        0x08008c09   Thumb Code   518  lcd.o(i.STM3210E_LCD_Init)
    STM32BannerFunc                          0x08008e11   Thumb Code   178  menu.o(i.STM32BannerFunc)
    STM32BannerSpeedFunc                     0x08008ee1   Thumb Code   344  menu.o(i.STM32BannerSpeedFunc)
    STM32Intro                               0x080090d5   Thumb Code   162  menu.o(i.STM32Intro)
    SVCHandler                               0x08009191   Thumb Code     2  stm32f10x_it.o(i.SVCHandler)
    SYSCLKConfig_STOP                        0x08009195   Thumb Code    50  lowpower.o(i.SYSCLKConfig_STOP)
    SelFunc                                  0x080091c9   Thumb Code    52  menu.o(i.SelFunc)
    SetBTABLE                                0x08009205   Thumb Code    10  usb_regs.o(i.SetBTABLE)
    SetDeviceAddress                         0x08009215   Thumb Code    50  usb_core.o(i.SetDeviceAddress)
    SetEPRxAddr                              0x08009255   Thumb Code    24  usb_regs.o(i.SetEPRxAddr)
    SetEPRxCount                             0x08009275   Thumb Code    54  usb_regs.o(i.SetEPRxCount)
    SetEPRxStatus                            0x080092b5   Thumb Code    38  usb_regs.o(i.SetEPRxStatus)
    SetEPRxValid                             0x080092e1   Thumb Code    26  usb_regs.o(i.SetEPRxValid)
    SetEPTxAddr                              0x08009301   Thumb Code    22  usb_regs.o(i.SetEPTxAddr)
    SetEPTxCount                             0x08009321   Thumb Code    20  usb_regs.o(i.SetEPTxCount)
    SetEPTxStatus                            0x0800933d   Thumb Code    38  usb_regs.o(i.SetEPTxStatus)
    SetEPType                                0x08009369   Thumb Code    24  usb_regs.o(i.SetEPType)
    SetVar_AudioDataIndex                    0x08009385   Thumb Code     6  i2s_codec.o(i.SetVar_AudioDataIndex)
    SetVar_AudioPlayStatus                   0x08009391   Thumb Code     8  i2s_codec.o(i.SetVar_AudioPlayStatus)
    SetVar_SendDummyData                     0x0800939d   Thumb Code    10  i2s_codec.o(i.SetVar_SendDummyData)
    Set_CSW                                  0x080093ad   Thumb Code    58  usb_bot.o(i.Set_CSW)
    Set_CardInserted                         0x080093f5   Thumb Code     8  menu.o(i.Set_CardInserted)
    Set_SELStatus                            0x08009401   Thumb Code     8  main.o(i.Set_SELStatus)
    Set_STOPModeStatus                       0x0800940d   Thumb Code     8  lowpower.o(i.Set_STOPModeStatus)
    Set_Scsi_Sense_Data                      0x08009419   Thumb Code     8  usb_scsi.o(i.Set_Scsi_Sense_Data)
    Set_USBClock                             0x08009425   Thumb Code    20  hw_config.o(i.Set_USBClock)
    Setup0_Process                           0x08009439   Thumb Code    92  usb_core.o(i.Setup0_Process)
    ShowMenuIcons                            0x080094a1   Thumb Code   644  menu.o(i.ShowMenuIcons)
    SmartCard_Start                          0x08009731   Thumb Code  1794  menu.o(i.SmartCard_Start)
    Standard_ClearFeature                    0x08009e3d   Thumb Code   218  usb_core.o(i.Standard_ClearFeature)
    Standard_GetConfiguration                0x08009f2d   Thumb Code    30  usb_core.o(i.Standard_GetConfiguration)
    Standard_GetDescriptorData               0x08009f55   Thumb Code    24  usb_core.o(i.Standard_GetDescriptorData)
    Standard_GetInterface                    0x08009f71   Thumb Code    30  usb_core.o(i.Standard_GetInterface)
    Standard_GetStatus                       0x08009f99   Thumb Code   124  usb_core.o(i.Standard_GetStatus)
    Standard_SetConfiguration                0x0800a025   Thumb Code    42  usb_core.o(i.Standard_SetConfiguration)
    Standard_SetDeviceFeature                0x0800a05d   Thumb Code    26  usb_core.o(i.Standard_SetDeviceFeature)
    Standard_SetEndPointFeature              0x0800a081   Thumb Code   112  usb_core.o(i.Standard_SetEndPointFeature)
    Standard_SetInterface                    0x0800a101   Thumb Code    60  usb_core.o(i.Standard_SetInterface)
    SysTickHandler                           0x0800a149   Thumb Code     4  stm32f10x_it.o(i.SysTickHandler)
    SysTick_CLKSourceConfig                  0x0800a14d   Thumb Code    24  stm32f10x_systick.o(i.SysTick_CLKSourceConfig)
    SysTick_Config                           0x0800a165   Thumb Code    24  main.o(i.SysTick_Config)
    SysTick_CounterCmd                       0x0800a181   Thumb Code    36  stm32f10x_systick.o(i.SysTick_CounterCmd)
    SysTick_ITConfig                         0x0800a1a5   Thumb Code    24  stm32f10x_systick.o(i.SysTick_ITConfig)
    SysTick_SetReload                        0x0800a1bd   Thumb Code     8  stm32f10x_systick.o(i.SysTick_SetReload)
    TAMPER_IRQHandler                        0x0800a1c5   Thumb Code     2  stm32f10x_it.o(i.TAMPER_IRQHandler)
    TIM1_BRK_IRQHandler                      0x0800a1c7   Thumb Code     2  stm32f10x_it.o(i.TIM1_BRK_IRQHandler)
    TIM1_CC_IRQHandler                       0x0800a1c9   Thumb Code     2  stm32f10x_it.o(i.TIM1_CC_IRQHandler)
    TIM1_TRG_COM_IRQHandler                  0x0800a1cb   Thumb Code     2  stm32f10x_it.o(i.TIM1_TRG_COM_IRQHandler)
    TIM1_UP_IRQHandler                       0x0800a1cd   Thumb Code   176  stm32f10x_it.o(i.TIM1_UP_IRQHandler)
    TIM2_IRQHandler                          0x0800a289   Thumb Code     2  stm32f10x_it.o(i.TIM2_IRQHandler)
    TIM3_IRQHandler                          0x0800a28b   Thumb Code     2  stm32f10x_it.o(i.TIM3_IRQHandler)
    TIM4_IRQHandler                          0x0800a28d   Thumb Code     2  stm32f10x_it.o(i.TIM4_IRQHandler)
    TIM5_IRQHandler                          0x0800a28f   Thumb Code     2  stm32f10x_it.o(i.TIM5_IRQHandler)
    TIM6_IRQHandler                          0x0800a291   Thumb Code     2  stm32f10x_it.o(i.TIM6_IRQHandler)
    TIM7_IRQHandler                          0x0800a293   Thumb Code     2  stm32f10x_it.o(i.TIM7_IRQHandler)
    TIM8_BRK_IRQHandler                      0x0800a295   Thumb Code     2  stm32f10x_it.o(i.TIM8_BRK_IRQHandler)
    TIM8_CC_IRQHandler                       0x0800a297   Thumb Code     2  stm32f10x_it.o(i.TIM8_CC_IRQHandler)
    TIM8_TRG_COM_IRQHandler                  0x0800a299   Thumb Code     2  stm32f10x_it.o(i.TIM8_TRG_COM_IRQHandler)
    TIM8_UP_IRQHandler                       0x0800a29b   Thumb Code     2  stm32f10x_it.o(i.TIM8_UP_IRQHandler)
    TIM_ClearITPendingBit                    0x0800a29d   Thumb Code     6  stm32f10x_tim.o(i.TIM_ClearITPendingBit)
    TIM_Cmd                                  0x0800a2a3   Thumb Code    22  stm32f10x_tim.o(i.TIM_Cmd)
    TIM_ITConfig                             0x0800a2b9   Thumb Code    16  stm32f10x_tim.o(i.TIM_ITConfig)
    TIM_OC1Init                              0x0800a2c9   Thumb Code    88  stm32f10x_tim.o(i.TIM_OC1Init)
    TIM_OCStructInit                         0x0800a329   Thumb Code    20  stm32f10x_tim.o(i.TIM_OCStructInit)
    TIM_TimeBaseInit                         0x0800a33d   Thumb Code    50  stm32f10x_tim.o(i.TIM_TimeBaseInit)
    TIM_TimeBaseStructInit                   0x0800a379   Thumb Code    18  stm32f10x_tim.o(i.TIM_TimeBaseStructInit)
    Thermometer_Temperature                  0x0800a38d   Thumb Code   678  tsensor.o(i.Thermometer_Temperature)
    Time_Adjust                              0x0800a689   Thumb Code    42  calendar.o(i.Time_Adjust)
    Time_Display                             0x0800a6b5   Thumb Code   212  calendar.o(i.Time_Display)
    Time_Regulate                            0x0800a8ed   Thumb Code   160  calendar.o(i.Time_Regulate)
    Time_Show                                0x0800a991   Thumb Code   248  calendar.o(i.Time_Show)
    Transfer_Data_Request                    0x0800aad5   Thumb Code    48  usb_bot.o(i.Transfer_Data_Request)
    UART4_IRQHandler                         0x0800ab0d   Thumb Code     2  stm32f10x_it.o(i.UART4_IRQHandler)
    UART5_IRQHandler                         0x0800ab0f   Thumb Code     2  stm32f10x_it.o(i.UART5_IRQHandler)
    USART1_IRQHandler                        0x0800ab11   Thumb Code     2  stm32f10x_it.o(i.USART1_IRQHandler)
    USART2_IRQHandler                        0x0800ab13   Thumb Code     2  stm32f10x_it.o(i.USART2_IRQHandler)
    USART3_IRQHandler                        0x0800ab15   Thumb Code   136  stm32f10x_it.o(i.USART3_IRQHandler)
    USART_ClearITPendingBit                  0x0800abd9   Thumb Code    12  stm32f10x_usart.o(i.USART_ClearITPendingBit)
    USART_ClockInit                          0x0800abe5   Thumb Code    30  stm32f10x_usart.o(i.USART_ClockInit)
    USART_Cmd                                0x0800ac03   Thumb Code    20  stm32f10x_usart.o(i.USART_Cmd)
    USART_DMACmd                             0x0800ac17   Thumb Code    16  stm32f10x_usart.o(i.USART_DMACmd)
    USART_DeInit                             0x0800ac29   Thumb Code    98  stm32f10x_usart.o(i.USART_DeInit)
    USART_GetFlagStatus                      0x0800ac95   Thumb Code    14  stm32f10x_usart.o(i.USART_GetFlagStatus)
    USART_GetITStatus                        0x0800aca3   Thumb Code    62  stm32f10x_usart.o(i.USART_GetITStatus)
    USART_ITConfig                           0x0800ace1   Thumb Code    48  stm32f10x_usart.o(i.USART_ITConfig)
    USART_Init                               0x0800ad11   Thumb Code   134  stm32f10x_usart.o(i.USART_Init)
    USART_ReceiveData                        0x0800ad9d   Thumb Code     8  stm32f10x_usart.o(i.USART_ReceiveData)
    USART_SendData                           0x0800ada5   Thumb Code     8  stm32f10x_usart.o(i.USART_SendData)
    USART_SetGuardTime                       0x0800adad   Thumb Code    16  stm32f10x_usart.o(i.USART_SetGuardTime)
    USART_SetPrescaler                       0x0800adbd   Thumb Code    16  stm32f10x_usart.o(i.USART_SetPrescaler)
    USART_SmartCardCmd                       0x0800adcd   Thumb Code    20  stm32f10x_usart.o(i.USART_SmartCardCmd)
    USART_SmartCardNACKCmd                   0x0800ade1   Thumb Code    20  stm32f10x_usart.o(i.USART_SmartCardNACKCmd)
    USBWakeUp_IRQHandler                     0x0800adf5   Thumb Code     2  stm32f10x_it.o(i.USBWakeUp_IRQHandler)
    USB_Cable_Config                         0x0800adf9   Thumb Code    20  hw_config.o(i.USB_Cable_Config)
    USB_Disconnect_Config                    0x0800ae11   Thumb Code    40  hw_config.o(i.USB_Disconnect_Config)
    USB_HP_CAN_TX_IRQHandler                 0x0800ae3d   Thumb Code     4  stm32f10x_it.o(i.USB_HP_CAN_TX_IRQHandler)
    USB_Init                                 0x0800ae41   Thumb Code    22  usb_init.o(i.USB_Init)
    USB_Istr                                 0x0800ae69   Thumb Code    54  usb_istr.o(i.USB_Istr)
    USB_LP_CAN_RX0_IRQHandler                0x0800aeb1   Thumb Code     4  stm32f10x_it.o(i.USB_LP_CAN_RX0_IRQHandler)
    USB_NotConfigured_LED                    0x0800aeb5   Thumb Code     8  hw_config.o(i.USB_NotConfigured_LED)
    UpFunc                                   0x0800aec1   Thumb Code   116  menu.o(i.UpFunc)
    UsageFaultException                      0x0800af39   Thumb Code     2  stm32f10x_it.o(i.UsageFaultException)
    UserToPMABufferCopy                      0x0800af3d   Thumb Code    38  usb_mem.o(i.UserToPMABufferCopy)
    WWDG_IRQHandler                          0x0800af69   Thumb Code     2  stm32f10x_it.o(i.WWDG_IRQHandler)
    WavePlayer_StartSpeaker                  0x0800af6d   Thumb Code   432  waveplayer.o(i.WavePlayer_StartSpeaker)
    Write_Memory                             0x0800b1e5   Thumb Code   188  memory.o(i.Write_Memory)
    __0sprintf$5                             0x0800b2bd   Thumb Code    34  printf5.o(i.__0sprintf$5)
    __1sprintf$5                             0x0800b2bd   Thumb Code     0  printf5.o(i.__0sprintf$5)
    __2sprintf                               0x0800b2bd   Thumb Code     0  printf5.o(i.__0sprintf$5)
    __scatterload_copy                       0x0800b2e5   Thumb Code    14  handlers.o(i.__scatterload_copy)
    __scatterload_null                       0x0800b2f3   Thumb Code     2  handlers.o(i.__scatterload_null)
    __scatterload_zeroinit                   0x0800b2f5   Thumb Code    14  handlers.o(i.__scatterload_zeroinit)
    delay                                    0x0800b5e1   Thumb Code    16  i2s_codec.o(i.delay)
    main                                     0x0800b5f1   Thumb Code    34  main.o(i.main)
    IconsAddr                                0x0800b618   Data          44  menu.o(.constdata)
    SlideAddr                                0x0800b644   Data          56  menu.o(.constdata)
    SlidesSpeech                             0x0800b67c   Data          56  menu.o(.constdata)
    DelayTiming                              0x0800b6b4   Data          56  menu.o(.constdata)
    ASCII_Table                              0x0800b728   Data        4560  lcd.o(.constdata)
    MASS_DeviceDescriptor                    0x0800c8f8   Data          18  usb_desc.o(.constdata)
    MASS_ConfigDescriptor                    0x0800c90a   Data          32  usb_desc.o(.constdata)
    MASS_StringLangID                        0x0800c92a   Data           4  usb_desc.o(.constdata)
    MASS_StringVendor                        0x0800c92e   Data          38  usb_desc.o(.constdata)
    MASS_StringProduct                       0x0800c954   Data          38  usb_desc.o(.constdata)
    MASS_StringInterface                     0x0800c97a   Data          16  usb_desc.o(.constdata)
    Region$$Table$$Base                      0x0800ccd0   Number         0  anon$$obj.o(Region$$Table)
    Region$$Table$$Limit                     0x0800ccf0   Number         0  anon$$obj.o(Region$$Table)
    MenuItemIndex                            0x2000001c   Data           1  menu.o(.data)
    nMenuLevel                               0x2000001d   Data           1  menu.o(.data)
    ItemNumb                                 0x20000028   Data           4  menu.o(.data)
    psMenuItem                               0x2000002c   Data           4  menu.o(.data)
    psCurrentMenuItem                        0x20000030   Data           4  menu.o(.data)
    psCurrentMenu                            0x20000034   Data           4  menu.o(.data)
    SlidesCheck                              0x20000038   Data           6  menu.o(.data)
    Icons64Check                             0x2000003e   Data           6  menu.o(.data)
    Icons128Check                            0x20000044   Data           6  menu.o(.data)
    NOR_ID                                   0x2000004a   Data           8  menu.o(.data)
    STM32Banner                              0x20000054   Data         200  menu.o(.data)
    MainMenuItems                            0x2000011c   Data         160  menu.o(.data)
    MainMenu                                 0x200001bc   Data          12  menu.o(.data)
    STOPMenuItems                            0x200001c8   Data          48  menu.o(.data)
    STOPMenu                                 0x200001f8   Data          12  menu.o(.data)
    STANDBYMenuItems                         0x20000204   Data          48  menu.o(.data)
    STANDBYMenu                              0x20000234   Data          12  menu.o(.data)
    SettingTimeMenuItems                     0x20000240   Data          48  menu.o(.data)
    TimeMenu                                 0x20000270   Data          12  menu.o(.data)
    SettingDateMenuItems                     0x2000027c   Data          48  menu.o(.data)
    DateMenu                                 0x200002ac   Data          12  menu.o(.data)
    SettingAlarmMenuItems                    0x200002b8   Data          48  menu.o(.data)
    AlarmMenu                                0x200002e8   Data          12  menu.o(.data)
    AboutMenuItems                           0x200002f4   Data          32  menu.o(.data)
    AboutMenu                                0x20000314   Data          12  menu.o(.data)
    HelpMenuItems                            0x20000320   Data          32  menu.o(.data)
    HelpMenu                                 0x20000340   Data          12  menu.o(.data)
    TempSensorMenuItems                      0x2000034c   Data          32  menu.o(.data)
    TempSensorMenu                           0x2000036c   Data          12  menu.o(.data)
    SmartCardMenuItems                       0x20000378   Data          32  menu.o(.data)
    SmartCardMenu                            0x20000398   Data          12  menu.o(.data)
    LowPowerMenuItems                        0x200003a4   Data          48  menu.o(.data)
    LowPowerMenu                             0x200003d4   Data          12  menu.o(.data)
    WavePlayerMenuItems                      0x200003e0   Data          32  menu.o(.data)
    WavePlayerMenu                           0x20000400   Data          12  menu.o(.data)
    AnimMenuItems                            0x2000040c   Data          48  menu.o(.data)
    AnimMenu                                 0x2000043c   Data          12  menu.o(.data)
    USBMassMenuItems                         0x20000448   Data          48  menu.o(.data)
    USBMassMenu                              0x20000478   Data          12  menu.o(.data)
    CalendarMenuItems                        0x20000484   Data          64  menu.o(.data)
    CalendarMenu                             0x200004c4   Data          12  menu.o(.data)
    ProdPresMenuItems                        0x200004d0   Data          32  menu.o(.data)
    ProdPresMenu                             0x200004f0   Data          12  menu.o(.data)
    date_s                                   0x2000050c   Data           4  calendar.o(.data)
    time_struct                              0x20000510   Data           6  calendar.o(.data)
    alarm_struct                             0x20000516   Data           6  calendar.o(.data)
    MonLen                                   0x2000051c   Data          12  calendar.o(.data)
    MonthNames                               0x20000528   Data         240  calendar.o(.data)
    MASS_StringSerial                        0x2000061c   Data          26  usb_desc.o(.data)
    pEpInt_IN                                0x20000638   Data          28  usb_istr.o(.data)
    pEpInt_OUT                               0x20000654   Data          28  usb_istr.o(.data)
    wIstr                                    0x20000670   Data           2  usb_istr.o(.data)
    Max_Lun                                  0x20000674   Data           4  usb_prop.o(.data)
    Device_Descriptor                        0x20000678   Data           8  usb_prop.o(.data)
    Config_Descriptor                        0x20000680   Data           8  usb_prop.o(.data)
    Device_Property                          0x20000688   Data          48  usb_prop.o(.data)
    String_Descriptor                        0x200006b8   Data          40  usb_prop.o(.data)
    Device_Table                             0x200006e0   Data           2  usb_prop.o(.data)
    User_Standard_Requests                   0x200006e4   Data          36  usb_prop.o(.data)
    bDeviceState                             0x20000708   Data           4  usb_pwr.o(.data)
    WaveFileStatus                           0x2000070d   Data           1  i2s_codec.o(.data)
    i2saudiofreq                             0x2000070e   Data           2  i2s_codec.o(.data)
    AudioFileAddress                         0x20000714   Data           4  i2s_codec.o(.data)
    AudioDataLength                          0x20000718   Data           4  i2s_codec.o(.data)
    DataStartAddr                            0x2000071c   Data           4  i2s_codec.o(.data)
    AudioDataIndex                           0x20000720   Data           4  i2s_codec.o(.data)
    DemoTitle                                0x20000745   Data          20  waveplayer.o(.data)
    CmdTitle0                                0x20000759   Data          20  waveplayer.o(.data)
    CmdTitle1Playing                         0x2000076d   Data          20  waveplayer.o(.data)
    CmdTitle2Playing                         0x20000781   Data          20  waveplayer.o(.data)
    CmdTitle1Paused                          0x20000795   Data          20  waveplayer.o(.data)
    CmdTitle2Paused                          0x200007a9   Data          20  waveplayer.o(.data)
    CmdTitle1Stopped                         0x200007bd   Data          20  waveplayer.o(.data)
    CmdTitle2Stopped                         0x200007d1   Data          20  waveplayer.o(.data)
    StatusTitleStopped                       0x200007e5   Data          20  waveplayer.o(.data)
    StatusTitlePlaying                       0x200007f9   Data          20  waveplayer.o(.data)
    StatusTitlePaused                        0x2000080d   Data          20  waveplayer.o(.data)
    i2cerr                                   0x20000821   Data          20  waveplayer.o(.data)
    memerr                                   0x20000835   Data          20  waveplayer.o(.data)
    fileerr                                  0x20000849   Data          20  waveplayer.o(.data)
    Status                                   0x200008d4   Data           4  mass_mal.o(.data)
    Mass_Memory_Size                         0x200008d8   Data           8  mass_mal.o(.data)
    Mass_Block_Size                          0x200008e0   Data           8  mass_mal.o(.data)
    Mass_Block_Count                         0x200008e8   Data           8  mass_mal.o(.data)
    TransferState                            0x200008f0   Data           1  memory.o(.data)
    Block_Read_count                         0x200008f4   Data           4  memory.o(.data)
    Counter                                  0x200008f8   Data           4  memory.o(.data)
    Block_offset                             0x2000090c   Data           4  memory.o(.data)
    Idx                                      0x20000910   Data           4  memory.o(.data)
    Write_State                              0x20000914   Data           1  nand_if.o(.data)
    Block_State                              0x20000915   Data           1  nand_if.o(.data)
    CurrentZone                              0x20000916   Data           2  nand_if.o(.data)
    Written_Pages                            0x20000918   Data           2  nand_if.o(.data)
    phBlock                                  0x2000091a   Data           2  nand_if.o(.data)
    LogAddress                               0x2000091c   Data           2  nand_if.o(.data)
    Initial_Page                             0x2000091e   Data           2  nand_if.o(.data)
    wAddress                                 0x20000920   Data           6  nand_if.o(.data)
    fAddress                                 0x20000926   Data           6  nand_if.o(.data)
    Page00_Inquiry_Data                      0x2000092c   Data           5  scsi_data.o(.data)
    Standard_Inquiry_Data                    0x20000931   Data          36  scsi_data.o(.data)
    Standard_Inquiry_Data2                   0x20000955   Data          36  scsi_data.o(.data)
    Mode_Sense6_data                         0x20000979   Data           4  scsi_data.o(.data)
    Mode_Sense10_data                        0x2000097d   Data           8  scsi_data.o(.data)
    Scsi_Sense_Data                          0x20000985   Data          18  scsi_data.o(.data)
    ReadCapacity10_Data                      0x20000997   Data           8  scsi_data.o(.data)
    ReadFormatCapacity_Data                  0x2000099f   Data          12  scsi_data.o(.data)
    TransferError                            0x200009ac   Data           1  sdcard.o(.data)
    TransferEnd                              0x200009c4   Data           4  sdcard.o(.data)
    NumberOfBytes                            0x200009c8   Data           4  sdcard.o(.data)
    SrcBuffer                                0x200009cc   Data           4  sdcard.o(.data)
    DestBuffer                               0x200009d0   Data           4  sdcard.o(.data)
    Bot_State                                0x200009d4   Data           1  usb_bot.o(.data)
    Data_Len                                 0x200009d6   Data           2  usb_bot.o(.data)
    SCSI_LBA                                 0x200009d8   Data           4  usb_bot.o(.data)
    SCSI_BlkLen                              0x200009dc   Data           4  usb_bot.o(.data)
    Data_Mul_MaxPacketSize                   0x20000a44   Data           1  usb_core.o(.data)
    StatusInfo                               0x20000a46   Data           2  usb_core.o(.data)
    EPindex                                  0x20000a48   Data           1  usb_init.o(.data)
    pInformation                             0x20000a4c   Data           4  usb_init.o(.data)
    pProperty                                0x20000a50   Data           4  usb_init.o(.data)
    pUser_Standard_Requests                  0x20000a54   Data           4  usb_init.o(.data)
    wInterrupt_Mask                          0x20000a58   Data           2  usb_init.o(.data)
    SaveRState                               0x20000a5a   Data           2  usb_int.o(.data)
    SaveTState                               0x20000a5c   Data           2  usb_int.o(.data)
    psPrevMenu                               0x20000a60   Data          16  menu.o(.bss)
    WAVE_Format                              0x20000ad4   Data          24  i2s_codec.o(.bss)
    SDCardInfo                               0x20000aec   Data          80  mass_mal.o(.bss)
    Data_Buffer                              0x20000b3c   Data         512  memory.o(.bss)
    LUT                                      0x20000d3c   Data        2048  nand_if.o(.bss)
    SDIO_InitStructure                       0x2000155c   Data          24  sdcard.o(.bss)
    SDIO_CmdInitStructure                    0x20001574   Data          20  sdcard.o(.bss)
    SDIO_DataInitStructure                   0x20001588   Data          24  sdcard.o(.bss)
    Bulk_Data_Buff                           0x200015a0   Data          64  usb_bot.o(.bss)
    CBW                                      0x200015e0   Data          32  usb_bot.o(.bss)
    CSW                                      0x20001600   Data          16  usb_bot.o(.bss)
    SC_A2R                                   0x20001610   Data          44  smartcard.o(.bss)
    Device_Info                              0x20001664   Data          28  usb_init.o(.bss)
    __initial_sp                             0x20001a80   Data           0  stm32f10x_vector.o(STACK)



==============================================================================

Memory Map of the image

  Image Entry point : 0x08000131

  Load Region LR_IROM1 (Base: 0x08000000, Size: 0x0000d750, Max: 0x00080000, ABSOLUTE, COMPRESSED[0x0000d164])

    Execution Region ER_IROM1 (Base: 0x08000000, Size: 0x0000ccf0, Max: 0x00080000, ABSOLUTE)

    Base Addr    Size         Type   Attr      Idx    E Section Name        Object

    0x08000000   0x00000130   Data   RO         5694    RESET               stm32f10x_vector.o
    0x08000130   0x00000000   Code   RO         5699  * .ARM.Collect$$$$00000000  mc_w.l(entry.o)
    0x08000130   0x00000004   Code   RO         5967    .ARM.Collect$$$$00000001  mc_w.l(entry2.o)
    0x08000134   0x00000004   Code   RO         5970    .ARM.Collect$$$$00000004  mc_w.l(entry5.o)
    0x08000138   0x00000000   Code   RO         5972    .ARM.Collect$$$$00000008  mc_w.l(entry7b.o)
    0x08000138   0x00000000   Code   RO         5974    .ARM.Collect$$$$0000000A  mc_w.l(entry8b.o)
    0x08000138   0x00000008   Code   RO         5975    .ARM.Collect$$$$0000000B  mc_w.l(entry9a.o)
    0x08000140   0x00000000   Code   RO         5977    .ARM.Collect$$$$0000000D  mc_w.l(entry10a.o)
    0x08000140   0x00000000   Code   RO         5979    .ARM.Collect$$$$0000000F  mc_w.l(entry11a.o)
    0x08000140   0x00000004   Code   RO         5968    .ARM.Collect$$$$00002712  mc_w.l(entry2.o)
    0x08000144   0x0000007a   Code   RO         5688    .text               cortexm3_macro.o
    0x080001be   0x00000002   PAD
    0x080001c0   0x00000008   Code   RO         5695    .text               stm32f10x_vector.o
    0x080001c8   0x00000024   Code   RO         5702    .text               mc_w.l(memcpya.o)
    0x080001ec   0x00000062   Code   RO         5986    .text               mc_w.l(uldiv.o)
    0x0800024e   0x00000002   PAD
    0x08000250   0x00000024   Code   RO         5999    .text               mc_w.l(init.o)
    0x08000274   0x0000001e   Code   RO         6002    .text               mc_w.l(llshl.o)
    0x08000292   0x00000020   Code   RO         6004    .text               mc_w.l(llushr.o)
    0x080002b2   0x00000056   Code   RO         6019    .text               mc_w.l(__dczerorl2.o)
    0x08000308   0x00000002   Code   RO            1    i.ADC1_2_IRQHandler  stm32f10x_it.o
    0x0800030a   0x00000002   Code   RO            2    i.ADC3_IRQHandler   stm32f10x_it.o
    0x0800030c   0x00000014   Code   RO         4919    i.ADC_Cmd           stm32f10x_adc.o
    0x08000320   0x00000006   Code   RO         4928    i.ADC_GetConversionValue  stm32f10x_adc.o
    0x08000326   0x00000002   PAD
    0x08000328   0x00000048   Code   RO         4937    i.ADC_Init          stm32f10x_adc.o
    0x08000370   0x00000074   Code   RO         4941    i.ADC_RegularChannelConfig  stm32f10x_adc.o
    0x080003e4   0x00000014   Code   RO         4944    i.ADC_SoftwareStartConvCmd  stm32f10x_adc.o
    0x080003f8   0x00000138   Code   RO          668    i.AboutFunc         menu.o
    0x08000530   0x00000060   Code   RO          888    i.Alarm_Adjust      calendar.o
    0x08000590   0x000000d8   Code   RO          889    i.Alarm_Display     calendar.o
    0x08000668   0x000000c4   Code   RO          890    i.Alarm_PreAdjust   calendar.o
    0x0800072c   0x000000a4   Code   RO          891    i.Alarm_Regulate    calendar.o
    0x080007d0   0x00000100   Code   RO          892    i.Alarm_Show        calendar.o
    0x080008d0   0x00000040   Code   RO         1507    i.AudioFile_Init    i2s_codec.o
    0x08000910   0x00000012   Code   RO         3351    i.BKP_DeInit        stm32f10x_bkp.o
    0x08000922   0x00000002   PAD
    0x08000924   0x00000010   Code   RO         3356    i.BKP_ReadBackupRegister  stm32f10x_bkp.o
    0x08000934   0x00000010   Code   RO         3360    i.BKP_WriteBackupRegister  stm32f10x_bkp.o
    0x08000944   0x00000032   Code   RO         2410    i.Bot_Abort         usb_bot.o
    0x08000976   0x00000002   Code   RO            3    i.BusFaultException  stm32f10x_it.o
    0x08000978   0x0000000a   Code   RO         5135    i.ByteSwap          usb_regs.o
    0x08000982   0x00000002   Code   RO            4    i.CAN_RX1_IRQHandler  stm32f10x_it.o
    0x08000984   0x00000002   Code   RO            5    i.CAN_SCE_IRQHandler  stm32f10x_it.o
    0x08000986   0x00000002   PAD
    0x08000988   0x00000198   Code   RO         2411    i.CBW_Decode        usb_bot.o
    0x08000b20   0x00000220   Code   RO         1508    i.CODEC_Config      i2s_codec.o
    0x08000d40   0x000000dc   Code   RO         1509    i.CODEC_ReadRegister  i2s_codec.o
    0x08000e1c   0x000000a0   Code   RO         1510    i.CODEC_WriteRegister  i2s_codec.o
    0x08000ebc   0x00000080   Code   RO         5640    i.CTR_HP            usb_int.o
    0x08000f3c   0x00000158   Code   RO         5641    i.CTR_LP            usb_int.o
    0x08001094   0x00000224   Code   RO          893    i.Calendar_Init     calendar.o
    0x080012b8   0x00000028   Code   RO         5136    i.ClearDTOG_RX      usb_regs.o
    0x080012e0   0x00000028   Code   RO         5137    i.ClearDTOG_TX      usb_regs.o
    0x08001308   0x0000001c   Code   RO         5142    i.Clear_Status_Out  usb_regs.o
    0x08001324   0x000000e8   Code   RO         2247    i.CmdResp1Error     sdcard.o
    0x0800140c   0x00000034   Code   RO         2248    i.CmdResp2Error     sdcard.o
    0x08001440   0x00000070   Code   RO         2249    i.CmdResp6Error     sdcard.o
    0x080014b0   0x00000002   Code   RO            6    i.DMA1_Channel1_IRQHandler  stm32f10x_it.o
    0x080014b2   0x00000002   Code   RO            7    i.DMA1_Channel2_IRQHandler  stm32f10x_it.o
    0x080014b4   0x00000002   Code   RO            8    i.DMA1_Channel3_IRQHandler  stm32f10x_it.o
    0x080014b6   0x00000002   Code   RO            9    i.DMA1_Channel4_IRQHandler  stm32f10x_it.o
    0x080014b8   0x00000002   Code   RO           10    i.DMA1_Channel5_IRQHandler  stm32f10x_it.o
    0x080014ba   0x00000002   Code   RO           11    i.DMA1_Channel6_IRQHandler  stm32f10x_it.o
    0x080014bc   0x00000002   Code   RO           12    i.DMA1_Channel7_IRQHandler  stm32f10x_it.o
    0x080014be   0x00000002   Code   RO           13    i.DMA2_Channel1_IRQHandler  stm32f10x_it.o
    0x080014c0   0x00000002   Code   RO           14    i.DMA2_Channel2_IRQHandler  stm32f10x_it.o
    0x080014c2   0x00000002   Code   RO           15    i.DMA2_Channel3_IRQHandler  stm32f10x_it.o
    0x080014c4   0x00000002   Code   RO           16    i.DMA2_Channel4_5_IRQHandler  stm32f10x_it.o
    0x080014c6   0x00000002   PAD
    0x080014c8   0x00000018   Code   RO         4847    i.DMA_ClearFlag     stm32f10x_dma.o
    0x080014e0   0x00000014   Code   RO         4849    i.DMA_Cmd           stm32f10x_dma.o
    0x080014f4   0x00000020   Code   RO         4852    i.DMA_GetFlagStatus  stm32f10x_dma.o
    0x08001514   0x0000003a   Code   RO         4855    i.DMA_Init          stm32f10x_dma.o
    0x0800154e   0x00000002   PAD
    0x08001550   0x0000005c   Code   RO         2250    i.DMA_RxConfiguration  sdcard.o
    0x080015ac   0x00000060   Code   RO         2251    i.DMA_TxConfiguration  sdcard.o
    0x0800160c   0x000000b4   Code   RO         5495    i.DataStageIn       usb_core.o
    0x080016c0   0x000000a4   Code   RO         5496    i.DataStageOut      usb_core.o
    0x08001764   0x0000019c   Code   RO         5497    i.Data_Setup0       usb_core.o
    0x08001900   0x0000002a   Code   RO          894    i.Date_Adjust       calendar.o
    0x0800192a   0x00000002   PAD
    0x0800192c   0x00000284   Code   RO          895    i.Date_Display      calendar.o
    0x08001bb0   0x000000e4   Code   RO          896    i.Date_PreAdjust    calendar.o
    0x08001c94   0x00000074   Code   RO          897    i.Date_Regulate     calendar.o
    0x08001d08   0x000004d8   Code   RO          898    i.Date_Show         calendar.o
    0x080021e0   0x000000b0   Code   RO          899    i.Date_Update       calendar.o
    0x08002290   0x00000002   Code   RO           17    i.DebugMonitor      stm32f10x_it.o
    0x08002292   0x00000002   PAD
    0x08002294   0x00000018   Code   RO         1511    i.DecrementVar_AudioDataIndex  i2s_codec.o
    0x080022ac   0x00000020   Code   RO         1512    i.Decrement_AudioReplay  i2s_codec.o
    0x080022cc   0x00000014   Code   RO          571    i.Decrement_TimingDelay  main.o
    0x080022e0   0x00000028   Code   RO          572    i.Delay             main.o
    0x08002308   0x00000034   Code   RO          573    i.DelayJoyStick     main.o
    0x0800233c   0x000000d8   Code   RO          574    i.Demo_Init         main.o
    0x08002414   0x00000064   Code   RO          671    i.DisplayIcons      menu.o
    0x08002478   0x00000084   Code   RO          672    i.DisplayMenu       menu.o
    0x080024fc   0x00000080   Code   RO          673    i.DownFunc          menu.o
    0x0800257c   0x00000004   Code   RO         2457    i.EP1_IN_Callback   usb_endp.o
    0x08002580   0x00000004   Code   RO         2458    i.EP2_OUT_Callback  usb_endp.o
    0x08002584   0x00000002   Code   RO           18    i.EXTI0_IRQHandler  stm32f10x_it.o
    0x08002586   0x00000020   Code   RO           19    i.EXTI15_10_IRQHandler  stm32f10x_it.o
    0x080025a6   0x00000002   Code   RO           20    i.EXTI1_IRQHandler  stm32f10x_it.o
    0x080025a8   0x00000002   Code   RO           21    i.EXTI2_IRQHandler  stm32f10x_it.o
    0x080025aa   0x0000001c   Code   RO           22    i.EXTI3_IRQHandler  stm32f10x_it.o
    0x080025c6   0x00000002   Code   RO           23    i.EXTI4_IRQHandler  stm32f10x_it.o
    0x080025c8   0x0000006c   Code   RO           24    i.EXTI9_5_IRQHandler  stm32f10x_it.o
    0x08002634   0x0000000c   Code   RO         3428    i.EXTI_ClearITPendingBit  stm32f10x_exti.o
    0x08002640   0x00000020   Code   RO         3432    i.EXTI_GetITStatus  stm32f10x_exti.o
    0x08002660   0x00000084   Code   RO         3433    i.EXTI_Init         stm32f10x_exti.o
    0x080026e4   0x0000000e   Code   RO         3434    i.EXTI_StructInit   stm32f10x_exti.o
    0x080026f2   0x00000002   PAD
    0x080026f4   0x00000280   Code   RO         1879    i.EnterSTANDBYMode_RTCAlarm  lowpower.o
    0x08002974   0x00000138   Code   RO         1880    i.EnterSTANDBYMode_WAKEUP  lowpower.o
    0x08002aac   0x000002ac   Code   RO         1881    i.EnterSTOPMode_EXTI  lowpower.o
    0x08002d58   0x000002dc   Code   RO         1882    i.EnterSTOPMode_RTCAlarm  lowpower.o
    0x08003034   0x00000002   Code   RO           25    i.FLASH_IRQHandler  stm32f10x_it.o
    0x08003036   0x00000002   PAD
    0x08003038   0x00000018   Code   RO         4518    i.FLASH_PrefetchBufferCmd  stm32f10x_flash.o
    0x08003050   0x00000018   Code   RO         4519    i.FLASH_SetLatency  stm32f10x_flash.o
    0x08003068   0x00000002   Code   RO           26    i.FSMC_IRQHandler   stm32f10x_it.o
    0x0800306a   0x00000002   PAD
    0x0800306c   0x00000038   Code   RO         4547    i.FSMC_NANDCmd      stm32f10x_fsmc.o
    0x080030a4   0x0000006c   Code   RO         4550    i.FSMC_NANDInit     stm32f10x_fsmc.o
    0x08003110   0x00000036   Code   RO         2031    i.FSMC_NAND_AddressIncrement  fsmc_nand.o
    0x08003146   0x00000002   PAD
    0x08003148   0x00000030   Code   RO         2032    i.FSMC_NAND_EraseBlock  fsmc_nand.o
    0x08003178   0x00000026   Code   RO         2033    i.FSMC_NAND_GetStatus  fsmc_nand.o
    0x0800319e   0x00000002   PAD
    0x080031a0   0x000000a8   Code   RO         2034    i.FSMC_NAND_Init    fsmc_nand.o
    0x08003248   0x0000002c   Code   RO         2035    i.FSMC_NAND_ReadID  fsmc_nand.o
    0x08003274   0x0000007c   Code   RO         2036    i.FSMC_NAND_ReadSmallPage  fsmc_nand.o
    0x080032f0   0x0000007c   Code   RO         2037    i.FSMC_NAND_ReadSpareArea  fsmc_nand.o
    0x0800336c   0x00000020   Code   RO         2038    i.FSMC_NAND_ReadStatus  fsmc_nand.o
    0x0800338c   0x0000009c   Code   RO         2040    i.FSMC_NAND_WriteSmallPage  fsmc_nand.o
    0x08003428   0x0000009c   Code   RO         2041    i.FSMC_NAND_WriteSpareArea  fsmc_nand.o
    0x080034c4   0x00000020   Code   RO         4552    i.FSMC_NORSRAMCmd   stm32f10x_fsmc.o
    0x080034e4   0x000000c4   Code   RO         4554    i.FSMC_NORSRAMInit  stm32f10x_fsmc.o
    0x080035a8   0x000000f8   Code   RO         1804    i.FSMC_NOR_Init     fsmc_nor.o
    0x080036a0   0x00000030   Code   RO         1808    i.FSMC_NOR_ReadID   fsmc_nor.o
    0x080036d0   0x0000000c   Code   RO         1810    i.FSMC_NOR_ReturnToReadMode  fsmc_nor.o
    0x080036dc   0x0000013c   Code   RO         2252    i.FindSCR           sdcard.o
    0x08003818   0x00000064   Code   RO          575    i.GPIO_Config       main.o
    0x0800387c   0x000000a0   Code   RO         3482    i.GPIO_DeInit       stm32f10x_gpio.o
    0x0800391c   0x00000028   Code   RO         3483    i.GPIO_EXTILineConfig  stm32f10x_gpio.o
    0x08003944   0x000000a2   Code   RO         3486    i.GPIO_Init         stm32f10x_gpio.o
    0x080039e6   0x0000000e   Code   RO         3490    i.GPIO_ReadInputDataBit  stm32f10x_gpio.o
    0x080039f4   0x00000004   Code   RO         3493    i.GPIO_ResetBits    stm32f10x_gpio.o
    0x080039f8   0x00000074   Code   RO         1883    i.GPIO_RestoreConfig  lowpower.o
    0x08003a6c   0x000000cc   Code   RO         1884    i.GPIO_SaveConfig   lowpower.o
    0x08003b38   0x00000004   Code   RO         3494    i.GPIO_SetBits      stm32f10x_gpio.o
    0x08003b3c   0x0000000a   Code   RO         3497    i.GPIO_WriteBit     stm32f10x_gpio.o
    0x08003b46   0x00000002   PAD
    0x08003b48   0x00000020   Code   RO         5154    i.GetEPRxAddr       usb_regs.o
    0x08003b68   0x00000020   Code   RO         5155    i.GetEPRxCount      usb_regs.o
    0x08003b88   0x0000001c   Code   RO         5157    i.GetEPTxAddr       usb_regs.o
    0x08003ba4   0x0000000c   Code   RO         1513    i.GetVar_AudioDataIndex  i2s_codec.o
    0x08003bb0   0x0000000c   Code   RO         1514    i.GetVar_AudioDataLength  i2s_codec.o
    0x08003bbc   0x0000000c   Code   RO         1515    i.GetVar_AudioPlayStatus  i2s_codec.o
    0x08003bc8   0x0000000c   Code   RO         1517    i.GetVar_CurrentOutputDevice  i2s_codec.o
    0x08003bd4   0x0000000c   Code   RO         1518    i.GetVar_CurrentVolume  i2s_codec.o
    0x08003be0   0x0000000c   Code   RO         1519    i.GetVar_DataStartAddr  i2s_codec.o
    0x08003bec   0x0000000c   Code   RO          576    i.Get_HSEStartUpStatus  main.o
    0x08003bf8   0x0000000c   Code   RO          577    i.Get_LedShowStatus  main.o
    0x08003c04   0x0000001c   Code   RO         1350    i.Get_Max_Lun       usb_prop.o
    0x08003c20   0x00000048   Code   RO         1193    i.Get_SerialNum     hw_config.o
    0x08003c68   0x0000000c   Code   RO          674    i.Get_SmartCardStatus  menu.o
    0x08003c74   0x00000002   Code   RO           27    i.HardFaultException  stm32f10x_it.o
    0x08003c76   0x00000002   PAD
    0x08003c78   0x000001c8   Code   RO          675    i.HelpFunc          menu.o
    0x08003e40   0x00000012   Code   RO          676    i.HexToAsciiHigh    menu.o
    0x08003e52   0x00000010   Code   RO          677    i.HexToAsciiLow     menu.o
    0x08003e62   0x00000002   Code   RO           28    i.I2C1_ER_IRQHandler  stm32f10x_it.o
    0x08003e64   0x00000002   Code   RO           29    i.I2C1_EV_IRQHandler  stm32f10x_it.o
    0x08003e66   0x00000002   Code   RO           30    i.I2C2_ER_IRQHandler  stm32f10x_it.o
    0x08003e68   0x00000002   Code   RO           31    i.I2C2_EV_IRQHandler  stm32f10x_it.o
    0x08003e6a   0x00000014   Code   RO         3590    i.I2C_AcknowledgeConfig  stm32f10x_i2c.o
    0x08003e7e   0x00000018   Code   RO         3592    i.I2C_CheckEvent    stm32f10x_i2c.o
    0x08003e96   0x00000006   Code   RO         3593    i.I2C_ClearFlag     stm32f10x_i2c.o
    0x08003e9c   0x00000014   Code   RO         3595    i.I2C_Cmd           stm32f10x_i2c.o
    0x08003eb0   0x0000003c   Code   RO         1522    i.I2C_Config        i2s_codec.o
    0x08003eec   0x00000030   Code   RO         3598    i.I2C_DeInit        stm32f10x_i2c.o
    0x08003f1c   0x00000014   Code   RO         3602    i.I2C_GenerateSTART  stm32f10x_i2c.o
    0x08003f30   0x00000014   Code   RO         3603    i.I2C_GenerateSTOP  stm32f10x_i2c.o
    0x08003f44   0x0000001e   Code   RO         3604    i.I2C_GetFlagStatus  stm32f10x_i2c.o
    0x08003f62   0x00000002   PAD
    0x08003f64   0x000000bc   Code   RO         3609    i.I2C_Init          stm32f10x_i2c.o
    0x08004020   0x00000094   Code   RO         1941    i.I2C_LM75_Init     tsensor.o
    0x080040b4   0x00000078   Code   RO         1945    i.I2C_LM75_Status   tsensor.o
    0x0800412c   0x000000d0   Code   RO         1946    i.I2C_LM75_Temp_Read  tsensor.o
    0x080041fc   0x00000006   Code   RO         3613    i.I2C_ReceiveData   stm32f10x_i2c.o
    0x08004202   0x00000010   Code   RO         3615    i.I2C_Send7bitAddress  stm32f10x_i2c.o
    0x08004212   0x00000004   Code   RO         3616    i.I2C_SendData      stm32f10x_i2c.o
    0x08004216   0x00000014   Code   RO         3617    i.I2C_SoftwareResetCmd  stm32f10x_i2c.o
    0x0800422a   0x00000002   PAD
    0x0800422c   0x00000050   Code   RO         1523    i.I2S_CODEC_ControlVolume  i2s_codec.o
    0x0800427c   0x00000044   Code   RO         1524    i.I2S_CODEC_DataTransfer  i2s_codec.o
    0x080042c0   0x00000030   Code   RO         1525    i.I2S_CODEC_ForwardPlay  i2s_codec.o
    0x080042f0   0x000000cc   Code   RO         1526    i.I2S_CODEC_Init    i2s_codec.o
    0x080043bc   0x00000030   Code   RO         1768    i.I2S_CODEC_LCDConfig  waveplayer.o
    0x080043ec   0x0000003c   Code   RO         1528    i.I2S_CODEC_Pause   i2s_codec.o
    0x08004428   0x00000024   Code   RO         1529    i.I2S_CODEC_Play    i2s_codec.o
    0x0800444c   0x0000002c   Code   RO         1530    i.I2S_CODEC_PowerDown  i2s_codec.o
    0x08004478   0x0000000c   Code   RO         1531    i.I2S_CODEC_ReplayConfig  i2s_codec.o
    0x08004484   0x00000028   Code   RO         1532    i.I2S_CODEC_Reset   i2s_codec.o
    0x080044ac   0x00000030   Code   RO         1533    i.I2S_CODEC_RewindPlay  i2s_codec.o
    0x080044dc   0x00000034   Code   RO         1534    i.I2S_CODEC_SpeakerHeadphoneSwap  i2s_codec.o
    0x08004510   0x0000002c   Code   RO         1535    i.I2S_CODEC_Stop    i2s_codec.o
    0x0800453c   0x00000040   Code   RO         1536    i.I2S_CODEC_UpdateStatus  i2s_codec.o
    0x0800457c   0x0000015c   Code   RO         1537    i.I2S_CODEC_WaveParsing  i2s_codec.o
    0x080046d8   0x00000014   Code   RO         4331    i.I2S_Cmd           stm32f10x_spi.o
    0x080046ec   0x000000b4   Code   RO         1538    i.I2S_GPIO_Config   i2s_codec.o
    0x080047a0   0x000000a2   Code   RO         4332    i.I2S_Init          stm32f10x_spi.o
    0x08004842   0x00000002   Code   RO          678    i.IdleFunc          menu.o
    0x08004844   0x0000005c   Code   RO         5498    i.In0_Process       usb_core.o
    0x080048a0   0x00000024   Code   RO         1539    i.IncrementVar_AudioDataIndex  i2s_codec.o
    0x080048c4   0x0000003a   Code   RO          578    i.IntExtOnOffConfig  main.o
    0x080048fe   0x00000002   PAD
    0x08004900   0x00000108   Code   RO          579    i.InterruptConfig   main.o
    0x08004a08   0x0000014c   Code   RO         2253    i.IsCardProgramming  sdcard.o
    0x08004b54   0x00000026   Code   RO          900    i.IsLeapYear        calendar.o
    0x08004b7a   0x00000026   Code   RO         1028    i.LCD_Clear         lcd.o
    0x08004ba0   0x00000020   Code   RO         1029    i.LCD_ClearLine     lcd.o
    0x08004bc0   0x00000070   Code   RO         1030    i.LCD_CtrlLinesConfig  lcd.o
    0x08004c30   0x00000018   Code   RO         1031    i.LCD_DisplayChar   lcd.o
    0x08004c48   0x0000009c   Code   RO         1769    i.LCD_DisplayError  waveplayer.o
    0x08004ce4   0x0000002a   Code   RO         1034    i.LCD_DisplayStringLine  lcd.o
    0x08004d0e   0x00000002   PAD
    0x08004d10   0x00000064   Code   RO         1035    i.LCD_DrawChar      lcd.o
    0x08004d74   0x0000005c   Code   RO         1037    i.LCD_DrawLine      lcd.o
    0x08004dd0   0x00000040   Code   RO         1039    i.LCD_DrawRect      lcd.o
    0x08004e10   0x0000004c   Code   RO         1040    i.LCD_FSMCConfig    lcd.o
    0x08004e5c   0x00000090   Code   RO          679    i.LCD_NORDisplay    menu.o
    0x08004eec   0x00000010   Code   RO         1044    i.LCD_SetBackColor  lcd.o
    0x08004efc   0x00000018   Code   RO         1045    i.LCD_SetCursor     lcd.o
    0x08004f14   0x0000004a   Code   RO         1046    i.LCD_SetDisplayWindow  lcd.o
    0x08004f5e   0x00000002   PAD
    0x08004f60   0x00000010   Code   RO         1047    i.LCD_SetTextColor  lcd.o
    0x08004f70   0x000002a8   Code   RO         1770    i.LCD_Update        waveplayer.o
    0x08005218   0x0000001e   Code   RO         1048    i.LCD_WindowModeDisable  lcd.o
    0x08005236   0x00000002   PAD
    0x08005238   0x0000004a   Code   RO         1049    i.LCD_WriteBMP      lcd.o
    0x08005282   0x0000000a   Code   RO         1052    i.LCD_WriteReg      lcd.o
    0x0800528c   0x00000040   Code   RO          580    i.LedShow           main.o
    0x080052cc   0x0000007c   Code   RO          581    i.LedShow_Init      main.o
    0x08005348   0x00000010   Code   RO         1196    i.Led_RW_OFF        hw_config.o
    0x08005358   0x00000010   Code   RO         1197    i.Led_RW_ON         hw_config.o
    0x08005368   0x0000001a   Code   RO         1885    i.LowPower_Init     lowpower.o
    0x08005382   0x0000001a   Code   RO         1198    i.MAL_Config        hw_config.o
    0x0800539c   0x000000e0   Code   RO         2102    i.MAL_GetStatus     mass_mal.o
    0x0800547c   0x00000054   Code   RO         2103    i.MAL_Init          mass_mal.o
    0x080054d0   0x00000038   Code   RO         2104    i.MAL_Read          mass_mal.o
    0x08005508   0x00000038   Code   RO         2105    i.MAL_Write         mass_mal.o
    0x08005540   0x00000040   Code   RO         1351    i.MASS_Data_Setup   usb_prop.o
    0x08005580   0x0000000c   Code   RO         1352    i.MASS_GetConfigDescriptor  usb_prop.o
    0x0800558c   0x0000000c   Code   RO         1353    i.MASS_GetDeviceDescriptor  usb_prop.o
    0x08005598   0x00000020   Code   RO         1354    i.MASS_GetStringDescriptor  usb_prop.o
    0x080055b8   0x0000000a   Code   RO         1355    i.MASS_Get_Interface_Setting  usb_prop.o
    0x080055c2   0x00000002   PAD
    0x080055c4   0x00000050   Code   RO         1356    i.MASS_NoData_Setup  usb_prop.o
    0x08005614   0x000000e8   Code   RO         1357    i.MASS_Reset        usb_prop.o
    0x080056fc   0x00000002   Code   RO         1358    i.MASS_Status_In    usb_prop.o
    0x080056fe   0x00000002   Code   RO         1359    i.MASS_Status_Out   usb_prop.o
    0x08005700   0x0000003c   Code   RO         1360    i.MASS_init         usb_prop.o
    0x0800573c   0x0000001c   Code   RO         1361    i.Mass_Storage_ClearFeature  usb_prop.o
    0x08005758   0x00000054   Code   RO         2412    i.Mass_Storage_In   usb_bot.o
    0x080057ac   0x00000068   Code   RO         2413    i.Mass_Storage_Out  usb_bot.o
    0x08005814   0x000000d4   Code   RO         2002    i.Mass_Storage_Recovery  mass_storage.o
    0x080058e8   0x00000034   Code   RO         1362    i.Mass_Storage_SetConfiguration  usb_prop.o
    0x0800591c   0x0000000c   Code   RO         1363    i.Mass_Storage_SetDeviceAddress  usb_prop.o
    0x08005928   0x0000014c   Code   RO         2003    i.Mass_Storage_Start  mass_storage.o
    0x08005a74   0x00000080   Code   RO         1540    i.Media_BufferRead  i2s_codec.o
    0x08005af4   0x00000050   Code   RO         1541    i.Media_Init        i2s_codec.o
    0x08005b44   0x00000090   Code   RO         1543    i.Media_ReadHalfWord  i2s_codec.o
    0x08005bd4   0x00000002   Code   RO           32    i.MemManageException  stm32f10x_it.o
    0x08005bd6   0x00000002   PAD
    0x08005bd8   0x00000020   Code   RO          680    i.Menu_Init         menu.o
    0x08005bf8   0x000000d8   Code   RO         2163    i.NAND_BuildLUT     nand_if.o
    0x08005cd0   0x00000042   Code   RO         2164    i.NAND_ConvertPhyAddress  nand_if.o
    0x08005d12   0x0000003e   Code   RO         2165    i.NAND_Copy         nand_if.o
    0x08005d50   0x00000048   Code   RO         2166    i.NAND_Format       nand_if.o
    0x08005d98   0x00000042   Code   RO         2167    i.NAND_GetAddress   nand_if.o
    0x08005dda   0x00000002   PAD
    0x08005ddc   0x00000018   Code   RO         2168    i.NAND_Init         nand_if.o
    0x08005df4   0x00000058   Code   RO         2169    i.NAND_Read         nand_if.o
    0x08005e4c   0x00000174   Code   RO         2170    i.NAND_Write        nand_if.o
    0x08005fc0   0x000000f8   Code   RO         2171    i.NAND_Write_Cleanup  nand_if.o
    0x080060b8   0x00000200   Code   RO           33    i.NMIException      stm32f10x_it.o
    0x080062b8   0x00000002   Code   RO         5499    i.NOP_Process       usb_core.o
    0x080062ba   0x00000016   Code   RO         3797    i.NVIC_ClearIRQChannelPendingBit  stm32f10x_nvic.o
    0x080062d0   0x0000002e   Code   RO         3799    i.NVIC_DeInit       stm32f10x_nvic.o
    0x080062fe   0x00000002   PAD
    0x08006300   0x00000010   Code   RO         3801    i.NVIC_GenerateSystemReset  stm32f10x_nvic.o
    0x08006310   0x0000007c   Code   RO         3812    i.NVIC_Init         stm32f10x_nvic.o
    0x0800638c   0x00000014   Code   RO         3813    i.NVIC_PriorityGroupConfig  stm32f10x_nvic.o
    0x080063a0   0x00000004   Code   RO         3815    i.NVIC_RESETPRIMASK  stm32f10x_nvic.o
    0x080063a4   0x00000004   Code   RO         3818    i.NVIC_SETPRIMASK   stm32f10x_nvic.o
    0x080063a8   0x00000018   Code   RO         3820    i.NVIC_SetSystemHandlerPendingBit  stm32f10x_nvic.o
    0x080063c0   0x00000014   Code   RO         3821    i.NVIC_SetVectorTable  stm32f10x_nvic.o
    0x080063d4   0x00000050   Code   RO         3824    i.NVIC_SystemHandlerPriorityConfig  stm32f10x_nvic.o
    0x08006424   0x000000d8   Code   RO         5500    i.NoData_Setup0     usb_core.o
    0x080064fc   0x00000040   Code   RO         5501    i.Out0_Process      usb_core.o
    0x0800653c   0x00000020   Code   RO         5670    i.PMAToUserBufferCopy  usb_mem.o
    0x0800655c   0x00000002   Code   RO           34    i.PVD_IRQHandler    stm32f10x_it.o
    0x0800655e   0x00000002   PAD
    0x08006560   0x0000000c   Code   RO         3982    i.PWR_BackupAccessCmd  stm32f10x_pwr.o
    0x0800656c   0x00000028   Code   RO         3985    i.PWR_EnterSTANDBYMode  stm32f10x_pwr.o
    0x08006594   0x0000002c   Code   RO         3986    i.PWR_EnterSTOPMode  stm32f10x_pwr.o
    0x080065c0   0x0000000c   Code   RO         3990    i.PWR_WakeUpPinCmd  stm32f10x_pwr.o
    0x080065cc   0x00000002   Code   RO           35    i.PendSVC           stm32f10x_it.o
    0x080065ce   0x00000002   PAD
    0x080065d0   0x00000044   Code   RO         5502    i.Post0_Process     usb_core.o
    0x08006614   0x00000020   Code   RO         1463    i.PowerOff          usb_pwr.o
    0x08006634   0x0000002c   Code   RO         1464    i.PowerOn           usb_pwr.o
    0x08006660   0x000002a8   Code   RO          681    i.ProductPres       menu.o
    0x08006908   0x00000018   Code   RO         4043    i.RCC_AHBPeriphClockCmd  stm32f10x_rcc.o
    0x08006920   0x00000018   Code   RO         4044    i.RCC_APB1PeriphClockCmd  stm32f10x_rcc.o
    0x08006938   0x00000018   Code   RO         4045    i.RCC_APB1PeriphResetCmd  stm32f10x_rcc.o
    0x08006950   0x00000018   Code   RO         4046    i.RCC_APB2PeriphClockCmd  stm32f10x_rcc.o
    0x08006968   0x00000018   Code   RO         4047    i.RCC_APB2PeriphResetCmd  stm32f10x_rcc.o
    0x08006980   0x0000000c   Code   RO         4049    i.RCC_BackupResetCmd  stm32f10x_rcc.o
    0x0800698c   0x0000000c   Code   RO         4051    i.RCC_ClearITPendingBit  stm32f10x_rcc.o
    0x08006998   0x0000000c   Code   RO         4052    i.RCC_ClockSecuritySystemCmd  stm32f10x_rcc.o
    0x080069a4   0x0000003c   Code   RO         4053    i.RCC_DeInit        stm32f10x_rcc.o
    0x080069e0   0x00000090   Code   RO         4054    i.RCC_GetClocksFreq  stm32f10x_rcc.o
    0x08006a70   0x00000030   Code   RO         4055    i.RCC_GetFlagStatus  stm32f10x_rcc.o
    0x08006aa0   0x00000014   Code   RO         4056    i.RCC_GetITStatus   stm32f10x_rcc.o
    0x08006ab4   0x00000010   Code   RO         4057    i.RCC_GetSYSCLKSource  stm32f10x_rcc.o
    0x08006ac4   0x00000014   Code   RO         4058    i.RCC_HCLKConfig    stm32f10x_rcc.o
    0x08006ad8   0x00000034   Code   RO         4059    i.RCC_HSEConfig     stm32f10x_rcc.o
    0x08006b0c   0x00000002   Code   RO           36    i.RCC_IRQHandler    stm32f10x_it.o
    0x08006b0e   0x00000002   PAD
    0x08006b10   0x00000020   Code   RO         4062    i.RCC_LSEConfig     stm32f10x_rcc.o
    0x08006b30   0x00000014   Code   RO         4065    i.RCC_PCLK1Config   stm32f10x_rcc.o
    0x08006b44   0x00000014   Code   RO         4066    i.RCC_PCLK2Config   stm32f10x_rcc.o
    0x08006b58   0x0000000c   Code   RO         4067    i.RCC_PLLCmd        stm32f10x_rcc.o
    0x08006b64   0x00000014   Code   RO         4068    i.RCC_PLLConfig     stm32f10x_rcc.o
    0x08006b78   0x0000000c   Code   RO         4069    i.RCC_RTCCLKCmd     stm32f10x_rcc.o
    0x08006b84   0x00000010   Code   RO         4070    i.RCC_RTCCLKConfig  stm32f10x_rcc.o
    0x08006b94   0x00000014   Code   RO         4071    i.RCC_SYSCLKConfig  stm32f10x_rcc.o
    0x08006ba8   0x0000000c   Code   RO         4072    i.RCC_USBCLKConfig  stm32f10x_rcc.o
    0x08006bb4   0x0000002a   Code   RO         4073    i.RCC_WaitForHSEStartUp  stm32f10x_rcc.o
    0x08006bde   0x00000002   PAD
    0x08006be0   0x00000024   Code   RO           37    i.RTCAlarm_IRQHandler  stm32f10x_it.o
    0x08006c04   0x00000010   Code   RO         4242    i.RTC_ClearFlag     stm32f10x_rtc.o
    0x08006c14   0x00000010   Code   RO         4243    i.RTC_ClearITPendingBit  stm32f10x_rtc.o
    0x08006c24   0x00000010   Code   RO         4244    i.RTC_EnterConfigMode  stm32f10x_rtc.o
    0x08006c34   0x00000010   Code   RO         4245    i.RTC_ExitConfigMode  stm32f10x_rtc.o
    0x08006c44   0x00000014   Code   RO         4246    i.RTC_GetCounter    stm32f10x_rtc.o
    0x08006c58   0x00000060   Code   RO           38    i.RTC_IRQHandler    stm32f10x_it.o
    0x08006cb8   0x00000018   Code   RO         4250    i.RTC_ITConfig      stm32f10x_rtc.o
    0x08006cd0   0x00000020   Code   RO         4251    i.RTC_SetAlarm      stm32f10x_rtc.o
    0x08006cf0   0x00000020   Code   RO         4252    i.RTC_SetCounter    stm32f10x_rtc.o
    0x08006d10   0x00000020   Code   RO         4253    i.RTC_SetPrescaler  stm32f10x_rtc.o
    0x08006d30   0x00000010   Code   RO         4254    i.RTC_WaitForLastTask  stm32f10x_rtc.o
    0x08006d40   0x00000018   Code   RO         4255    i.RTC_WaitForSynchro  stm32f10x_rtc.o
    0x08006d58   0x00000084   Code   RO          901    i.ReadDigit         calendar.o
    0x08006ddc   0x000000b8   Code   RO          682    i.ReadKey           menu.o
    0x08006e94   0x0000002c   Code   RO         2172    i.ReadSpareArea     nand_if.o
    0x08006ec0   0x00000044   Code   RO         1545    i.ReadUnit          i2s_codec.o
    0x08006f04   0x000000c0   Code   RO         2136    i.Read_Memory       memory.o
    0x08006fc4   0x000001d0   Code   RO          902    i.RegulateDay       calendar.o
    0x08007194   0x00000080   Code   RO          903    i.RegulateMonth     calendar.o
    0x08007214   0x00000090   Code   RO          904    i.RegulateYear      calendar.o
    0x080072a4   0x00000010   Code   RO         1546    i.ResetVar_AudioDataIndex  i2s_codec.o
    0x080072b4   0x00000010   Code   RO         1547    i.ResetVar_SendDummyData  i2s_codec.o
    0x080072c4   0x00000050   Code   RO          683    i.ReturnFunc        menu.o
    0x08007314   0x00000074   Code   RO         2482    i.SCSI_Address_Management  usb_scsi.o
    0x08007388   0x0000003c   Code   RO         2483    i.SCSI_Format_Cmd   usb_scsi.o
    0x080073c4   0x00000034   Code   RO         2484    i.SCSI_Inquiry_Cmd  usb_scsi.o
    0x080073f8   0x00000034   Code   RO         2485    i.SCSI_Invalid_Cmd  usb_scsi.o
    0x0800742c   0x0000000c   Code   RO         2486    i.SCSI_ModeSense10_Cmd  usb_scsi.o
    0x08007438   0x0000000c   Code   RO         2487    i.SCSI_ModeSense6_Cmd  usb_scsi.o
    0x08007444   0x00000068   Code   RO         2488    i.SCSI_Read10_Cmd   usb_scsi.o
    0x080074ac   0x00000070   Code   RO         2489    i.SCSI_ReadCapacity10_Cmd  usb_scsi.o
    0x0800751c   0x0000006c   Code   RO         2490    i.SCSI_ReadFormatCapacity_Cmd  usb_scsi.o
    0x08007588   0x00000018   Code   RO         2491    i.SCSI_RequestSense_Cmd  usb_scsi.o
    0x080075a0   0x00000008   Code   RO         2492    i.SCSI_Start_Stop_Unit_Cmd  usb_scsi.o
    0x080075a8   0x00000038   Code   RO         2493    i.SCSI_TestUnitReady_Cmd  usb_scsi.o
    0x080075e0   0x00000034   Code   RO         2495    i.SCSI_Verify10_Cmd  usb_scsi.o
    0x08007614   0x00000064   Code   RO         2496    i.SCSI_Write10_Cmd  usb_scsi.o
    0x08007678   0x000000a0   Code   RO         2584    i.SC_AnswerReq      smartcard.o
    0x08007718   0x000000f4   Code   RO         2585    i.SC_Handler        smartcard.o
    0x0800780c   0x00000124   Code   RO         2586    i.SC_Init           smartcard.o
    0x08007930   0x00000024   Code   RO         2588    i.SC_ParityErrorHandler  smartcard.o
    0x08007954   0x00000018   Code   RO         2589    i.SC_PowerCmd       smartcard.o
    0x0800796c   0x00000010   Code   RO         2590    i.SC_Reset          smartcard.o
    0x0800797c   0x000001d4   Code   RO         2591    i.SC_SendData       smartcard.o
    0x08007b50   0x000000f0   Code   RO         2592    i.SC_decode_Answer2reset  smartcard.o
    0x08007c40   0x000000c0   Code   RO         2254    i.SDEnWideBus       sdcard.o
    0x08007d00   0x0000000c   Code   RO         4662    i.SDIO_ClearFlag    stm32f10x_sdio.o
    0x08007d0c   0x0000000c   Code   RO         4663    i.SDIO_ClearITPendingBit  stm32f10x_sdio.o
    0x08007d18   0x0000000c   Code   RO         4664    i.SDIO_ClockCmd     stm32f10x_sdio.o
    0x08007d24   0x0000000c   Code   RO         4667    i.SDIO_DMACmd       stm32f10x_sdio.o
    0x08007d30   0x0000002c   Code   RO         4668    i.SDIO_DataConfig   stm32f10x_sdio.o
    0x08007d5c   0x00000024   Code   RO         4670    i.SDIO_DeInit       stm32f10x_sdio.o
    0x08007d80   0x0000000c   Code   RO         4671    i.SDIO_GetCommandResponse  stm32f10x_sdio.o
    0x08007d8c   0x00000014   Code   RO         4674    i.SDIO_GetFlagStatus  stm32f10x_sdio.o
    0x08007da0   0x00000014   Code   RO         4675    i.SDIO_GetITStatus  stm32f10x_sdio.o
    0x08007db4   0x00000010   Code   RO         4676    i.SDIO_GetPowerState  stm32f10x_sdio.o
    0x08007dc4   0x0000000c   Code   RO         4677    i.SDIO_GetResponse  stm32f10x_sdio.o
    0x08007dd0   0x00000004   Code   RO           39    i.SDIO_IRQHandler   stm32f10x_it.o
    0x08007dd4   0x00000018   Code   RO         4678    i.SDIO_ITConfig     stm32f10x_sdio.o
    0x08007dec   0x0000002c   Code   RO         4679    i.SDIO_Init         stm32f10x_sdio.o
    0x08007e18   0x0000000c   Code   RO         4680    i.SDIO_ReadData     stm32f10x_sdio.o
    0x08007e24   0x00000028   Code   RO         4682    i.SDIO_SendCommand  stm32f10x_sdio.o
    0x08007e4c   0x00000018   Code   RO         4684    i.SDIO_SetPowerState  stm32f10x_sdio.o
    0x08007e64   0x0000000c   Code   RO         4690    i.SDIO_WriteData    stm32f10x_sdio.o
    0x08007e70   0x00000078   Code   RO         2255    i.SD_EnableWideBusOperation  sdcard.o
    0x08007ee8   0x00000248   Code   RO         2257    i.SD_GetCardInfo    sdcard.o
    0x08008130   0x00000084   Code   RO         2259    i.SD_Init           sdcard.o
    0x080081b4   0x00000108   Code   RO         2260    i.SD_InitializeCards  sdcard.o
    0x080082bc   0x000001a4   Code   RO         2262    i.SD_PowerON        sdcard.o
    0x08008460   0x0000019c   Code   RO         2263    i.SD_ProcessIRQSrc  sdcard.o
    0x080085fc   0x00000208   Code   RO         2264    i.SD_ReadBlock      sdcard.o
    0x08008804   0x0000002c   Code   RO         2266    i.SD_SelectDeselect  sdcard.o
    0x08008830   0x0000001c   Code   RO         2269    i.SD_SetDeviceMode  sdcard.o
    0x0800884c   0x00000028   Code   RO         2270    i.SD_StopTransfer   sdcard.o
    0x08008874   0x000002d0   Code   RO         2271    i.SD_WriteBlock     sdcard.o
    0x08008b44   0x00000002   Code   RO           40    i.SPI1_IRQHandler   stm32f10x_it.o
    0x08008b46   0x00000002   PAD
    0x08008b48   0x0000001c   Code   RO           41    i.SPI2_IRQHandler   stm32f10x_it.o
    0x08008b64   0x00000002   Code   RO           42    i.SPI3_IRQHandler   stm32f10x_it.o
    0x08008b66   0x00000002   PAD
    0x08008b68   0x0000004c   Code   RO         4343    i.SPI_I2S_DeInit    stm32f10x_spi.o
    0x08008bb4   0x0000000e   Code   RO         4344    i.SPI_I2S_GetFlagStatus  stm32f10x_spi.o
    0x08008bc2   0x0000002a   Code   RO         4345    i.SPI_I2S_GetITStatus  stm32f10x_spi.o
    0x08008bec   0x00000018   Code   RO         4346    i.SPI_I2S_ITConfig  stm32f10x_spi.o
    0x08008c04   0x00000004   Code   RO         4348    i.SPI_I2S_SendData  stm32f10x_spi.o
    0x08008c08   0x00000206   Code   RO         1053    i.STM3210E_LCD_Init  lcd.o
    0x08008e0e   0x00000002   PAD
    0x08008e10   0x000000d0   Code   RO          684    i.STM32BannerFunc   menu.o
    0x08008ee0   0x000001f4   Code   RO          685    i.STM32BannerSpeedFunc  menu.o
    0x080090d4   0x000000bc   Code   RO          686    i.STM32Intro        menu.o
    0x08009190   0x00000002   Code   RO           43    i.SVCHandler        stm32f10x_it.o
    0x08009192   0x00000002   PAD
    0x08009194   0x00000032   Code   RO         1886    i.SYSCLKConfig_STOP  lowpower.o
    0x080091c6   0x00000002   PAD
    0x080091c8   0x0000003c   Code   RO          687    i.SelFunc           menu.o
    0x08009204   0x00000010   Code   RO         5165    i.SetBTABLE         usb_regs.o
    0x08009214   0x00000040   Code   RO         5503    i.SetDeviceAddress  usb_core.o
    0x08009254   0x00000020   Code   RO         5179    i.SetEPRxAddr       usb_regs.o
    0x08009274   0x00000040   Code   RO         5180    i.SetEPRxCount      usb_regs.o
    0x080092b4   0x0000002c   Code   RO         5181    i.SetEPRxStatus     usb_regs.o
    0x080092e0   0x00000020   Code   RO         5182    i.SetEPRxValid      usb_regs.o
    0x08009300   0x00000020   Code   RO         5183    i.SetEPTxAddr       usb_regs.o
    0x08009320   0x0000001c   Code   RO         5184    i.SetEPTxCount      usb_regs.o
    0x0800933c   0x0000002c   Code   RO         5185    i.SetEPTxStatus     usb_regs.o
    0x08009368   0x0000001c   Code   RO         5187    i.SetEPType         usb_regs.o
    0x08009384   0x0000000c   Code   RO         1548    i.SetVar_AudioDataIndex  i2s_codec.o
    0x08009390   0x0000000c   Code   RO         1549    i.SetVar_AudioPlayStatus  i2s_codec.o
    0x0800939c   0x00000010   Code   RO         1550    i.SetVar_SendDummyData  i2s_codec.o
    0x080093ac   0x00000048   Code   RO         2414    i.Set_CSW           usb_bot.o
    0x080093f4   0x0000000c   Code   RO          688    i.Set_CardInserted  menu.o
    0x08009400   0x0000000c   Code   RO          582    i.Set_SELStatus     main.o
    0x0800940c   0x0000000c   Code   RO         1887    i.Set_STOPModeStatus  lowpower.o
    0x08009418   0x0000000c   Code   RO         2497    i.Set_Scsi_Sense_Data  usb_scsi.o
    0x08009424   0x00000014   Code   RO         1201    i.Set_USBClock      hw_config.o
    0x08009438   0x00000068   Code   RO         5504    i.Setup0_Process    usb_core.o
    0x080094a0   0x00000290   Code   RO          689    i.ShowMenuIcons     menu.o
    0x08009730   0x0000070c   Code   RO          690    i.SmartCard_Start   menu.o
    0x08009e3c   0x000000f0   Code   RO         5505    i.Standard_ClearFeature  usb_core.o
    0x08009f2c   0x00000028   Code   RO         5506    i.Standard_GetConfiguration  usb_core.o
    0x08009f54   0x0000001c   Code   RO         5507    i.Standard_GetDescriptorData  usb_core.o
    0x08009f70   0x00000028   Code   RO         5508    i.Standard_GetInterface  usb_core.o
    0x08009f98   0x0000008c   Code   RO         5509    i.Standard_GetStatus  usb_core.o
    0x0800a024   0x00000038   Code   RO         5510    i.Standard_SetConfiguration  usb_core.o
    0x0800a05c   0x00000024   Code   RO         5511    i.Standard_SetDeviceFeature  usb_core.o
    0x0800a080   0x00000080   Code   RO         5512    i.Standard_SetEndPointFeature  usb_core.o
    0x0800a100   0x00000048   Code   RO         5513    i.Standard_SetInterface  usb_core.o
    0x0800a148   0x00000004   Code   RO           44    i.SysTickHandler    stm32f10x_it.o
    0x0800a14c   0x00000018   Code   RO         4475    i.SysTick_CLKSourceConfig  stm32f10x_systick.o
    0x0800a164   0x0000001c   Code   RO          583    i.SysTick_Config    main.o
    0x0800a180   0x00000024   Code   RO         4476    i.SysTick_CounterCmd  stm32f10x_systick.o
    0x0800a1a4   0x00000018   Code   RO         4479    i.SysTick_ITConfig  stm32f10x_systick.o
    0x0800a1bc   0x00000008   Code   RO         4480    i.SysTick_SetReload  stm32f10x_systick.o
    0x0800a1c4   0x00000002   Code   RO           45    i.TAMPER_IRQHandler  stm32f10x_it.o
    0x0800a1c6   0x00000002   Code   RO           46    i.TIM1_BRK_IRQHandler  stm32f10x_it.o
    0x0800a1c8   0x00000002   Code   RO           47    i.TIM1_CC_IRQHandler  stm32f10x_it.o
    0x0800a1ca   0x00000002   Code   RO           48    i.TIM1_TRG_COM_IRQHandler  stm32f10x_it.o
    0x0800a1cc   0x000000bc   Code   RO           49    i.TIM1_UP_IRQHandler  stm32f10x_it.o
    0x0800a288   0x00000002   Code   RO           50    i.TIM2_IRQHandler   stm32f10x_it.o
    0x0800a28a   0x00000002   Code   RO           51    i.TIM3_IRQHandler   stm32f10x_it.o
    0x0800a28c   0x00000002   Code   RO           52    i.TIM4_IRQHandler   stm32f10x_it.o
    0x0800a28e   0x00000002   Code   RO           53    i.TIM5_IRQHandler   stm32f10x_it.o
    0x0800a290   0x00000002   Code   RO           54    i.TIM6_IRQHandler   stm32f10x_it.o
    0x0800a292   0x00000002   Code   RO           55    i.TIM7_IRQHandler   stm32f10x_it.o
    0x0800a294   0x00000002   Code   RO           56    i.TIM8_BRK_IRQHandler  stm32f10x_it.o
    0x0800a296   0x00000002   Code   RO           57    i.TIM8_CC_IRQHandler  stm32f10x_it.o
    0x0800a298   0x00000002   Code   RO           58    i.TIM8_TRG_COM_IRQHandler  stm32f10x_it.o
    0x0800a29a   0x00000002   Code   RO           59    i.TIM8_UP_IRQHandler  stm32f10x_it.o
    0x0800a29c   0x00000006   Code   RO         2825    i.TIM_ClearITPendingBit  stm32f10x_tim.o
    0x0800a2a2   0x00000016   Code   RO         2830    i.TIM_Cmd           stm32f10x_tim.o
    0x0800a2b8   0x00000010   Code   RO         2855    i.TIM_ITConfig      stm32f10x_tim.o
    0x0800a2c8   0x00000060   Code   RO         2859    i.TIM_OC1Init       stm32f10x_tim.o
    0x0800a328   0x00000014   Code   RO         2877    i.TIM_OCStructInit  stm32f10x_tim.o
    0x0800a33c   0x0000003c   Code   RO         2901    i.TIM_TimeBaseInit  stm32f10x_tim.o
    0x0800a378   0x00000012   Code   RO         2902    i.TIM_TimeBaseStructInit  stm32f10x_tim.o
    0x0800a38a   0x00000002   PAD
    0x0800a38c   0x000002fc   Code   RO         1947    i.Thermometer_Temperature  tsensor.o
    0x0800a688   0x0000002a   Code   RO          905    i.Time_Adjust       calendar.o
    0x0800a6b2   0x00000002   PAD
    0x0800a6b4   0x000000d8   Code   RO          906    i.Time_Display      calendar.o
    0x0800a78c   0x00000160   Code   RO          907    i.Time_PreAdjust    calendar.o
    0x0800a8ec   0x000000a4   Code   RO          908    i.Time_Regulate     calendar.o
    0x0800a990   0x00000144   Code   RO          909    i.Time_Show         calendar.o
    0x0800aad4   0x00000038   Code   RO         2415    i.Transfer_Data_Request  usb_bot.o
    0x0800ab0c   0x00000002   Code   RO           60    i.UART4_IRQHandler  stm32f10x_it.o
    0x0800ab0e   0x00000002   Code   RO           61    i.UART5_IRQHandler  stm32f10x_it.o
    0x0800ab10   0x00000002   Code   RO           62    i.USART1_IRQHandler  stm32f10x_it.o
    0x0800ab12   0x00000002   Code   RO           63    i.USART2_IRQHandler  stm32f10x_it.o
    0x0800ab14   0x0000008c   Code   RO           64    i.USART3_IRQHandler  stm32f10x_it.o
    0x0800aba0   0x00000038   Code   RO         2593    i.USART_ByteReceive  smartcard.o
    0x0800abd8   0x0000000c   Code   RO         2649    i.USART_ClearITPendingBit  stm32f10x_usart.o
    0x0800abe4   0x0000001e   Code   RO         2650    i.USART_ClockInit   stm32f10x_usart.o
    0x0800ac02   0x00000014   Code   RO         2652    i.USART_Cmd         stm32f10x_usart.o
    0x0800ac16   0x00000010   Code   RO         2653    i.USART_DMACmd      stm32f10x_usart.o
    0x0800ac26   0x00000002   PAD
    0x0800ac28   0x0000006c   Code   RO         2654    i.USART_DeInit      stm32f10x_usart.o
    0x0800ac94   0x0000000e   Code   RO         2655    i.USART_GetFlagStatus  stm32f10x_usart.o
    0x0800aca2   0x0000003e   Code   RO         2656    i.USART_GetITStatus  stm32f10x_usart.o
    0x0800ace0   0x00000030   Code   RO         2658    i.USART_ITConfig    stm32f10x_usart.o
    0x0800ad10   0x0000008c   Code   RO         2659    i.USART_Init        stm32f10x_usart.o
    0x0800ad9c   0x00000008   Code   RO         2664    i.USART_ReceiveData  stm32f10x_usart.o
    0x0800ada4   0x00000008   Code   RO         2667    i.USART_SendData    stm32f10x_usart.o
    0x0800adac   0x00000010   Code   RO         2669    i.USART_SetGuardTime  stm32f10x_usart.o
    0x0800adbc   0x00000010   Code   RO         2670    i.USART_SetPrescaler  stm32f10x_usart.o
    0x0800adcc   0x00000014   Code   RO         2671    i.USART_SmartCardCmd  stm32f10x_usart.o
    0x0800ade0   0x00000014   Code   RO         2672    i.USART_SmartCardNACKCmd  stm32f10x_usart.o
    0x0800adf4   0x00000002   Code   RO           65    i.USBWakeUp_IRQHandler  stm32f10x_it.o
    0x0800adf6   0x00000002   PAD
    0x0800adf8   0x00000018   Code   RO         1202    i.USB_Cable_Config  hw_config.o
    0x0800ae10   0x0000002c   Code   RO         1204    i.USB_Disconnect_Config  hw_config.o
    0x0800ae3c   0x00000004   Code   RO           66    i.USB_HP_CAN_TX_IRQHandler  stm32f10x_it.o
    0x0800ae40   0x00000028   Code   RO         5614    i.USB_Init          usb_init.o
    0x0800ae68   0x00000048   Code   RO         1314    i.USB_Istr          usb_istr.o
    0x0800aeb0   0x00000004   Code   RO           67    i.USB_LP_CAN_RX0_IRQHandler  stm32f10x_it.o
    0x0800aeb4   0x0000000c   Code   RO         1206    i.USB_NotConfigured_LED  hw_config.o
    0x0800aec0   0x00000078   Code   RO          691    i.UpFunc            menu.o
    0x0800af38   0x00000002   Code   RO           68    i.UsageFaultException  stm32f10x_it.o
    0x0800af3a   0x00000002   PAD
    0x0800af3c   0x0000002c   Code   RO         5671    i.UserToPMABufferCopy  usb_mem.o
    0x0800af68   0x00000002   Code   RO           69    i.WWDG_IRQHandler   stm32f10x_it.o
    0x0800af6a   0x00000002   PAD
    0x0800af6c   0x000001c0   Code   RO         1771    i.WavePlayer_StartSpeaker  waveplayer.o
    0x0800b12c   0x000000b8   Code   RO          910    i.WeekDayNum        calendar.o
    0x0800b1e4   0x000000d8   Code   RO         2137    i.Write_Memory      memory.o
    0x0800b2bc   0x00000028   Code   RO         5841    i.__0sprintf$5      mc_w.l(printf5.o)
    0x0800b2e4   0x0000000e   Code   RO         6013    i.__scatterload_copy  mc_w.l(handlers.o)
    0x0800b2f2   0x00000002   Code   RO         6014    i.__scatterload_null  mc_w.l(handlers.o)
    0x0800b2f4   0x0000000e   Code   RO         6015    i.__scatterload_zeroinit  mc_w.l(handlers.o)
    0x0800b302   0x00000002   PAD
    0x0800b304   0x000002c0   Code   RO         5846    i._printf_core      mc_w.l(printf5.o)
    0x0800b5c4   0x0000000a   Code   RO         5848    i._sputc            mc_w.l(printf5.o)
    0x0800b5ce   0x00000012   Code   RO         2273    i.convert_from_bytes_to_power_of_two  sdcard.o
    0x0800b5e0   0x00000010   Code   RO         1551    i.delay             i2s_codec.o
    0x0800b5f0   0x00000028   Code   RO          584    i.main              main.o
    0x0800b618   0x00000110   Data   RO          693    .constdata          menu.o
    0x0800b728   0x000011d0   Data   RO         1054    .constdata          lcd.o
    0x0800c8f8   0x00000012   Data   RO         1296    .constdata          usb_desc.o
    0x0800c90a   0x00000020   Data   RO         1297    .constdata          usb_desc.o
    0x0800c92a   0x00000004   Data   RO         1298    .constdata          usb_desc.o
    0x0800c92e   0x00000026   Data   RO         1299    .constdata          usb_desc.o
    0x0800c954   0x00000026   Data   RO         1300    .constdata          usb_desc.o
    0x0800c97a   0x00000010   Data   RO         1301    .constdata          usb_desc.o
    0x0800c98a   0x00000014   Data   RO         4074    .constdata          stm32f10x_rcc.o
    0x0800c99e   0x00000002   PAD
    0x0800c9a0   0x00000105   Data   RO          694    .conststring        menu.o
    0x0800caa5   0x00000003   PAD
    0x0800caa8   0x00000045   Data   RO          695    .conststring        menu.o
    0x0800caed   0x00000003   PAD
    0x0800caf0   0x00000015   Data   RO          696    .conststring        menu.o
    0x0800cb05   0x00000003   PAD
    0x0800cb08   0x00000015   Data   RO          697    .conststring        menu.o
    0x0800cb1d   0x00000003   PAD
    0x0800cb20   0x00000015   Data   RO          698    .conststring        menu.o
    0x0800cb35   0x00000003   PAD
    0x0800cb38   0x0000002d   Data   RO          699    .conststring        menu.o
    0x0800cb65   0x00000003   PAD
    0x0800cb68   0x00000015   Data   RO          700    .conststring        menu.o
    0x0800cb7d   0x00000003   PAD
    0x0800cb80   0x00000015   Data   RO          702    .conststring        menu.o
    0x0800cb95   0x00000003   PAD
    0x0800cb98   0x00000015   Data   RO          704    .conststring        menu.o
    0x0800cbad   0x00000003   PAD
    0x0800cbb0   0x00000015   Data   RO          705    .conststring        menu.o
    0x0800cbc5   0x00000003   PAD
    0x0800cbc8   0x00000015   Data   RO          707    .conststring        menu.o
    0x0800cbdd   0x00000003   PAD
    0x0800cbe0   0x00000015   Data   RO          709    .conststring        menu.o
    0x0800cbf5   0x00000003   PAD
    0x0800cbf8   0x00000015   Data   RO          711    .conststring        menu.o
    0x0800cc0d   0x00000003   PAD
    0x0800cc10   0x0000002d   Data   RO          713    .conststring        menu.o
    0x0800cc3d   0x00000003   PAD
    0x0800cc40   0x00000015   Data   RO          714    .conststring        menu.o
    0x0800cc55   0x00000003   PAD
    0x0800cc58   0x0000002d   Data   RO          717    .conststring        menu.o
    0x0800cc85   0x00000003   PAD
    0x0800cc88   0x0000002d   Data   RO          719    .conststring        menu.o
    0x0800ccb5   0x00000003   PAD
    0x0800ccb8   0x00000015   Data   RO          721    .conststring        menu.o
    0x0800cccd   0x00000003   PAD
    0x0800ccd0   0x00000020   Data   RO         6011    Region$$Table       anon$$obj.o


    Execution Region RW_IRAM1 (Base: 0x20000000, Size: 0x00001a80, Max: 0x00010000, ABSOLUTE, COMPRESSED[0x00000474])

    Base Addr    Size         Type   Attr      Idx    E Section Name        Object

    0x20000000   0x0000000c   Data   RW           70    .data               stm32f10x_it.o
    0x2000000c   0x00000010   Data   RW          585    .data               main.o
    0x2000001c   0x000001ac   Data   RW          725    .data               menu.o
    0x200001c8   0x00000030   Data   RW          726    .data               menu.o
    0x200001f8   0x0000000c   Data   RW          727    .data               menu.o
    0x20000204   0x00000030   Data   RW          728    .data               menu.o
    0x20000234   0x0000000c   Data   RW          729    .data               menu.o
    0x20000240   0x00000030   Data   RW          730    .data               menu.o
    0x20000270   0x0000000c   Data   RW          731    .data               menu.o
    0x2000027c   0x00000030   Data   RW          732    .data               menu.o
    0x200002ac   0x0000000c   Data   RW          733    .data               menu.o
    0x200002b8   0x00000030   Data   RW          734    .data               menu.o
    0x200002e8   0x0000000c   Data   RW          735    .data               menu.o
    0x200002f4   0x00000020   Data   RW          736    .data               menu.o
    0x20000314   0x0000000c   Data   RW          737    .data               menu.o
    0x20000320   0x00000020   Data   RW          738    .data               menu.o
    0x20000340   0x0000000c   Data   RW          739    .data               menu.o
    0x2000034c   0x00000020   Data   RW          740    .data               menu.o
    0x2000036c   0x0000000c   Data   RW          741    .data               menu.o
    0x20000378   0x00000020   Data   RW          742    .data               menu.o
    0x20000398   0x0000000c   Data   RW          743    .data               menu.o
    0x200003a4   0x00000030   Data   RW          744    .data               menu.o
    0x200003d4   0x0000000c   Data   RW          745    .data               menu.o
    0x200003e0   0x00000020   Data   RW          746    .data               menu.o
    0x20000400   0x0000000c   Data   RW          747    .data               menu.o
    0x2000040c   0x00000030   Data   RW          748    .data               menu.o
    0x2000043c   0x0000000c   Data   RW          749    .data               menu.o
    0x20000448   0x00000030   Data   RW          750    .data               menu.o
    0x20000478   0x0000000c   Data   RW          751    .data               menu.o
    0x20000484   0x00000040   Data   RW          752    .data               menu.o
    0x200004c4   0x0000000c   Data   RW          753    .data               menu.o
    0x200004d0   0x00000020   Data   RW          754    .data               menu.o
    0x200004f0   0x0000000c   Data   RW          755    .data               menu.o
    0x200004fc   0x0000011c   Data   RW          911    .data               calendar.o
    0x20000618   0x00000004   Data   RW         1055    .data               lcd.o
    0x2000061c   0x0000001a   Data   RW         1302    .data               usb_desc.o
    0x20000636   0x00000002   PAD
    0x20000638   0x0000001c   Data   RW         1316    .data               usb_istr.o
    0x20000654   0x0000001c   Data   RW         1317    .data               usb_istr.o
    0x20000670   0x00000002   Data   RW         1318    .data               usb_istr.o
    0x20000672   0x00000002   PAD
    0x20000674   0x0000006c   Data   RW         1364    .data               usb_prop.o
    0x200006e0   0x00000002   Data   RW         1365    .data               usb_prop.o
    0x200006e2   0x00000002   PAD
    0x200006e4   0x00000024   Data   RW         1366    .data               usb_prop.o
    0x20000708   0x00000004   Data   RW         1468    .data               usb_pwr.o
    0x2000070c   0x00000038   Data   RW         1553    .data               i2s_codec.o
    0x20000744   0x00000119   Data   RW         1772    .data               waveplayer.o
    0x2000085d   0x00000003   PAD
    0x20000860   0x0000003c   Data   RW         1888    .data               lowpower.o
    0x2000089c   0x00000036   Data   RW         1948    .data               tsensor.o
    0x200008d2   0x00000002   PAD
    0x200008d4   0x0000001c   Data   RW         2107    .data               mass_mal.o
    0x200008f0   0x00000024   Data   RW         2139    .data               memory.o
    0x20000914   0x00000018   Data   RW         2174    .data               nand_if.o
    0x2000092c   0x00000005   Data   RW         2228    .data               scsi_data.o
    0x20000931   0x00000024   Data   RW         2229    .data               scsi_data.o
    0x20000955   0x00000024   Data   RW         2230    .data               scsi_data.o
    0x20000979   0x00000004   Data   RW         2231    .data               scsi_data.o
    0x2000097d   0x00000008   Data   RW         2232    .data               scsi_data.o
    0x20000985   0x00000012   Data   RW         2233    .data               scsi_data.o
    0x20000997   0x00000008   Data   RW         2234    .data               scsi_data.o
    0x2000099f   0x0000000c   Data   RW         2235    .data               scsi_data.o
    0x200009ab   0x00000001   PAD
    0x200009ac   0x00000028   Data   RW         2275    .data               sdcard.o
    0x200009d4   0x0000000c   Data   RW         2417    .data               usb_bot.o
    0x200009e0   0x00000064   Data   RW         2595    .data               smartcard.o
    0x20000a44   0x00000004   Data   RW         5514    .data               usb_core.o
    0x20000a48   0x00000001   Data   RW         5616    .data               usb_init.o
    0x20000a49   0x00000003   PAD
    0x20000a4c   0x0000000c   Data   RW         5617    .data               usb_init.o
    0x20000a58   0x00000002   Data   RW         5619    .data               usb_init.o
    0x20000a5a   0x00000004   Data   RW         5642    .data               usb_int.o
    0x20000a5e   0x00000002   PAD
    0x20000a60   0x00000010   Zero   RW          692    .bss                menu.o
    0x20000a70   0x0000007c   Zero   RW         1552    .bss                i2s_codec.o
    0x20000aec   0x00000050   Zero   RW         2106    .bss                mass_mal.o
    0x20000b3c   0x00000200   Zero   RW         2138    .bss                memory.o
    0x20000d3c   0x00000800   Zero   RW         2173    .bss                nand_if.o
    0x2000153c   0x00000064   Zero   RW         2274    .bss                sdcard.o
    0x200015a0   0x00000070   Zero   RW         2416    .bss                usb_bot.o
    0x20001610   0x00000054   Zero   RW         2594    .bss                smartcard.o
    0x20001664   0x0000001c   Zero   RW         5615    .bss                usb_init.o
    0x20001680   0x00000400   Zero   RW         5692    STACK               stm32f10x_vector.o


==============================================================================

Image component sizes


      Code (inc. data)   RO Data    RW Data    ZI Data      Debug   Object Name

      6110        752          0        284          0      17307   calendar.o
       122          0          0          0          0        376   cortexm3_macro.o
       944         72          0          0          0       7901   fsmc_nand.o
       308         26          0          0          0       2379   fsmc_nor.o
       230         32          0          0          0       4374   hw_config.o
      3048        304          0         56        124      25283   i2s_codec.o
      1342         68       4560          4          0      11523   lcd.o
      2776       1326          0         60          0       5825   lowpower.o
      1042         80          0         16          0       8108   main.o
       420         32          0         28         80       3764   mass_mal.o
       544        178          0          0          0       3605   mass_storage.o
       408         48          0         36        512       2876   memory.o
      5844       1404       1034       1248         16      17975   menu.o
      1258         34          0         24       2048       8326   nand_if.o
         0          0          0        127          0       1058   scsi_data.o
      4726        210          0         40        100      21199   sdcard.o
      1536         74          0        100         84       7281   smartcard.o
       234         10          0          0          0       5072   stm32f10x_adc.o
        50         12          0          0          0       1628   stm32f10x_bkp.o
       134         16          0          0          0       3393   stm32f10x_dma.o
       190         18          0          0          0       2790   stm32f10x_exti.o
        48         12          0          0          0       1089   stm32f10x_flash.o
       392         10          0          0          0       3244   stm32f10x_fsmc.o
       394         14          0          0          0       5380   stm32f10x_gpio.o
       422         14          0          0          0       9480   stm32f10x_i2c.o
      1296        254          0         12          0     321808   stm32f10x_it.o
       360         44          0          0          0       6246   stm32f10x_nvic.o
       108         28          0          0          0       2152   stm32f10x_pwr.o
       722        148         20          0          0      16710   stm32f10x_rcc.o
       244         58          0          0          0       6323   stm32f10x_rtc.o
       364         90          0          0          0      11067   stm32f10x_sdio.o
       342          4          0          0          0       5606   stm32f10x_spi.o
        92          0          0          0          0       2250   stm32f10x_systick.o
       238         18          0          0          0       7725   stm32f10x_tim.o
       538         16          0          0          0      10859   stm32f10x_usart.o
         8          4        304          0       1024        348   stm32f10x_vector.o
      1240        132          0         54          0       3473   tsensor.o
       774         66          0         12        112       5143   usb_bot.o
      2146        280          0          4          0      14907   usb_core.o
         0          0        146         26          0        960   usb_desc.o
         8          0          0          0          0        869   usb_endp.o
        40         18          0         15         28       4078   usb_init.o
       472         52          0          4          0       1950   usb_int.o
        72         18          0         58          0       4988   usb_istr.o
        76         12          0          0          0       1808   usb_mem.o
       626        136          0        146          0      12086   usb_prop.o
        76         14          0          4          0       2470   usb_pwr.o
       530        108          0          0          0       9162   usb_regs.o
       880        128          0          0          0       9637   usb_scsi.o
      1332         82          0        281          0       4464   waveplayer.o

    ----------------------------------------------------------------------
     45186       6456       6152       2656       4128     648325   Object Totals
         0          0         32          0          0          0   (incl. Generated)
        80          0         56         17          0          0   (incl. Padding)

    ----------------------------------------------------------------------

      Code (inc. data)   RO Data    RW Data    ZI Data      Debug   Library Member Name

        86          0          0          0          0          0   __dczerorl2.o
         0          0          0          0          0          0   entry.o
         0          0          0          0          0          0   entry10a.o
         0          0          0          0          0          0   entry11a.o
         8          4          0          0          0          0   entry2.o
         4          0          0          0          0          0   entry5.o
         0          0          0          0          0          0   entry7b.o
         0          0          0          0          0          0   entry8b.o
         8          4          0          0          0          0   entry9a.o
        30          0          0          0          0          0   handlers.o
        36          8          0          0          0         68   init.o
        30          0          0          0          0         68   llshl.o
        32          0          0          0          0         68   llushr.o
        36          0          0          0          0         68   memcpya.o
       754         52          0          0          0        252   printf5.o
        98          0          0          0          0         92   uldiv.o

    ----------------------------------------------------------------------
      1126         68          0          0          0        616   Library Totals
         4          0          0          0          0          0   (incl. Padding)

    ----------------------------------------------------------------------

      Code (inc. data)   RO Data    RW Data    ZI Data      Debug   Library Name

      1122         68          0          0          0        616   mc_w.l

    ----------------------------------------------------------------------
      1126         68          0          0          0        616   Library Totals

    ----------------------------------------------------------------------

==============================================================================


      Code (inc. data)   RO Data    RW Data    ZI Data      Debug   

     46312       6524       6152       2656       4128     623745   Grand Totals
     46312       6524       6152       1140       4128     623745   ELF Image Totals (compressed)
     46312       6524       6152       1140          0          0   ROM Totals

==============================================================================

    Total RO  Size (Code + RO Data)                52464 (  51.23kB)
    Total RW  Size (RW Data + ZI Data)              6784 (   6.63kB)
    Total ROM Size (Code + RO Data + RW Data)      53604 (  52.35kB)

==============================================================================

